Archive member included to satisfy reference by file (symbol)

c:/st/stm32cubeide_1.10.0/stm32cubeide/plugins/com.st.stm32cube.ide.mcu.externaltools.gnu-tools-for-stm32.10.3-2021.10.win32_1.0.0.202111181127/tools/bin/../lib/gcc/arm-none-eabi/10.3.1/../../../../arm-none-eabi/lib/thumb/v7e-m+fp/hard\libstdc++_nano.a(pure.o)
                              ./Core/Src/mainpp.o (__cxa_pure_virtual)
c:/st/stm32cubeide_1.10.0/stm32cubeide/plugins/com.st.stm32cube.ide.mcu.externaltools.gnu-tools-for-stm32.10.3-2021.10.win32_1.0.0.202111181127/tools/bin/../lib/gcc/arm-none-eabi/10.3.1/../../../../arm-none-eabi/lib/thumb/v7e-m+fp/hard\libstdc++_nano.a(eh_terminate.o)
                              c:/st/stm32cubeide_1.10.0/stm32cubeide/plugins/com.st.stm32cube.ide.mcu.externaltools.gnu-tools-for-stm32.10.3-2021.10.win32_1.0.0.202111181127/tools/bin/../lib/gcc/arm-none-eabi/10.3.1/../../../../arm-none-eabi/lib/thumb/v7e-m+fp/hard\libstdc++_nano.a(pure.o) (std::terminate())
c:/st/stm32cubeide_1.10.0/stm32cubeide/plugins/com.st.stm32cube.ide.mcu.externaltools.gnu-tools-for-stm32.10.3-2021.10.win32_1.0.0.202111181127/tools/bin/../lib/gcc/arm-none-eabi/10.3.1/../../../../arm-none-eabi/lib/thumb/v7e-m+fp/hard\libstdc++_nano.a(eh_unex_handler.o)
                              c:/st/stm32cubeide_1.10.0/stm32cubeide/plugins/com.st.stm32cube.ide.mcu.externaltools.gnu-tools-for-stm32.10.3-2021.10.win32_1.0.0.202111181127/tools/bin/../lib/gcc/arm-none-eabi/10.3.1/../../../../arm-none-eabi/lib/thumb/v7e-m+fp/hard\libstdc++_nano.a(eh_terminate.o) (__cxxabiv1::__unexpected_handler)
c:/st/stm32cubeide_1.10.0/stm32cubeide/plugins/com.st.stm32cube.ide.mcu.externaltools.gnu-tools-for-stm32.10.3-2021.10.win32_1.0.0.202111181127/tools/bin/../lib/gcc/arm-none-eabi/10.3.1/../../../../arm-none-eabi/lib/thumb/v7e-m+fp/hard\libstdc++_nano.a(eh_term_handler.o)
                              c:/st/stm32cubeide_1.10.0/stm32cubeide/plugins/com.st.stm32cube.ide.mcu.externaltools.gnu-tools-for-stm32.10.3-2021.10.win32_1.0.0.202111181127/tools/bin/../lib/gcc/arm-none-eabi/10.3.1/../../../../arm-none-eabi/lib/thumb/v7e-m+fp/hard\libstdc++_nano.a(eh_terminate.o) (__cxxabiv1::__terminate_handler)
c:/st/stm32cubeide_1.10.0/stm32cubeide/plugins/com.st.stm32cube.ide.mcu.externaltools.gnu-tools-for-stm32.10.3-2021.10.win32_1.0.0.202111181127/tools/bin/../lib/gcc/arm-none-eabi/10.3.1/../../../../arm-none-eabi/lib/thumb/v7e-m+fp/hard\libc_nano.a(lib_a-abort.o)
                              c:/st/stm32cubeide_1.10.0/stm32cubeide/plugins/com.st.stm32cube.ide.mcu.externaltools.gnu-tools-for-stm32.10.3-2021.10.win32_1.0.0.202111181127/tools/bin/../lib/gcc/arm-none-eabi/10.3.1/../../../../arm-none-eabi/lib/thumb/v7e-m+fp/hard\libstdc++_nano.a(eh_terminate.o) (abort)
c:/st/stm32cubeide_1.10.0/stm32cubeide/plugins/com.st.stm32cube.ide.mcu.externaltools.gnu-tools-for-stm32.10.3-2021.10.win32_1.0.0.202111181127/tools/bin/../lib/gcc/arm-none-eabi/10.3.1/../../../../arm-none-eabi/lib/thumb/v7e-m+fp/hard\libc_nano.a(lib_a-errno.o)
                              ./Core/Src/syscalls.o (__errno)
c:/st/stm32cubeide_1.10.0/stm32cubeide/plugins/com.st.stm32cube.ide.mcu.externaltools.gnu-tools-for-stm32.10.3-2021.10.win32_1.0.0.202111181127/tools/bin/../lib/gcc/arm-none-eabi/10.3.1/../../../../arm-none-eabi/lib/thumb/v7e-m+fp/hard\libc_nano.a(lib_a-exit.o)
                              c:/st/stm32cubeide_1.10.0/stm32cubeide/plugins/com.st.stm32cube.ide.mcu.externaltools.gnu-tools-for-stm32.10.3-2021.10.win32_1.0.0.202111181127/tools/bin/../lib/gcc/arm-none-eabi/10.3.1/../../../../arm-none-eabi/lib/thumb/v7e-m+fp/hard/crt0.o (exit)
c:/st/stm32cubeide_1.10.0/stm32cubeide/plugins/com.st.stm32cube.ide.mcu.externaltools.gnu-tools-for-stm32.10.3-2021.10.win32_1.0.0.202111181127/tools/bin/../lib/gcc/arm-none-eabi/10.3.1/../../../../arm-none-eabi/lib/thumb/v7e-m+fp/hard\libc_nano.a(lib_a-impure.o)
                              c:/st/stm32cubeide_1.10.0/stm32cubeide/plugins/com.st.stm32cube.ide.mcu.externaltools.gnu-tools-for-stm32.10.3-2021.10.win32_1.0.0.202111181127/tools/bin/../lib/gcc/arm-none-eabi/10.3.1/../../../../arm-none-eabi/lib/thumb/v7e-m+fp/hard\libc_nano.a(lib_a-exit.o) (_global_impure_ptr)
c:/st/stm32cubeide_1.10.0/stm32cubeide/plugins/com.st.stm32cube.ide.mcu.externaltools.gnu-tools-for-stm32.10.3-2021.10.win32_1.0.0.202111181127/tools/bin/../lib/gcc/arm-none-eabi/10.3.1/../../../../arm-none-eabi/lib/thumb/v7e-m+fp/hard\libc_nano.a(lib_a-init.o)
                              c:/st/stm32cubeide_1.10.0/stm32cubeide/plugins/com.st.stm32cube.ide.mcu.externaltools.gnu-tools-for-stm32.10.3-2021.10.win32_1.0.0.202111181127/tools/bin/../lib/gcc/arm-none-eabi/10.3.1/../../../../arm-none-eabi/lib/thumb/v7e-m+fp/hard/crt0.o (__libc_init_array)
[...]
Memory Configuration

Name             Origin             Length             Attributes
CCMRAM           0x0000000010000000 0x0000000000010000 xrw
RAM              0x0000000020000000 0x0000000000020000 xrw
FLASH            0x0000000008000000 0x0000000000100000 xr
*default*        0x0000000000000000 0xffffffffffffffff

Linker script and memory map

LOAD c:/st/stm32cubeide_1.10.0/stm32cubeide/plugins/com.st.stm32cube.ide.mcu.externaltools.gnu-tools-for-stm32.10.3-2021.10.win32_1.0.0.202111181127/tools/bin/../lib/gcc/arm-none-eabi/10.3.1/thumb/v7e-m+fp/hard/crti.o
LOAD c:/st/stm32cubeide_1.10.0/stm32cubeide/plugins/com.st.stm32cube.ide.mcu.externaltools.gnu-tools-for-stm32.10.3-2021.10.win32_1.0.0.202111181127/tools/bin/../lib/gcc/arm-none-eabi/10.3.1/thumb/v7e-m+fp/hard/crtbegin.o
LOAD c:/st/stm32cubeide_1.10.0/stm32cubeide/plugins/com.st.stm32cube.ide.mcu.externaltools.gnu-tools-for-stm32.10.3-2021.10.win32_1.0.0.202111181127/tools/bin/../lib/gcc/arm-none-eabi/10.3.1/../../../../arm-none-eabi/lib/thumb/v7e-m+fp/hard/crt0.o
LOAD ./Core/Src/duration.o
LOAD ./Core/Src/main.o
LOAD ./Core/Src/mainpp.o
LOAD ./Core/Src/stm32f4xx_hal_msp.o
LOAD ./Core/Src/stm32f4xx_it.o
LOAD ./Core/Src/syscalls.o
LOAD ./Core/Src/sysmem.o
LOAD ./Core/Src/system_stm32f4xx.o
LOAD ./Core/Src/time.o
LOAD ./Core/Startup/startup_stm32f407zgtx.o
LOAD ./Drivers/STM32F4xx_HAL_Driver/Src/stm32f4xx_hal.o
LOAD ./Drivers/STM32F4xx_HAL_Driver/Src/stm32f4xx_hal_cortex.o
LOAD ./Drivers/STM32F4xx_HAL_Driver/Src/stm32f4xx_hal_dma.o
LOAD ./Drivers/STM32F4xx_HAL_Driver/Src/stm32f4xx_hal_dma_ex.o
LOAD ./Drivers/STM32F4xx_HAL_Driver/Src/stm32f4xx_hal_exti.o
LOAD ./Drivers/STM32F4xx_HAL_Driver/Src/stm32f4xx_hal_flash.o
LOAD ./Drivers/STM32F4xx_HAL_Driver/Src/stm32f4xx_hal_flash_ex.o
LOAD ./Drivers/STM32F4xx_HAL_Driver/Src/stm32f4xx_hal_flash_ramfunc.o
LOAD ./Drivers/STM32F4xx_HAL_Driver/Src/stm32f4xx_hal_gpio.o
LOAD ./Drivers/STM32F4xx_HAL_Driver/Src/stm32f4xx_hal_pwr.o
LOAD ./Drivers/STM32F4xx_HAL_Driver/Src/stm32f4xx_hal_pwr_ex.o
LOAD ./Drivers/STM32F4xx_HAL_Driver/Src/stm32f4xx_hal_rcc.o
LOAD ./Drivers/STM32F4xx_HAL_Driver/Src/stm32f4xx_hal_rcc_ex.o
LOAD ./Drivers/STM32F4xx_HAL_Driver/Src/stm32f4xx_hal_tim.o
LOAD ./Drivers/STM32F4xx_HAL_Driver/Src/stm32f4xx_hal_tim_ex.o
LOAD ./Drivers/STM32F4xx_HAL_Driver/Src/stm32f4xx_hal_uart.o
START GROUP
LOAD c:/st/stm32cubeide_1.10.0/stm32cubeide/plugins/com.st.stm32cube.ide.mcu.externaltools.gnu-tools-for-stm32.10.3-2021.10.win32_1.0.0.202111181127/tools/bin/../lib/gcc/arm-none-eabi/10.3.1/../../../../arm-none-eabi/lib/thumb/v7e-m+fp/hard\libstdc++_nano.a
LOAD c:/st/stm32cubeide_1.10.0/stm32cubeide/plugins/com.st.stm32cube.ide.mcu.externaltools.gnu-tools-for-stm32.10.3-2021.10.win32_1.0.0.202111181127/tools/bin/../lib/gcc/arm-none-eabi/10.3.1/../../../../arm-none-eabi/lib/thumb/v7e-m+fp/hard\libsupc++_nano.a
END GROUP
LOAD c:/st/stm32cubeide_1.10.0/stm32cubeide/plugins/com.st.stm32cube.ide.mcu.externaltools.gnu-tools-for-stm32.10.3-2021.10.win32_1.0.0.202111181127/tools/bin/../lib/gcc/arm-none-eabi/10.3.1/../../../../arm-none-eabi/lib/thumb/v7e-m+fp/hard\libstdc++_nano.a
LOAD c:/st/stm32cubeide_1.10.0/stm32cubeide/plugins/com.st.stm32cube.ide.mcu.externaltools.gnu-tools-for-stm32.10.3-2021.10.win32_1.0.0.202111181127/tools/bin/../lib/gcc/arm-none-eabi/10.3.1/../../../../arm-none-eabi/lib/thumb/v7e-m+fp/hard\libm.a
LOAD c:/st/stm32cubeide_1.10.0/stm32cubeide/plugins/com.st.stm32cube.ide.mcu.externaltools.gnu-tools-for-stm32.10.3-2021.10.win32_1.0.0.202111181127/tools/bin/../lib/gcc/arm-none-eabi/10.3.1/../../../../arm-none-eabi/lib/thumb/v7e-m+fp/hard\libc_nano.a
START GROUP
LOAD c:/st/stm32cubeide_1.10.0/stm32cubeide/plugins/com.st.stm32cube.ide.mcu.externaltools.gnu-tools-for-stm32.10.3-2021.10.win32_1.0.0.202111181127/tools/bin/../lib/gcc/arm-none-eabi/10.3.1/thumb/v7e-m+fp/hard\libgcc.a
LOAD c:/st/stm32cubeide_1.10.0/stm32cubeide/plugins/com.st.stm32cube.ide.mcu.externaltools.gnu-tools-for-stm32.10.3-2021.10.win32_1.0.0.202111181127/tools/bin/../lib/gcc/arm-none-eabi/10.3.1/../../../../arm-none-eabi/lib/thumb/v7e-m+fp/hard\libc_nano.a
END GROUP
START GROUP
LOAD c:/st/stm32cubeide_1.10.0/stm32cubeide/plugins/com.st.stm32cube.ide.mcu.externaltools.gnu-tools-for-stm32.10.3-2021.10.win32_1.0.0.202111181127/tools/bin/../lib/gcc/arm-none-eabi/10.3.1/thumb/v7e-m+fp/hard\libgcc.a
LOAD c:/st/stm32cubeide_1.10.0/stm32cubeide/plugins/com.st.stm32cube.ide.mcu.externaltools.gnu-tools-for-stm32.10.3-2021.10.win32_1.0.0.202111181127/tools/bin/../lib/gcc/arm-none-eabi/10.3.1/../../../../arm-none-eabi/lib/thumb/v7e-m+fp/hard\libc_nano.a
LOAD c:/st/stm32cubeide_1.10.0/stm32cubeide/plugins/com.st.stm32cube.ide.mcu.externaltools.gnu-tools-for-stm32.10.3-2021.10.win32_1.0.0.202111181127/tools/bin/../lib/gcc/arm-none-eabi/10.3.1/../../../../arm-none-eabi/lib/thumb/v7e-m+fp/hard\libnosys.a
END GROUP
START GROUP
LOAD c:/st/stm32cubeide_1.10.0/stm32cubeide/plugins/com.st.stm32cube.ide.mcu.externaltools.gnu-tools-for-stm32.10.3-2021.10.win32_1.0.0.202111181127/tools/bin/../lib/gcc/arm-none-eabi/10.3.1/thumb/v7e-m+fp/hard\libgcc.a
LOAD c:/st/stm32cubeide_1.10.0/stm32cubeide/plugins/com.st.stm32cube.ide.mcu.externaltools.gnu-tools-for-stm32.10.3-2021.10.win32_1.0.0.202111181127/tools/bin/../lib/gcc/arm-none-eabi/10.3.1/../../../../arm-none-eabi/lib/thumb/v7e-m+fp/hard\libc_nano.a
LOAD c:/st/stm32cubeide_1.10.0/stm32cubeide/plugins/com.st.stm32cube.ide.mcu.externaltools.gnu-tools-for-stm32.10.3-2021.10.win32_1.0.0.202111181127/tools/bin/../lib/gcc/arm-none-eabi/10.3.1/../../../../arm-none-eabi/lib/thumb/v7e-m+fp/hard\libnosys.a
END GROUP
LOAD c:/st/stm32cubeide_1.10.0/stm32cubeide/plugins/com.st.stm32cube.ide.mcu.externaltools.gnu-tools-for-stm32.10.3-2021.10.win32_1.0.0.202111181127/tools/bin/../lib/gcc/arm-none-eabi/10.3.1/thumb/v7e-m+fp/hard/crtend.o
LOAD c:/st/stm32cubeide_1.10.0/stm32cubeide/plugins/com.st.stm32cube.ide.mcu.externaltools.gnu-tools-for-stm32.10.3-2021.10.win32_1.0.0.202111181127/tools/bin/../lib/gcc/arm-none-eabi/10.3.1/thumb/v7e-m+fp/hard/crtn.o
                0x0000000020020000                _estack = (ORIGIN (RAM) + LENGTH (RAM))
                0x0000000000000200                _Min_Heap_Size = 0x200
                0x0000000000000400                _Min_Stack_Size = 0x400

.isr_vector     0x0000000008000000      0x188
                0x0000000008000000                . = ALIGN (0x4)
 *(.isr_vector)
 .isr_vector    0x0000000008000000      0x188 ./Core/Startup/startup_stm32f407zgtx.o
                0x0000000008000000                g_pfnVectors
                0x0000000008000188                . = ALIGN (0x4)

.text           0x0000000008000188     0x53e4
                0x0000000008000188                . = ALIGN (0x4)
 *(.text)
 .text          0x0000000008000188       0x40 c:/st/stm32cubeide_1.10.0/stm32cubeide/plugins/com.st.stm32cube.ide.mcu.externaltools.gnu-tools-for-stm32.10.3-2021.10.win32_1.0.0.202111181127/tools/bin/../lib/gcc/arm-none-eabi/10.3.1/thumb/v7e-m+fp/hard/crtbegin.o
 .text          0x00000000080001c8       0x10 c:/st/stm32cubeide_1.10.0/stm32cubeide/plugins/com.st.stm32cube.ide.mcu.externaltools.gnu-tools-for-stm32.10.3-2021.10.win32_1.0.0.202111181127/tools/bin/../lib/gcc/arm-none-eabi/10.3.1/../../../../arm-none-eabi/lib/thumb/v7e-m+fp/hard\libc_nano.a(lib_a-strlen.o)
                0x00000000080001c8                strlen
 .text          0x00000000080001d8       0x30 c:/st/stm32cubeide_1.10.0/stm32cubeide/plugins/com.st.stm32cube.ide.mcu.externaltools.gnu-tools-for-stm32.10.3-2021.10.win32_1.0.0.202111181127/tools/bin/../lib/gcc/arm-none-eabi/10.3.1/thumb/v7e-m+fp/hard\libgcc.a(_aeabi_uldivmod.o)
                0x00000000080001d8                __aeabi_uldivmod
 .text          0x0000000008000208      0x2d0 c:/st/stm32cubeide_1.10.0/stm32cubeide/plugins/com.st.stm32cube.ide.mcu.externaltools.gnu-tools-for-stm32.10.3-2021.10.win32_1.0.0.202111181127/tools/bin/../lib/gcc/arm-none-eabi/10.3.1/thumb/v7e-m+fp/hard\libgcc.a(_udivmoddi4.o)
                0x0000000008000208                __udivmoddi4
 .text          0x00000000080004d8        0x4 c:/st/stm32cubeide_1.10.0/stm32cubeide/plugins/com.st.stm32cube.ide.mcu.externaltools.gnu-tools-for-stm32.10.3-2021.10.win32_1.0.0.202111181127/tools/bin/../lib/gcc/arm-none-eabi/10.3.1/thumb/v7e-m+fp/hard\libgcc.a(_dvmd_tls.o)
                0x00000000080004d8                __aeabi_idiv0
                0x00000000080004d8                __aeabi_ldiv0
 *(.text*)
 .text.main     0x00000000080004dc       0x22 ./Core/Src/main.o
                0x00000000080004dc                main
 *fill*         0x00000000080004fe        0x2 
 .text.SystemClock_Config
                0x0000000008000500       0xbc ./Core/Src/main.o
                0x0000000008000500                SystemClock_Config
 .text.MX_USART1_UART_Init
                0x00000000080005bc       0x54 ./Core/Src/main.o
 .text.MX_DMA_Init
                0x0000000008000610       0x50 ./Core/Src/main.o
 .text.MX_GPIO_Init
                0x0000000008000660       0x34 ./Core/Src/main.o
 .text.Error_Handler
                0x0000000008000694        0xa ./Core/Src/main.o
                0x0000000008000694                Error_Handler
 .text._ZN3ros4TimeC2Ev
                0x000000000800069e       0x22 ./Core/Src/mainpp.o
                0x000000000800069e                ros::Time::Time()
                0x000000000800069e                ros::Time::Time()
 .text._ZN3ros3MsgC2Ev
                0x00000000080006c0       0x20 ./Core/Src/mainpp.o
                0x00000000080006c0                ros::Msg::Msg()
                0x00000000080006c0                ros::Msg::Msg()
 .text._ZN8std_msgs4TimeC2Ev
                0x00000000080006e0       0x30 ./Core/Src/mainpp.o
                0x00000000080006e0                std_msgs::Time::Time()
                0x00000000080006e0                std_msgs::Time::Time()
 .text._ZNK8std_msgs4Time9serializeEPh
                0x0000000008000710       0xb0 ./Core/Src/mainpp.o
                0x0000000008000710                std_msgs::Time::serialize(unsigned char*) const
 .text._ZN8std_msgs4Time11deserializeEPh
                0x00000000080007c0       0xc8 ./Core/Src/mainpp.o
                0x00000000080007c0                std_msgs::Time::deserialize(unsigned char*)
 .text._ZN8std_msgs4Time7getTypeEv
                0x0000000008000888       0x1c ./Core/Src/mainpp.o
                0x0000000008000888                std_msgs::Time::getType()
 .text._ZN8std_msgs4Time6getMD5Ev
                0x00000000080008a4       0x1c ./Core/Src/mainpp.o
                0x00000000080008a4                std_msgs::Time::getMD5()
 .text._ZN14rosserial_msgs9TopicInfoC2Ev
                0x00000000080008c0       0x48 ./Core/Src/mainpp.o
                0x00000000080008c0                rosserial_msgs::TopicInfo::TopicInfo()
                0x00000000080008c0                rosserial_msgs::TopicInfo::TopicInfo()
 .text._ZNK14rosserial_msgs9TopicInfo9serializeEPh
                0x0000000008000908      0x136 ./Core/Src/mainpp.o
                0x0000000008000908                rosserial_msgs::TopicInfo::serialize(unsigned char*) const
 .text._ZN14rosserial_msgs9TopicInfo11deserializeEPh
                0x0000000008000a3e      0x1d0 ./Core/Src/mainpp.o
                0x0000000008000a3e                rosserial_msgs::TopicInfo::deserialize(unsigned char*)
 *fill*         0x0000000008000c0e        0x2 
 .text._ZN14rosserial_msgs9TopicInfo7getTypeEv
                0x0000000008000c10       0x1c ./Core/Src/mainpp.o
                0x0000000008000c10                rosserial_msgs::TopicInfo::getType()
 .text._ZN14rosserial_msgs9TopicInfo6getMD5Ev
                0x0000000008000c2c       0x1c ./Core/Src/mainpp.o
                0x0000000008000c2c                rosserial_msgs::TopicInfo::getMD5()
 .text._ZN14rosserial_msgs3LogC2Ev
                0x0000000008000c48       0x34 ./Core/Src/mainpp.o
                0x0000000008000c48                rosserial_msgs::Log::Log()
                0x0000000008000c48                rosserial_msgs::Log::Log()
 .text._ZNK14rosserial_msgs3Log9serializeEPh
                0x0000000008000c7c       0x64 ./Core/Src/mainpp.o
                0x0000000008000c7c                rosserial_msgs::Log::serialize(unsigned char*) const
 .text._ZN14rosserial_msgs3Log11deserializeEPh
                0x0000000008000ce0       0x90 ./Core/Src/mainpp.o
                0x0000000008000ce0                rosserial_msgs::Log::deserialize(unsigned char*)
 .text._ZN14rosserial_msgs3Log7getTypeEv
                0x0000000008000d70       0x1c ./Core/Src/mainpp.o
                0x0000000008000d70                rosserial_msgs::Log::getType()
 .text._ZN14rosserial_msgs3Log6getMD5Ev
                0x0000000008000d8c       0x1c ./Core/Src/mainpp.o
                0x0000000008000d8c                rosserial_msgs::Log::getMD5()
 .text._ZN14rosserial_msgs20RequestParamResponseC2Ev
                0x0000000008000da8       0x5c ./Core/Src/mainpp.o
                0x0000000008000da8                rosserial_msgs::RequestParamResponse::RequestParamResponse()
                0x0000000008000da8                rosserial_msgs::RequestParamResponse::RequestParamResponse()
 .text._ZNK14rosserial_msgs20RequestParamResponse9serializeEPh
                0x0000000008000e04      0x222 ./Core/Src/mainpp.o
                0x0000000008000e04                rosserial_msgs::RequestParamResponse::serialize(unsigned char*) const
 .text._ZN14rosserial_msgs20RequestParamResponse11deserializeEPh
                0x0000000008001026      0x2e2 ./Core/Src/mainpp.o
                0x0000000008001026                rosserial_msgs::RequestParamResponse::deserialize(unsigned char*)
 .text._ZN14rosserial_msgs20RequestParamResponse7getTypeEv
                0x0000000008001308       0x1c ./Core/Src/mainpp.o
                0x0000000008001308                rosserial_msgs::RequestParamResponse::getType()
 .text._ZN14rosserial_msgs20RequestParamResponse6getMD5Ev
                0x0000000008001324       0x1c ./Core/Src/mainpp.o
                0x0000000008001324                rosserial_msgs::RequestParamResponse::getMD5()
 .text._ZN3ros9PublisherC2EPKcPNS_3MsgEi
                0x0000000008001340       0x2e ./Core/Src/mainpp.o
                0x0000000008001340                ros::Publisher::Publisher(char const*, ros::Msg*, int)
                0x0000000008001340                ros::Publisher::Publisher(char const*, ros::Msg*, int)
 .text._ZN3ros9Publisher7publishEPKNS_3MsgE
                0x000000000800136e       0x28 ./Core/Src/mainpp.o
                0x000000000800136e                ros::Publisher::publish(ros::Msg const*)
 .text._ZN3ros9Publisher15getEndpointTypeEv
                0x0000000008001396       0x18 ./Core/Src/mainpp.o
                0x0000000008001396                ros::Publisher::getEndpointType()
 .text._ZN13STM32Hardware10getRdmaIndEv
                0x00000000080013ae       0x26 ./Core/Src/mainpp.o
                0x00000000080013ae                STM32Hardware::getRdmaInd()
 .text._ZN13STM32HardwareC2Ev
                0x00000000080013d4       0x38 ./Core/Src/mainpp.o
                0x00000000080013d4                STM32Hardware::STM32Hardware()
                0x00000000080013d4                STM32Hardware::STM32Hardware()
 .text._ZN13STM32Hardware4initEv
                0x000000000800140c       0x16 ./Core/Src/mainpp.o
                0x000000000800140c                STM32Hardware::init()
 .text._ZN13STM32Hardware10reset_rbufEv
                0x0000000008001422       0x22 ./Core/Src/mainpp.o
                0x0000000008001422                STM32Hardware::reset_rbuf()
 .text._ZN13STM32Hardware4readEv
                0x0000000008001444       0x5a ./Core/Src/mainpp.o
                0x0000000008001444                STM32Hardware::read()
 *fill*         0x000000000800149e        0x2 
 .text._ZN13STM32Hardware5flushEv
                0x00000000080014a0       0xbc ./Core/Src/mainpp.o
                0x00000000080014a0                STM32Hardware::flush()
 .text._ZN13STM32Hardware5writeEPhi
                0x000000000800155c       0x8c ./Core/Src/mainpp.o
                0x000000000800155c                STM32Hardware::write(unsigned char*, int)
 .text._ZN13STM32Hardware4timeEv
                0x00000000080015e8       0x16 ./Core/Src/mainpp.o
                0x00000000080015e8                STM32Hardware::time()
 *fill*         0x00000000080015fe        0x2 
 .text._ZN8std_msgs6StringC2Ev
                0x0000000008001600       0x30 ./Core/Src/mainpp.o
                0x0000000008001600                std_msgs::String::String()
                0x0000000008001600                std_msgs::String::String()
 .text._ZNK8std_msgs6String9serializeEPh
                0x0000000008001630       0x52 ./Core/Src/mainpp.o
                0x0000000008001630                std_msgs::String::serialize(unsigned char*) const
 .text._ZN8std_msgs6String11deserializeEPh
                0x0000000008001682       0x7e ./Core/Src/mainpp.o
                0x0000000008001682                std_msgs::String::deserialize(unsigned char*)
 .text._ZN8std_msgs6String7getTypeEv
                0x0000000008001700       0x1c ./Core/Src/mainpp.o
                0x0000000008001700                std_msgs::String::getType()
 .text._ZN8std_msgs6String6getMD5Ev
                0x000000000800171c       0x1c ./Core/Src/mainpp.o
                0x000000000800171c                std_msgs::String::getMD5()
 .text._ZN3ros15NodeHandleBase_C2Ev
                0x0000000008001738       0x20 ./Core/Src/mainpp.o
                0x0000000008001738                ros::NodeHandleBase_::NodeHandleBase_()
                0x0000000008001738                ros::NodeHandleBase_::NodeHandleBase_()
 .text._ZN3ros11NodeHandle_I13STM32HardwareLi25ELi25ELi512ELi512EEC2Ev
                0x0000000008001758       0xf0 ./Core/Src/mainpp.o
                0x0000000008001758                ros::NodeHandle_<STM32Hardware, 25, 25, 512, 512>::NodeHandle_()
                0x0000000008001758                ros::NodeHandle_<STM32Hardware, 25, 25, 512, 512>::NodeHandle_()
 .text.HAL_UART_TxCpltCallback
                0x0000000008001848       0x24 ./Core/Src/mainpp.o
                0x0000000008001848                HAL_UART_TxCpltCallback
 .text.HAL_UART_RxCpltCallback
                0x000000000800186c       0x24 ./Core/Src/mainpp.o
                0x000000000800186c                HAL_UART_RxCpltCallback
 .text.setup    0x0000000008001890       0x20 ./Core/Src/mainpp.o
                0x0000000008001890                setup
 .text.loop     0x00000000080018b0       0x34 ./Core/Src/mainpp.o
                0x00000000080018b0                loop
 .text._ZN3ros3Msg8varToArrIPhmEEvT_T0_
                0x00000000080018e4       0x3c ./Core/Src/mainpp.o
                0x00000000080018e4                void ros::Msg::varToArr<unsigned char*, unsigned long>(unsigned char*, unsigned long)
 .text._ZN3ros3Msg8arrToVarImPhEEvRT_T0_
                0x0000000008001920       0x4a ./Core/Src/mainpp.o
                0x0000000008001920                void ros::Msg::arrToVar<unsigned long, unsigned char*>(unsigned long&, unsigned char*)
 .text._ZN3ros11NodeHandle_I13STM32HardwareLi25ELi25ELi512ELi512EE11getHardwareEv
                0x000000000800196a       0x18 ./Core/Src/mainpp.o
                0x000000000800196a                ros::NodeHandle_<STM32Hardware, 25, 25, 512, 512>::getHardware()
 .text._ZN3ros11NodeHandle_I13STM32HardwareLi25ELi25ELi512ELi512EE8initNodeEv
                0x0000000008001982       0x3a ./Core/Src/mainpp.o
                0x0000000008001982                ros::NodeHandle_<STM32Hardware, 25, 25, 512, 512>::initNode()
 .text._ZN3ros11NodeHandle_I13STM32HardwareLi25ELi25ELi512ELi512EE9advertiseERNS_9PublisherE
                0x00000000080019bc       0x60 ./Core/Src/mainpp.o
                0x00000000080019bc                ros::NodeHandle_<STM32Hardware, 25, 25, 512, 512>::advertise(ros::Publisher&)
 .text._ZN3ros11NodeHandle_I13STM32HardwareLi25ELi25ELi512ELi512EE8spinOnceEv
                0x0000000008001a1c      0x3b2 ./Core/Src/mainpp.o
                0x0000000008001a1c                ros::NodeHandle_<STM32Hardware, 25, 25, 512, 512>::spinOnce()
 .text._ZN3ros11NodeHandle_I13STM32HardwareLi25ELi25ELi512ELi512EE15requestSyncTimeEv
                0x0000000008001dce       0x3c ./Core/Src/mainpp.o
                0x0000000008001dce                ros::NodeHandle_<STM32Hardware, 25, 25, 512, 512>::requestSyncTime()
 .text._ZN3ros11NodeHandle_I13STM32HardwareLi25ELi25ELi512ELi512EE15negotiateTopicsEv
                0x0000000008001e0a      0x1be ./Core/Src/mainpp.o
                0x0000000008001e0a                ros::NodeHandle_<STM32Hardware, 25, 25, 512, 512>::negotiateTopics()
 .text._ZN3ros11NodeHandle_I13STM32HardwareLi25ELi25ELi512ELi512EE8syncTimeEPh
                0x0000000008001fc8       0x98 ./Core/Src/mainpp.o
                0x0000000008001fc8                ros::NodeHandle_<STM32Hardware, 25, 25, 512, 512>::syncTime(unsigned char*)
 .text._ZN3ros11NodeHandle_I13STM32HardwareLi25ELi25ELi512ELi512EE7publishEiPKNS_3MsgE
                0x0000000008002060      0x128 ./Core/Src/mainpp.o
                0x0000000008002060                ros::NodeHandle_<STM32Hardware, 25, 25, 512, 512>::publish(int, ros::Msg const*)
 .text._ZN3ros11NodeHandle_I13STM32HardwareLi25ELi25ELi512ELi512EE6setNowERKNS_4TimeE
                0x0000000008002188       0x80 ./Core/Src/mainpp.o
                0x0000000008002188                ros::NodeHandle_<STM32Hardware, 25, 25, 512, 512>::setNow(ros::Time const&)
 .text._ZN3ros11NodeHandle_I13STM32HardwareLi25ELi25ELi512ELi512EE8logerrorEPKc
                0x0000000008002208       0x1c ./Core/Src/mainpp.o
                0x0000000008002208                ros::NodeHandle_<STM32Hardware, 25, 25, 512, 512>::logerror(char const*)
 .text._ZN3ros11NodeHandle_I13STM32HardwareLi25ELi25ELi512ELi512EE3logEcPKc
                0x0000000008002224       0x38 ./Core/Src/mainpp.o
                0x0000000008002224                ros::NodeHandle_<STM32Hardware, 25, 25, 512, 512>::log(char, char const*)
 .text._Z41__static_initialization_and_destruction_0ii
                0x000000000800225c       0x4c ./Core/Src/mainpp.o
 .text._ZN3ros11NodeHandle_I13STM32HardwareLi25ELi25ELi512ELi512EE9connectedEv
                0x00000000080022a8       0x1a ./Core/Src/mainpp.o
                0x00000000080022a8                ros::NodeHandle_<STM32Hardware, 25, 25, 512, 512>::connected()
 .text._GLOBAL__sub_I_nh
                0x00000000080022c2       0x10 ./Core/Src/mainpp.o
 *fill*         0x00000000080022d2        0x2 
 .text.HAL_MspInit
                0x00000000080022d4       0x50 ./Core/Src/stm32f4xx_hal_msp.o
                0x00000000080022d4                HAL_MspInit
 .text.HAL_UART_MspInit
                0x0000000008002324      0x170 ./Core/Src/stm32f4xx_hal_msp.o
                0x0000000008002324                HAL_UART_MspInit
 .text.NMI_Handler
                0x0000000008002494        0x6 ./Core/Src/stm32f4xx_it.o
                0x0000000008002494                NMI_Handler
 .text.HardFault_Handler
                0x000000000800249a        0x6 ./Core/Src/stm32f4xx_it.o
                0x000000000800249a                HardFault_Handler
 .text.MemManage_Handler
                0x00000000080024a0        0x6 ./Core/Src/stm32f4xx_it.o
                0x00000000080024a0                MemManage_Handler
 .text.BusFault_Handler
                0x00000000080024a6        0x6 ./Core/Src/stm32f4xx_it.o
                0x00000000080024a6                BusFault_Handler
 .text.UsageFault_Handler
                0x00000000080024ac        0x6 ./Core/Src/stm32f4xx_it.o
                0x00000000080024ac                UsageFault_Handler
 .text.SVC_Handler
                0x00000000080024b2        0xe ./Core/Src/stm32f4xx_it.o
                0x00000000080024b2                SVC_Handler
 .text.DebugMon_Handler
                0x00000000080024c0        0xe ./Core/Src/stm32f4xx_it.o
                0x00000000080024c0                DebugMon_Handler
 .text.PendSV_Handler
                0x00000000080024ce        0xe ./Core/Src/stm32f4xx_it.o
                0x00000000080024ce                PendSV_Handler
 .text.SysTick_Handler
                0x00000000080024dc        0xc ./Core/Src/stm32f4xx_it.o
                0x00000000080024dc                SysTick_Handler
 .text.USART1_IRQHandler
                0x00000000080024e8       0x14 ./Core/Src/stm32f4xx_it.o
                0x00000000080024e8                USART1_IRQHandler
 .text.DMA2_Stream2_IRQHandler
                0x00000000080024fc       0x14 ./Core/Src/stm32f4xx_it.o
                0x00000000080024fc                DMA2_Stream2_IRQHandler
 .text.DMA2_Stream7_IRQHandler
                0x0000000008002510       0x14 ./Core/Src/stm32f4xx_it.o
                0x0000000008002510                DMA2_Stream7_IRQHandler
 .text._getpid  0x0000000008002524       0x10 ./Core/Src/syscalls.o
                0x0000000008002524                _getpid
 .text._kill    0x0000000008002534       0x20 ./Core/Src/syscalls.o
                0x0000000008002534                _kill
 .text._exit    0x0000000008002554       0x14 ./Core/Src/syscalls.o
                0x0000000008002554                _exit
 .text._sbrk    0x0000000008002568       0x6c ./Core/Src/sysmem.o
                0x0000000008002568                _sbrk
 .text.SystemInit
                0x00000000080025d4       0x24 ./Core/Src/system_stm32f4xx.o
                0x00000000080025d4                SystemInit
 .text._ZN3ros16normalizeSecNSecERmS0_
                0x00000000080025f8       0x58 ./Core/Src/time.o
                0x00000000080025f8                ros::normalizeSecNSec(unsigned long&, unsigned long&)
 .text.Reset_Handler
                0x0000000008002650       0x50 ./Core/Startup/startup_stm32f407zgtx.o
                0x0000000008002650                Reset_Handler
 .text.Default_Handler
                0x00000000080026a0        0x2 ./Core/Startup/startup_stm32f407zgtx.o
                0x00000000080026a0                RTC_Alarm_IRQHandler
                0x00000000080026a0                HASH_RNG_IRQHandler
                0x00000000080026a0                EXTI2_IRQHandler
                0x00000000080026a0                TIM8_CC_IRQHandler
                0x00000000080026a0                TIM1_CC_IRQHandler
                0x00000000080026a0                DMA2_Stream5_IRQHandler
                0x00000000080026a0                DMA1_Stream5_IRQHandler
                0x00000000080026a0                PVD_IRQHandler
                0x00000000080026a0                SDIO_IRQHandler
                0x00000000080026a0                TAMP_STAMP_IRQHandler
                0x00000000080026a0                CAN2_RX1_IRQHandler
                0x00000000080026a0                EXTI3_IRQHandler
                0x00000000080026a0                TIM8_TRG_COM_TIM14_IRQHandler
                0x00000000080026a0                TIM1_UP_TIM10_IRQHandler
                0x00000000080026a0                TIM8_UP_TIM13_IRQHandler
                0x00000000080026a0                I2C3_ER_IRQHandler
                0x00000000080026a0                EXTI0_IRQHandler
                0x00000000080026a0                I2C2_EV_IRQHandler
                0x00000000080026a0                DMA1_Stream2_IRQHandler
                0x00000000080026a0                CAN1_RX0_IRQHandler
                0x00000000080026a0                FPU_IRQHandler
                0x00000000080026a0                OTG_HS_WKUP_IRQHandler
                0x00000000080026a0                CAN2_SCE_IRQHandler
                0x00000000080026a0                SPI1_IRQHandler
                0x00000000080026a0                TIM6_DAC_IRQHandler
                0x00000000080026a0                TIM1_BRK_TIM9_IRQHandler
                0x00000000080026a0                DCMI_IRQHandler
                0x00000000080026a0                CAN2_RX0_IRQHandler
                0x00000000080026a0                DMA2_Stream3_IRQHandler
                0x00000000080026a0                USART6_IRQHandler
                0x00000000080026a0                USART3_IRQHandler
                0x00000000080026a0                CAN1_RX1_IRQHandler
                0x00000000080026a0                UART5_IRQHandler
                0x00000000080026a0                DMA2_Stream0_IRQHandler
                0x00000000080026a0                TIM4_IRQHandler
                0x00000000080026a0                I2C1_EV_IRQHandler
                0x00000000080026a0                DMA1_Stream6_IRQHandler
                0x00000000080026a0                DMA1_Stream1_IRQHandler
                0x00000000080026a0                UART4_IRQHandler
                0x00000000080026a0                TIM3_IRQHandler
                0x00000000080026a0                RCC_IRQHandler
                0x00000000080026a0                TIM8_BRK_TIM12_IRQHandler
                0x00000000080026a0                Default_Handler
                0x00000000080026a0                EXTI15_10_IRQHandler
                0x00000000080026a0                ADC_IRQHandler
                0x00000000080026a0                DMA1_Stream7_IRQHandler
                0x00000000080026a0                TIM7_IRQHandler
                0x00000000080026a0                CAN2_TX_IRQHandler
                0x00000000080026a0                TIM5_IRQHandler
                0x00000000080026a0                I2C3_EV_IRQHandler
                0x00000000080026a0                EXTI9_5_IRQHandler
                0x00000000080026a0                RTC_WKUP_IRQHandler
                0x00000000080026a0                ETH_WKUP_IRQHandler
                0x00000000080026a0                SPI2_IRQHandler
                0x00000000080026a0                OTG_HS_EP1_IN_IRQHandler
                0x00000000080026a0                DMA1_Stream0_IRQHandler
                0x00000000080026a0                CAN1_TX_IRQHandler
                0x00000000080026a0                EXTI4_IRQHandler
                0x00000000080026a0                FSMC_IRQHandler
                0x00000000080026a0                ETH_IRQHandler
                0x00000000080026a0                OTG_HS_EP1_OUT_IRQHandler
                0x00000000080026a0                WWDG_IRQHandler
                0x00000000080026a0                TIM2_IRQHandler
                0x00000000080026a0                OTG_FS_WKUP_IRQHandler
                0x00000000080026a0                TIM1_TRG_COM_TIM11_IRQHandler
                0x00000000080026a0                OTG_HS_IRQHandler
                0x00000000080026a0                EXTI1_IRQHandler
                0x00000000080026a0                USART2_IRQHandler
                0x00000000080026a0                I2C2_ER_IRQHandler
                0x00000000080026a0                DMA2_Stream1_IRQHandler
                0x00000000080026a0                CAN1_SCE_IRQHandler
                0x00000000080026a0                FLASH_IRQHandler
                0x00000000080026a0                DMA2_Stream4_IRQHandler
                0x00000000080026a0                OTG_FS_IRQHandler
                0x00000000080026a0                SPI3_IRQHandler
                0x00000000080026a0                DMA1_Stream4_IRQHandler
                0x00000000080026a0                I2C1_ER_IRQHandler
                0x00000000080026a0                DMA2_Stream6_IRQHandler
                0x00000000080026a0                DMA1_Stream3_IRQHandler
 *fill*         0x00000000080026a2        0x2 
 .text.HAL_Init
                0x00000000080026a4       0x44 ./Drivers/STM32F4xx_HAL_Driver/Src/stm32f4xx_hal.o
                0x00000000080026a4                HAL_Init
 .text.HAL_InitTick
                0x00000000080026e8       0x60 ./Drivers/STM32F4xx_HAL_Driver/Src/stm32f4xx_hal.o
                0x00000000080026e8                HAL_InitTick
 .text.HAL_IncTick
                0x0000000008002748       0x28 ./Drivers/STM32F4xx_HAL_Driver/Src/stm32f4xx_hal.o
                0x0000000008002748                HAL_IncTick
 .text.HAL_GetTick
                0x0000000008002770       0x18 ./Drivers/STM32F4xx_HAL_Driver/Src/stm32f4xx_hal.o
                0x0000000008002770                HAL_GetTick
 .text.HAL_Delay
                0x0000000008002788       0x48 ./Drivers/STM32F4xx_HAL_Driver/Src/stm32f4xx_hal.o
                0x0000000008002788                HAL_Delay
 .text.__NVIC_SetPriorityGrouping
                0x00000000080027d0       0x48 ./Drivers/STM32F4xx_HAL_Driver/Src/stm32f4xx_hal_cortex.o
 .text.__NVIC_GetPriorityGrouping
                0x0000000008002818       0x1c ./Drivers/STM32F4xx_HAL_Driver/Src/stm32f4xx_hal_cortex.o
 .text.__NVIC_EnableIRQ
                0x0000000008002834       0x3c ./Drivers/STM32F4xx_HAL_Driver/Src/stm32f4xx_hal_cortex.o
 .text.__NVIC_SetPriority
                0x0000000008002870       0x54 ./Drivers/STM32F4xx_HAL_Driver/Src/stm32f4xx_hal_cortex.o
 .text.NVIC_EncodePriority
                0x00000000080028c4       0x66 ./Drivers/STM32F4xx_HAL_Driver/Src/stm32f4xx_hal_cortex.o
 *fill*         0x000000000800292a        0x2 
 .text.SysTick_Config
                0x000000000800292c       0x44 ./Drivers/STM32F4xx_HAL_Driver/Src/stm32f4xx_hal_cortex.o
 .text.HAL_NVIC_SetPriorityGrouping
                0x0000000008002970       0x16 ./Drivers/STM32F4xx_HAL_Driver/Src/stm32f4xx_hal_cortex.o
                0x0000000008002970                HAL_NVIC_SetPriorityGrouping
 .text.HAL_NVIC_SetPriority
                0x0000000008002986       0x38 ./Drivers/STM32F4xx_HAL_Driver/Src/stm32f4xx_hal_cortex.o
                0x0000000008002986                HAL_NVIC_SetPriority
 .text.HAL_NVIC_EnableIRQ
                0x00000000080029be       0x1c ./Drivers/STM32F4xx_HAL_Driver/Src/stm32f4xx_hal_cortex.o
                0x00000000080029be                HAL_NVIC_EnableIRQ
 .text.HAL_SYSTICK_Config
                0x00000000080029da       0x18 ./Drivers/STM32F4xx_HAL_Driver/Src/stm32f4xx_hal_cortex.o
                0x00000000080029da                HAL_SYSTICK_Config
 *fill*         0x00000000080029f2        0x2 
 .text.HAL_DMA_Init
                0x00000000080029f4      0x15c ./Drivers/STM32F4xx_HAL_Driver/Src/stm32f4xx_hal_dma.o
                0x00000000080029f4                HAL_DMA_Init
 .text.HAL_DMA_Start_IT
                0x0000000008002b50       0xb0 ./Drivers/STM32F4xx_HAL_Driver/Src/stm32f4xx_hal_dma.o
                0x0000000008002b50                HAL_DMA_Start_IT
 .text.HAL_DMA_Abort
                0x0000000008002c00       0xe0 ./Drivers/STM32F4xx_HAL_Driver/Src/stm32f4xx_hal_dma.o
                0x0000000008002c00                HAL_DMA_Abort
 .text.HAL_DMA_Abort_IT
                0x0000000008002ce0       0x44 ./Drivers/STM32F4xx_HAL_Driver/Src/stm32f4xx_hal_dma.o
                0x0000000008002ce0                HAL_DMA_Abort_IT
 .text.HAL_DMA_IRQHandler
                0x0000000008002d24      0x314 ./Drivers/STM32F4xx_HAL_Driver/Src/stm32f4xx_hal_dma.o
                0x0000000008002d24                HAL_DMA_IRQHandler
 .text.DMA_SetConfig
                0x0000000008003038       0x5c ./Drivers/STM32F4xx_HAL_Driver/Src/stm32f4xx_hal_dma.o
 .text.DMA_CalcBaseAndBitshift
                0x0000000008003094       0x6c ./Drivers/STM32F4xx_HAL_Driver/Src/stm32f4xx_hal_dma.o
 .text.DMA_CheckFifoParam
                0x0000000008003100       0xf8 ./Drivers/STM32F4xx_HAL_Driver/Src/stm32f4xx_hal_dma.o
 .text.HAL_GPIO_Init
                0x00000000080031f8      0x338 ./Drivers/STM32F4xx_HAL_Driver/Src/stm32f4xx_hal_gpio.o
                0x00000000080031f8                HAL_GPIO_Init
 .text.HAL_RCC_OscConfig
                0x0000000008003530      0x4f0 ./Drivers/STM32F4xx_HAL_Driver/Src/stm32f4xx_hal_rcc.o
                0x0000000008003530                HAL_RCC_OscConfig
 .text.HAL_RCC_ClockConfig
                0x0000000008003a20      0x1cc ./Drivers/STM32F4xx_HAL_Driver/Src/stm32f4xx_hal_rcc.o
                0x0000000008003a20                HAL_RCC_ClockConfig
 .text.HAL_RCC_GetSysClockFreq
                0x0000000008003bec      0x18c ./Drivers/STM32F4xx_HAL_Driver/Src/stm32f4xx_hal_rcc.o
                0x0000000008003bec                HAL_RCC_GetSysClockFreq
 .text.HAL_RCC_GetHCLKFreq
                0x0000000008003d78       0x18 ./Drivers/STM32F4xx_HAL_Driver/Src/stm32f4xx_hal_rcc.o
                0x0000000008003d78                HAL_RCC_GetHCLKFreq
 .text.HAL_RCC_GetPCLK1Freq
                0x0000000008003d90       0x28 ./Drivers/STM32F4xx_HAL_Driver/Src/stm32f4xx_hal_rcc.o
                0x0000000008003d90                HAL_RCC_GetPCLK1Freq
 .text.HAL_RCC_GetPCLK2Freq
                0x0000000008003db8       0x28 ./Drivers/STM32F4xx_HAL_Driver/Src/stm32f4xx_hal_rcc.o
                0x0000000008003db8                HAL_RCC_GetPCLK2Freq
 .text.HAL_UART_Init
                0x0000000008003de0       0x9a ./Drivers/STM32F4xx_HAL_Driver/Src/stm32f4xx_hal_uart.o
                0x0000000008003de0                HAL_UART_Init
 *fill*         0x0000000008003e7a        0x2 
 .text.HAL_UART_Transmit_DMA
                0x0000000008003e7c       0xfc ./Drivers/STM32F4xx_HAL_Driver/Src/stm32f4xx_hal_uart.o
                0x0000000008003e7c                HAL_UART_Transmit_DMA
 .text.HAL_UART_Receive_DMA
                0x0000000008003f78       0x60 ./Drivers/STM32F4xx_HAL_Driver/Src/stm32f4xx_hal_uart.o
                0x0000000008003f78                HAL_UART_Receive_DMA
 .text.HAL_UART_IRQHandler
                0x0000000008003fd8      0x51c ./Drivers/STM32F4xx_HAL_Driver/Src/stm32f4xx_hal_uart.o
                0x0000000008003fd8                HAL_UART_IRQHandler
 .text.HAL_UART_TxHalfCpltCallback
                0x00000000080044f4       0x14 ./Drivers/STM32F4xx_HAL_Driver/Src/stm32f4xx_hal_uart.o
                0x00000000080044f4                HAL_UART_TxHalfCpltCallback
 .text.HAL_UART_RxHalfCpltCallback
                0x0000000008004508       0x14 ./Drivers/STM32F4xx_HAL_Driver/Src/stm32f4xx_hal_uart.o
                0x0000000008004508                HAL_UART_RxHalfCpltCallback
 .text.HAL_UART_ErrorCallback
                0x000000000800451c       0x14 ./Drivers/STM32F4xx_HAL_Driver/Src/stm32f4xx_hal_uart.o
                0x000000000800451c                HAL_UART_ErrorCallback
 .text.HAL_UARTEx_RxEventCallback
                0x0000000008004530       0x18 ./Drivers/STM32F4xx_HAL_Driver/Src/stm32f4xx_hal_uart.o
                0x0000000008004530                HAL_UARTEx_RxEventCallback
 .text.UART_DMATransmitCplt
                0x0000000008004548       0x9a ./Drivers/STM32F4xx_HAL_Driver/Src/stm32f4xx_hal_uart.o
 .text.UART_DMATxHalfCplt
                0x00000000080045e2       0x1c ./Drivers/STM32F4xx_HAL_Driver/Src/stm32f4xx_hal_uart.o
 .text.UART_DMAReceiveCplt
                0x00000000080045fe      0x126 ./Drivers/STM32F4xx_HAL_Driver/Src/stm32f4xx_hal_uart.o
 .text.UART_DMARxHalfCplt
                0x0000000008004724       0x36 ./Drivers/STM32F4xx_HAL_Driver/Src/stm32f4xx_hal_uart.o
 .text.UART_DMAError
                0x000000000800475a       0x94 ./Drivers/STM32F4xx_HAL_Driver/Src/stm32f4xx_hal_uart.o
 *fill*         0x00000000080047ee        0x2 
 .text.UART_Start_Receive_DMA
                0x00000000080047f0      0x13c ./Drivers/STM32F4xx_HAL_Driver/Src/stm32f4xx_hal_uart.o
                0x00000000080047f0                UART_Start_Receive_DMA
 .text.UART_EndTxTransfer
                0x000000000800492c       0x50 ./Drivers/STM32F4xx_HAL_Driver/Src/stm32f4xx_hal_uart.o
 .text.UART_EndRxTransfer
                0x000000000800497c       0xc6 ./Drivers/STM32F4xx_HAL_Driver/Src/stm32f4xx_hal_uart.o
 .text.UART_DMAAbortOnError
                0x0000000008004a42       0x28 ./Drivers/STM32F4xx_HAL_Driver/Src/stm32f4xx_hal_uart.o
 .text.UART_Transmit_IT
                0x0000000008004a6a       0xa0 ./Drivers/STM32F4xx_HAL_Driver/Src/stm32f4xx_hal_uart.o
 .text.UART_EndTransmit_IT
                0x0000000008004b0a       0x30 ./Drivers/STM32F4xx_HAL_Driver/Src/stm32f4xx_hal_uart.o
 .text.UART_Receive_IT
                0x0000000008004b3a      0x176 ./Drivers/STM32F4xx_HAL_Driver/Src/stm32f4xx_hal_uart.o
 .text.UART_SetConfig
                0x0000000008004cb0      0x4e8 ./Drivers/STM32F4xx_HAL_Driver/Src/stm32f4xx_hal_uart.o
 .text.__cxa_pure_virtual
                0x0000000008005198        0x6 c:/st/stm32cubeide_1.10.0/stm32cubeide/plugins/com.st.stm32cube.ide.mcu.externaltools.gnu-tools-for-stm32.10.3-2021.10.win32_1.0.0.202111181127/tools/bin/../lib/gcc/arm-none-eabi/10.3.1/../../../../arm-none-eabi/lib/thumb/v7e-m+fp/hard\libstdc++_nano.a(pure.o)
                0x0000000008005198                __cxa_pure_virtual
 .text._ZN10__cxxabiv111__terminateEPFvvE
                0x000000000800519e        0x8 c:/st/stm32cubeide_1.10.0/stm32cubeide/plugins/com.st.stm32cube.ide.mcu.externaltools.gnu-tools-for-stm32.10.3-2021.10.win32_1.0.0.202111181127/tools/bin/../lib/gcc/arm-none-eabi/10.3.1/../../../../arm-none-eabi/lib/thumb/v7e-m+fp/hard\libstdc++_nano.a(eh_terminate.o)
                0x000000000800519e                __cxxabiv1::__terminate(void (*)())
 *fill*         0x00000000080051a6        0x2 
 .text._ZSt13get_terminatev
                0x00000000080051a8       0x10 c:/st/stm32cubeide_1.10.0/stm32cubeide/plugins/com.st.stm32cube.ide.mcu.externaltools.gnu-tools-for-stm32.10.3-2021.10.win32_1.0.0.202111181127/tools/bin/../lib/gcc/arm-none-eabi/10.3.1/../../../../arm-none-eabi/lib/thumb/v7e-m+fp/hard\libstdc++_nano.a(eh_terminate.o)
                0x00000000080051a8                std::get_terminate()
 .text._ZSt9terminatev
                0x00000000080051b8        0xa c:/st/stm32cubeide_1.10.0/stm32cubeide/plugins/com.st.stm32cube.ide.mcu.externaltools.gnu-tools-for-stm32.10.3-2021.10.win32_1.0.0.202111181127/tools/bin/../lib/gcc/arm-none-eabi/10.3.1/../../../../arm-none-eabi/lib/thumb/v7e-m+fp/hard\libstdc++_nano.a(eh_terminate.o)
                0x00000000080051b8                std::terminate()
 .text.abort    0x00000000080051c2        0xe c:/st/stm32cubeide_1.10.0/stm32cubeide/plugins/com.st.stm32cube.ide.mcu.externaltools.gnu-tools-for-stm32.10.3-2021.10.win32_1.0.0.202111181127/tools/bin/../lib/gcc/arm-none-eabi/10.3.1/../../../../arm-none-eabi/lib/thumb/v7e-m+fp/hard\libc_nano.a(lib_a-abort.o)
                0x00000000080051c2                abort
 .text.__errno  0x00000000080051d0        0xc c:/st/stm32cubeide_1.10.0/stm32cubeide/plugins/com.st.stm32cube.ide.mcu.externaltools.gnu-tools-for-stm32.10.3-2021.10.win32_1.0.0.202111181127/tools/bin/../lib/gcc/arm-none-eabi/10.3.1/../../../../arm-none-eabi/lib/thumb/v7e-m+fp/hard\libc_nano.a(lib_a-errno.o)
                0x00000000080051d0                __errno
 .text.__libc_init_array
                0x00000000080051dc       0x48 c:/st/stm32cubeide_1.10.0/stm32cubeide/plugins/com.st.stm32cube.ide.mcu.externaltools.gnu-tools-for-stm32.10.3-2021.10.win32_1.0.0.202111181127/tools/bin/../lib/gcc/arm-none-eabi/10.3.1/../../../../arm-none-eabi/lib/thumb/v7e-m+fp/hard\libc_nano.a(lib_a-init.o)
                0x00000000080051dc                __libc_init_array
 .text.memcpy   0x0000000008005224       0x1c c:/st/stm32cubeide_1.10.0/stm32cubeide/plugins/com.st.stm32cube.ide.mcu.externaltools.gnu-tools-for-stm32.10.3-2021.10.win32_1.0.0.202111181127/tools/bin/../lib/gcc/arm-none-eabi/10.3.1/../../../../arm-none-eabi/lib/thumb/v7e-m+fp/hard\libc_nano.a(lib_a-memcpy-stub.o)
                0x0000000008005224                memcpy
 .text.memset   0x0000000008005240       0x10 c:/st/stm32cubeide_1.10.0/stm32cubeide/plugins/com.st.stm32cube.ide.mcu.externaltools.gnu-tools-for-stm32.10.3-2021.10.win32_1.0.0.202111181127/tools/bin/../lib/gcc/arm-none-eabi/10.3.1/../../../../arm-none-eabi/lib/thumb/v7e-m+fp/hard\libc_nano.a(lib_a-memset.o)
                0x0000000008005240                memset
 .text.realloc  0x0000000008005250       0x10 c:/st/stm32cubeide_1.10.0/stm32cubeide/plugins/com.st.stm32cube.ide.mcu.externaltools.gnu-tools-for-stm32.10.3-2021.10.win32_1.0.0.202111181127/tools/bin/../lib/gcc/arm-none-eabi/10.3.1/../../../../arm-none-eabi/lib/thumb/v7e-m+fp/hard\libc_nano.a(lib_a-realloc.o)
                0x0000000008005250                realloc
 .text._raise_r
                0x0000000008005260       0x50 c:/st/stm32cubeide_1.10.0/stm32cubeide/plugins/com.st.stm32cube.ide.mcu.externaltools.gnu-tools-for-stm32.10.3-2021.10.win32_1.0.0.202111181127/tools/bin/../lib/gcc/arm-none-eabi/10.3.1/../../../../arm-none-eabi/lib/thumb/v7e-m+fp/hard\libc_nano.a(lib_a-signal.o)
                0x0000000008005260                _raise_r
 .text.raise    0x00000000080052b0       0x10 c:/st/stm32cubeide_1.10.0/stm32cubeide/plugins/com.st.stm32cube.ide.mcu.externaltools.gnu-tools-for-stm32.10.3-2021.10.win32_1.0.0.202111181127/tools/bin/../lib/gcc/arm-none-eabi/10.3.1/../../../../arm-none-eabi/lib/thumb/v7e-m+fp/hard\libc_nano.a(lib_a-signal.o)
                0x00000000080052b0                raise
 .text._kill_r  0x00000000080052c0       0x24 c:/st/stm32cubeide_1.10.0/stm32cubeide/plugins/com.st.stm32cube.ide.mcu.externaltools.gnu-tools-for-stm32.10.3-2021.10.win32_1.0.0.202111181127/tools/bin/../lib/gcc/arm-none-eabi/10.3.1/../../../../arm-none-eabi/lib/thumb/v7e-m+fp/hard\libc_nano.a(lib_a-signalr.o)
                0x00000000080052c0                _kill_r
 .text._getpid_r
                0x00000000080052e4        0x4 c:/st/stm32cubeide_1.10.0/stm32cubeide/plugins/com.st.stm32cube.ide.mcu.externaltools.gnu-tools-for-stm32.10.3-2021.10.win32_1.0.0.202111181127/tools/bin/../lib/gcc/arm-none-eabi/10.3.1/../../../../arm-none-eabi/lib/thumb/v7e-m+fp/hard\libc_nano.a(lib_a-signalr.o)
                0x00000000080052e4                _getpid_r
 .text.sbrk_aligned
                0x00000000080052e8       0x40 c:/st/stm32cubeide_1.10.0/stm32cubeide/plugins/com.st.stm32cube.ide.mcu.externaltools.gnu-tools-for-stm32.10.3-2021.10.win32_1.0.0.202111181127/tools/bin/../lib/gcc/arm-none-eabi/10.3.1/../../../../arm-none-eabi/lib/thumb/v7e-m+fp/hard\libc_nano.a(lib_a-nano-mallocr.o)
 .text._malloc_r
                0x0000000008005328       0xe8 c:/st/stm32cubeide_1.10.0/stm32cubeide/plugins/com.st.stm32cube.ide.mcu.externaltools.gnu-tools-for-stm32.10.3-2021.10.win32_1.0.0.202111181127/tools/bin/../lib/gcc/arm-none-eabi/10.3.1/../../../../arm-none-eabi/lib/thumb/v7e-m+fp/hard\libc_nano.a(lib_a-nano-mallocr.o)
                0x0000000008005328                _malloc_r
 .text._realloc_r
                0x0000000008005410       0x5e c:/st/stm32cubeide_1.10.0/stm32cubeide/plugins/com.st.stm32cube.ide.mcu.externaltools.gnu-tools-for-stm32.10.3-2021.10.win32_1.0.0.202111181127/tools/bin/../lib/gcc/arm-none-eabi/10.3.1/../../../../arm-none-eabi/lib/thumb/v7e-m+fp/hard\libc_nano.a(lib_a-nano-reallocr.o)
                0x0000000008005410                _realloc_r
 *fill*         0x000000000800546e        0x2 
 .text._sbrk_r  0x0000000008005470       0x20 c:/st/stm32cubeide_1.10.0/stm32cubeide/plugins/com.st.stm32cube.ide.mcu.externaltools.gnu-tools-for-stm32.10.3-2021.10.win32_1.0.0.202111181127/tools/bin/../lib/gcc/arm-none-eabi/10.3.1/../../../../arm-none-eabi/lib/thumb/v7e-m+fp/hard\libc_nano.a(lib_a-sbrkr.o)
                0x0000000008005470                _sbrk_r
 .text.__malloc_lock
                0x0000000008005490        0xc c:/st/stm32cubeide_1.10.0/stm32cubeide/plugins/com.st.stm32cube.ide.mcu.externaltools.gnu-tools-for-stm32.10.3-2021.10.win32_1.0.0.202111181127/tools/bin/../lib/gcc/arm-none-eabi/10.3.1/../../../../arm-none-eabi/lib/thumb/v7e-m+fp/hard\libc_nano.a(lib_a-mlock.o)
                0x0000000008005490                __malloc_lock
 .text.__malloc_unlock
                0x000000000800549c        0xc c:/st/stm32cubeide_1.10.0/stm32cubeide/plugins/com.st.stm32cube.ide.mcu.externaltools.gnu-tools-for-stm32.10.3-2021.10.win32_1.0.0.202111181127/tools/bin/../lib/gcc/arm-none-eabi/10.3.1/../../../../arm-none-eabi/lib/thumb/v7e-m+fp/hard\libc_nano.a(lib_a-mlock.o)
                0x000000000800549c                __malloc_unlock
 .text._free_r  0x00000000080054a8       0x98 c:/st/stm32cubeide_1.10.0/stm32cubeide/plugins/com.st.stm32cube.ide.mcu.externaltools.gnu-tools-for-stm32.10.3-2021.10.win32_1.0.0.202111181127/tools/bin/../lib/gcc/arm-none-eabi/10.3.1/../../../../arm-none-eabi/lib/thumb/v7e-m+fp/hard\libc_nano.a(lib_a-nano-freer.o)
                0x00000000080054a8                _free_r
 .text._malloc_usable_size_r
                0x0000000008005540       0x10 c:/st/stm32cubeide_1.10.0/stm32cubeide/plugins/com.st.stm32cube.ide.mcu.externaltools.gnu-tools-for-stm32.10.3-2021.10.win32_1.0.0.202111181127/tools/bin/../lib/gcc/arm-none-eabi/10.3.1/../../../../arm-none-eabi/lib/thumb/v7e-m+fp/hard\libc_nano.a(lib_a-nano-msizer.o)
                0x0000000008005540                _malloc_usable_size_r
 .text.__retarget_lock_acquire_recursive
                0x0000000008005550        0x2 c:/st/stm32cubeide_1.10.0/stm32cubeide/plugins/com.st.stm32cube.ide.mcu.externaltools.gnu-tools-for-stm32.10.3-2021.10.win32_1.0.0.202111181127/tools/bin/../lib/gcc/arm-none-eabi/10.3.1/../../../../arm-none-eabi/lib/thumb/v7e-m+fp/hard\libc_nano.a(lib_a-lock.o)
                0x0000000008005550                __retarget_lock_acquire_recursive
 .text.__retarget_lock_release_recursive
                0x0000000008005552        0x2 c:/st/stm32cubeide_1.10.0/stm32cubeide/plugins/com.st.stm32cube.ide.mcu.externaltools.gnu-tools-for-stm32.10.3-2021.10.win32_1.0.0.202111181127/tools/bin/../lib/gcc/arm-none-eabi/10.3.1/../../../../arm-none-eabi/lib/thumb/v7e-m+fp/hard\libc_nano.a(lib_a-lock.o)
                0x0000000008005552                __retarget_lock_release_recursive
 *(.glue_7)
 .glue_7        0x0000000008005554        0x0 linker stubs
 *(.glue_7t)
 .glue_7t       0x0000000008005554        0x0 linker stubs
 *(.eh_frame)
 .eh_frame      0x0000000008005554        0x0 c:/st/stm32cubeide_1.10.0/stm32cubeide/plugins/com.st.stm32cube.ide.mcu.externaltools.gnu-tools-for-stm32.10.3-2021.10.win32_1.0.0.202111181127/tools/bin/../lib/gcc/arm-none-eabi/10.3.1/thumb/v7e-m+fp/hard/crtbegin.o
 *(.init)
 .init          0x0000000008005554        0x4 c:/st/stm32cubeide_1.10.0/stm32cubeide/plugins/com.st.stm32cube.ide.mcu.externaltools.gnu-tools-for-stm32.10.3-2021.10.win32_1.0.0.202111181127/tools/bin/../lib/gcc/arm-none-eabi/10.3.1/thumb/v7e-m+fp/hard/crti.o
                0x0000000008005554                _init
 .init          0x0000000008005558        0x8 c:/st/stm32cubeide_1.10.0/stm32cubeide/plugins/com.st.stm32cube.ide.mcu.externaltools.gnu-tools-for-stm32.10.3-2021.10.win32_1.0.0.202111181127/tools/bin/../lib/gcc/arm-none-eabi/10.3.1/thumb/v7e-m+fp/hard/crtn.o
 *(.fini)
 .fini          0x0000000008005560        0x4 c:/st/stm32cubeide_1.10.0/stm32cubeide/plugins/com.st.stm32cube.ide.mcu.externaltools.gnu-tools-for-stm32.10.3-2021.10.win32_1.0.0.202111181127/tools/bin/../lib/gcc/arm-none-eabi/10.3.1/thumb/v7e-m+fp/hard/crti.o
                0x0000000008005560                _fini
 .fini          0x0000000008005564        0x8 c:/st/stm32cubeide_1.10.0/stm32cubeide/plugins/com.st.stm32cube.ide.mcu.externaltools.gnu-tools-for-stm32.10.3-2021.10.win32_1.0.0.202111181127/tools/bin/../lib/gcc/arm-none-eabi/10.3.1/thumb/v7e-m+fp/hard/crtn.o
                0x000000000800556c                . = ALIGN (0x4)
                0x000000000800556c                _etext = .

.vfp11_veneer   0x000000000800556c        0x0
 .vfp11_veneer  0x000000000800556c        0x0 linker stubs

.v4_bx          0x000000000800556c        0x0
 .v4_bx         0x000000000800556c        0x0 linker stubs

.iplt           0x000000000800556c        0x0
 .iplt          0x000000000800556c        0x0 c:/st/stm32cubeide_1.10.0/stm32cubeide/plugins/com.st.stm32cube.ide.mcu.externaltools.gnu-tools-for-stm32.10.3-2021.10.win32_1.0.0.202111181127/tools/bin/../lib/gcc/arm-none-eabi/10.3.1/thumb/v7e-m+fp/hard/crtbegin.o

.rodata         0x000000000800556c      0x240
                0x000000000800556c                . = ALIGN (0x4)
 *(.rodata)
 .rodata        0x000000000800556c      0x14c ./Core/Src/mainpp.o
 *(.rodata*)
 .rodata._ZN14rosserial_msgsL12REQUESTPARAME
                0x00000000080056b8       0x1c ./Core/Src/mainpp.o
 .rodata._ZTVN3ros11NodeHandle_I13STM32HardwareLi25ELi25ELi512ELi512EEE
                0x00000000080056d4       0x14 ./Core/Src/mainpp.o
                0x00000000080056d4                vtable for ros::NodeHandle_<STM32Hardware, 25, 25, 512, 512>
 .rodata._ZTVN8std_msgs6StringE
                0x00000000080056e8       0x18 ./Core/Src/mainpp.o
                0x00000000080056e8                vtable for std_msgs::String
 .rodata._ZTVN3ros15NodeHandleBase_E
                0x0000000008005700       0x14 ./Core/Src/mainpp.o
                0x0000000008005700                vtable for ros::NodeHandleBase_
 .rodata._ZTVN14rosserial_msgs20RequestParamResponseE
                0x0000000008005714       0x18 ./Core/Src/mainpp.o
                0x0000000008005714                vtable for rosserial_msgs::RequestParamResponse
 .rodata._ZTVN14rosserial_msgs3LogE
                0x000000000800572c       0x18 ./Core/Src/mainpp.o
                0x000000000800572c                vtable for rosserial_msgs::Log
 .rodata._ZTVN14rosserial_msgs9TopicInfoE
                0x0000000008005744       0x18 ./Core/Src/mainpp.o
                0x0000000008005744                vtable for rosserial_msgs::TopicInfo
 .rodata._ZTVN8std_msgs4TimeE
                0x000000000800575c       0x18 ./Core/Src/mainpp.o
                0x000000000800575c                vtable for std_msgs::Time
 .rodata._ZTVN3ros3MsgE
                0x0000000008005774       0x18 ./Core/Src/mainpp.o
                0x0000000008005774                vtable for ros::Msg
 .rodata.AHBPrescTable
                0x000000000800578c       0x10 ./Core/Src/system_stm32f4xx.o
                0x000000000800578c                AHBPrescTable
 .rodata.APBPrescTable
                0x000000000800579c        0x8 ./Core/Src/system_stm32f4xx.o
                0x000000000800579c                APBPrescTable
 .rodata.flagBitshiftOffset.0
                0x00000000080057a4        0x8 ./Drivers/STM32F4xx_HAL_Driver/Src/stm32f4xx_hal_dma.o
                0x00000000080057ac                . = ALIGN (0x4)

.ARM.extab      0x00000000080057ac        0x0
                0x00000000080057ac                . = ALIGN (0x4)
 *(.ARM.extab* .gnu.linkonce.armextab.*)
                0x00000000080057ac                . = ALIGN (0x4)

.ARM            0x00000000080057ac        0x8
                0x00000000080057ac                . = ALIGN (0x4)
                0x00000000080057ac                __exidx_start = .
 *(.ARM.exidx*)
 .ARM.exidx     0x00000000080057ac        0x8 c:/st/stm32cubeide_1.10.0/stm32cubeide/plugins/com.st.stm32cube.ide.mcu.externaltools.gnu-tools-for-stm32.10.3-2021.10.win32_1.0.0.202111181127/tools/bin/../lib/gcc/arm-none-eabi/10.3.1/thumb/v7e-m+fp/hard\libgcc.a(_udivmoddi4.o)
                0x00000000080057b4                __exidx_end = .
                0x00000000080057b4                . = ALIGN (0x4)

.rel.dyn        0x00000000080057b4        0x0
 .rel.iplt      0x00000000080057b4        0x0 c:/st/stm32cubeide_1.10.0/stm32cubeide/plugins/com.st.stm32cube.ide.mcu.externaltools.gnu-tools-for-stm32.10.3-2021.10.win32_1.0.0.202111181127/tools/bin/../lib/gcc/arm-none-eabi/10.3.1/thumb/v7e-m+fp/hard/crtbegin.o

.preinit_array  0x00000000080057b4        0x0
                0x00000000080057b4                . = ALIGN (0x4)
                0x00000000080057b4                PROVIDE (__preinit_array_start = .)
 *(.preinit_array*)
                0x00000000080057b4                PROVIDE (__preinit_array_end = .)
                0x00000000080057b4                . = ALIGN (0x4)

.init_array     0x00000000080057b4        0x8
                0x00000000080057b4                . = ALIGN (0x4)
                0x00000000080057b4                PROVIDE (__init_array_start = .)
 *(SORT_BY_NAME(.init_array.*))
 *(.init_array*)
 .init_array    0x00000000080057b4        0x4 c:/st/stm32cubeide_1.10.0/stm32cubeide/plugins/com.st.stm32cube.ide.mcu.externaltools.gnu-tools-for-stm32.10.3-2021.10.win32_1.0.0.202111181127/tools/bin/../lib/gcc/arm-none-eabi/10.3.1/thumb/v7e-m+fp/hard/crtbegin.o
 .init_array    0x00000000080057b8        0x4 ./Core/Src/mainpp.o
                0x00000000080057bc                PROVIDE (__init_array_end = .)
                0x00000000080057bc                . = ALIGN (0x4)

.fini_array     0x00000000080057bc        0x4
                0x00000000080057bc                . = ALIGN (0x4)
                [!provide]                        PROVIDE (__fini_array_start = .)
 *(SORT_BY_NAME(.fini_array.*))
 *(.fini_array*)
 .fini_array    0x00000000080057bc        0x4 c:/st/stm32cubeide_1.10.0/stm32cubeide/plugins/com.st.stm32cube.ide.mcu.externaltools.gnu-tools-for-stm32.10.3-2021.10.win32_1.0.0.202111181127/tools/bin/../lib/gcc/arm-none-eabi/10.3.1/thumb/v7e-m+fp/hard/crtbegin.o
                [!provide]                        PROVIDE (__fini_array_end = .)
                0x00000000080057c0                . = ALIGN (0x4)
                0x00000000080057c0                _sidata = LOADADDR (.data)

.data           0x0000000020000000       0x8c load address 0x00000000080057c0
                0x0000000020000000                . = ALIGN (0x4)
                0x0000000020000000                _sdata = .
 *(.data)
 *(.data*)
 .data.hello    0x0000000020000000       0x18 ./Core/Src/mainpp.o
                0x0000000020000000                hello
 .data.SystemCoreClock
                0x0000000020000018        0x4 ./Core/Src/system_stm32f4xx.o
                0x0000000020000018                SystemCoreClock
 .data.uwTickPrio
                0x000000002000001c        0x4 ./Drivers/STM32F4xx_HAL_Driver/Src/stm32f4xx_hal.o
                0x000000002000001c                uwTickPrio
 .data.uwTickFreq
                0x0000000020000020        0x1 ./Drivers/STM32F4xx_HAL_Driver/Src/stm32f4xx_hal.o
                0x0000000020000020                uwTickFreq
 *fill*         0x0000000020000021        0x3 
 .data._ZN10__cxxabiv119__terminate_handlerE
                0x0000000020000024        0x4 c:/st/stm32cubeide_1.10.0/stm32cubeide/plugins/com.st.stm32cube.ide.mcu.externaltools.gnu-tools-for-stm32.10.3-2021.10.win32_1.0.0.202111181127/tools/bin/../lib/gcc/arm-none-eabi/10.3.1/../../../../arm-none-eabi/lib/thumb/v7e-m+fp/hard\libstdc++_nano.a(eh_term_handler.o)
                0x0000000020000024                __cxxabiv1::__terminate_handler
 .data._impure_ptr
                0x0000000020000028        0x4 c:/st/stm32cubeide_1.10.0/stm32cubeide/plugins/com.st.stm32cube.ide.mcu.externaltools.gnu-tools-for-stm32.10.3-2021.10.win32_1.0.0.202111181127/tools/bin/../lib/gcc/arm-none-eabi/10.3.1/../../../../arm-none-eabi/lib/thumb/v7e-m+fp/hard\libc_nano.a(lib_a-impure.o)
                0x0000000020000028                _impure_ptr
 .data.impure_data
                0x000000002000002c       0x60 c:/st/stm32cubeide_1.10.0/stm32cubeide/plugins/com.st.stm32cube.ide.mcu.externaltools.gnu-tools-for-stm32.10.3-2021.10.win32_1.0.0.202111181127/tools/bin/../lib/gcc/arm-none-eabi/10.3.1/../../../../arm-none-eabi/lib/thumb/v7e-m+fp/hard\libc_nano.a(lib_a-impure.o)
 *(.RamFunc)
 *(.RamFunc*)
                0x000000002000008c                . = ALIGN (0x4)
                0x000000002000008c                _edata = .
                0x000000000800584c                _siccmram = LOADADDR (.ccmram)

.igot.plt       0x000000002000008c        0x0 load address 0x000000000800584c
 .igot.plt      0x000000002000008c        0x0 c:/st/stm32cubeide_1.10.0/stm32cubeide/plugins/com.st.stm32cube.ide.mcu.externaltools.gnu-tools-for-stm32.10.3-2021.10.win32_1.0.0.202111181127/tools/bin/../lib/gcc/arm-none-eabi/10.3.1/thumb/v7e-m+fp/hard/crtbegin.o

.ccmram         0x0000000010000000        0x0 load address 0x000000000800584c
                0x0000000010000000                . = ALIGN (0x4)
                0x0000000010000000                _sccmram = .
 *(.ccmram)
 *(.ccmram*)
                0x0000000010000000                . = ALIGN (0x4)
                0x0000000010000000                _eccmram = .
                0x0000000010000000                . = ALIGN (0x4)

.bss            0x000000002000008c      0xa94
                0x000000002000008c                _sbss = .
                0x000000002000008c                __bss_start__ = _sbss
 *(.bss)
 .bss           0x000000002000008c       0x1c c:/st/stm32cubeide_1.10.0/stm32cubeide/plugins/com.st.stm32cube.ide.mcu.externaltools.gnu-tools-for-stm32.10.3-2021.10.win32_1.0.0.202111181127/tools/bin/../lib/gcc/arm-none-eabi/10.3.1/thumb/v7e-m+fp/hard/crtbegin.o
 *(.bss*)
 .bss.huart1    0x00000000200000a8       0x44 ./Core/Src/main.o
                0x00000000200000a8                huart1
 .bss.hdma_usart1_rx
                0x00000000200000ec       0x60 ./Core/Src/main.o
                0x00000000200000ec                hdma_usart1_rx
 .bss.hdma_usart1_tx
                0x000000002000014c       0x60 ./Core/Src/main.o
                0x000000002000014c                hdma_usart1_tx
 .bss._ZZN13STM32Hardware5flushEvE5mutex
                0x00000000200001ac        0x1 ./Core/Src/mainpp.o
                0x00000000200001ac                STM32Hardware::flush()::mutex
 *fill*         0x00000000200001ad        0x3 
 .bss.nh        0x00000000200001b0      0x93c ./Core/Src/mainpp.o
                0x00000000200001b0                nh
 .bss.str_msg   0x0000000020000aec        0x8 ./Core/Src/mainpp.o
                0x0000000020000aec                str_msg
 .bss.chatter   0x0000000020000af4       0x14 ./Core/Src/mainpp.o
                0x0000000020000af4                chatter
 .bss.__sbrk_heap_end
                0x0000000020000b08        0x4 ./Core/Src/sysmem.o
 .bss.uwTick    0x0000000020000b0c        0x4 ./Drivers/STM32F4xx_HAL_Driver/Src/stm32f4xx_hal.o
                0x0000000020000b0c                uwTick
 .bss.__malloc_free_list
                0x0000000020000b10        0x4 c:/st/stm32cubeide_1.10.0/stm32cubeide/plugins/com.st.stm32cube.ide.mcu.externaltools.gnu-tools-for-stm32.10.3-2021.10.win32_1.0.0.202111181127/tools/bin/../lib/gcc/arm-none-eabi/10.3.1/../../../../arm-none-eabi/lib/thumb/v7e-m+fp/hard\libc_nano.a(lib_a-nano-mallocr.o)
                0x0000000020000b10                __malloc_free_list
 .bss.__malloc_sbrk_start
                0x0000000020000b14        0x4 c:/st/stm32cubeide_1.10.0/stm32cubeide/plugins/com.st.stm32cube.ide.mcu.externaltools.gnu-tools-for-stm32.10.3-2021.10.win32_1.0.0.202111181127/tools/bin/../lib/gcc/arm-none-eabi/10.3.1/../../../../arm-none-eabi/lib/thumb/v7e-m+fp/hard\libc_nano.a(lib_a-nano-mallocr.o)
                0x0000000020000b14                __malloc_sbrk_start
 .bss.errno     0x0000000020000b18        0x4 c:/st/stm32cubeide_1.10.0/stm32cubeide/plugins/com.st.stm32cube.ide.mcu.externaltools.gnu-tools-for-stm32.10.3-2021.10.win32_1.0.0.202111181127/tools/bin/../lib/gcc/arm-none-eabi/10.3.1/../../../../arm-none-eabi/lib/thumb/v7e-m+fp/hard\libc_nano.a(lib_a-reent.o)
                0x0000000020000b18                errno
 .bss.__lock___malloc_recursive_mutex
                0x0000000020000b1c        0x1 c:/st/stm32cubeide_1.10.0/stm32cubeide/plugins/com.st.stm32cube.ide.mcu.externaltools.gnu-tools-for-stm32.10.3-2021.10.win32_1.0.0.202111181127/tools/bin/../lib/gcc/arm-none-eabi/10.3.1/../../../../arm-none-eabi/lib/thumb/v7e-m+fp/hard\libc_nano.a(lib_a-lock.o)
                0x0000000020000b1c                __lock___malloc_recursive_mutex
 *(COMMON)
                0x0000000020000b20                . = ALIGN (0x4)
 *fill*         0x0000000020000b1d        0x3 
                0x0000000020000b20                _ebss = .
                0x0000000020000b20                __bss_end__ = _ebss

._user_heap_stack
                0x0000000020000b20      0x600
                0x0000000020000b20                . = ALIGN (0x8)
                [!provide]                        PROVIDE (end = .)
                0x0000000020000b20                PROVIDE (_end = .)
                0x0000000020000d20                . = (. + _Min_Heap_Size)
 *fill*         0x0000000020000b20      0x200 
                0x0000000020001120                . = (. + _Min_Stack_Size)
 *fill*         0x0000000020000d20      0x400 
                0x0000000020001120                . = ALIGN (0x8)

/DISCARD/
 libc.a(*)
 libm.a(*)
 libgcc.a(*)

.ARM.attributes
                0x0000000000000000       0x30
 *(.ARM.attributes)
 .ARM.attributes
                0x0000000000000000       0x1e c:/st/stm32cubeide_1.10.0/stm32cubeide/plugins/com.st.stm32cube.ide.mcu.externaltools.gnu-tools-for-stm32.10.3-2021.10.win32_1.0.0.202111181127/tools/bin/../lib/gcc/arm-none-eabi/10.3.1/thumb/v7e-m+fp/hard/crti.o
 .ARM.attributes
                0x000000000000001e       0x34 c:/st/stm32cubeide_1.10.0/stm32cubeide/plugins/com.st.stm32cube.ide.mcu.externaltools.gnu-tools-for-stm32.10.3-2021.10.win32_1.0.0.202111181127/tools/bin/../lib/gcc/arm-none-eabi/10.3.1/thumb/v7e-m+fp/hard/crtbegin.o
 .ARM.attributes
                0x0000000000000052       0x34 ./Core/Src/main.o
 .ARM.attributes
                0x0000000000000086       0x34 ./Core/Src/mainpp.o
 .ARM.attributes
                0x00000000000000ba       0x34 ./Core/Src/stm32f4xx_hal_msp.o
 .ARM.attributes
                0x00000000000000ee       0x34 ./Core/Src/stm32f4xx_it.o
 .ARM.attributes
                0x0000000000000122       0x34 ./Core/Src/syscalls.o
 .ARM.attributes
                0x0000000000000156       0x34 ./Core/Src/sysmem.o
 .ARM.attributes
                0x000000000000018a       0x34 ./Core/Src/system_stm32f4xx.o
 .ARM.attributes
                0x00000000000001be       0x34 ./Core/Src/time.o
 .ARM.attributes
                0x00000000000001f2       0x21 ./Core/Startup/startup_stm32f407zgtx.o
 .ARM.attributes
                0x0000000000000213       0x34 ./Drivers/STM32F4xx_HAL_Driver/Src/stm32f4xx_hal.o
 .ARM.attributes
                0x0000000000000247       0x34 ./Drivers/STM32F4xx_HAL_Driver/Src/stm32f4xx_hal_cortex.o
 .ARM.attributes
                0x000000000000027b       0x34 ./Drivers/STM32F4xx_HAL_Driver/Src/stm32f4xx_hal_dma.o
 .ARM.attributes
                0x00000000000002af       0x34 ./Drivers/STM32F4xx_HAL_Driver/Src/stm32f4xx_hal_gpio.o
 .ARM.attributes
                0x00000000000002e3       0x34 ./Drivers/STM32F4xx_HAL_Driver/Src/stm32f4xx_hal_rcc.o
 .ARM.attributes
                0x0000000000000317       0x34 ./Drivers/STM32F4xx_HAL_Driver/Src/stm32f4xx_hal_uart.o
 .ARM.attributes
                0x000000000000034b       0x34 c:/st/stm32cubeide_1.10.0/stm32cubeide/plugins/com.st.stm32cube.ide.mcu.externaltools.gnu-tools-for-stm32.10.3-2021.10.win32_1.0.0.202111181127/tools/bin/../lib/gcc/arm-none-eabi/10.3.1/../../../../arm-none-eabi/lib/thumb/v7e-m+fp/hard\libstdc++_nano.a(pure.o)
 .ARM.attributes
                0x000000000000037f       0x34 c:/st/stm32cubeide_1.10.0/stm32cubeide/plugins/com.st.stm32cube.ide.mcu.externaltools.gnu-tools-for-stm32.10.3-2021.10.win32_1.0.0.202111181127/tools/bin/../lib/gcc/arm-none-eabi/10.3.1/../../../../arm-none-eabi/lib/thumb/v7e-m+fp/hard\libstdc++_nano.a(eh_terminate.o)
 .ARM.attributes
                0x00000000000003b3       0x34 c:/st/stm32cubeide_1.10.0/stm32cubeide/plugins/com.st.stm32cube.ide.mcu.externaltools.gnu-tools-for-stm32.10.3-2021.10.win32_1.0.0.202111181127/tools/bin/../lib/gcc/arm-none-eabi/10.3.1/../../../../arm-none-eabi/lib/thumb/v7e-m+fp/hard\libstdc++_nano.a(eh_term_handler.o)
 .ARM.attributes
                0x00000000000003e7       0x34 c:/st/stm32cubeide_1.10.0/stm32cubeide/plugins/com.st.stm32cube.ide.mcu.externaltools.gnu-tools-for-stm32.10.3-2021.10.win32_1.0.0.202111181127/tools/bin/../lib/gcc/arm-none-eabi/10.3.1/../../../../arm-none-eabi/lib/thumb/v7e-m+fp/hard\libc_nano.a(lib_a-abort.o)
 .ARM.attributes
                0x000000000000041b       0x34 c:/st/stm32cubeide_1.10.0/stm32cubeide/plugins/com.st.stm32cube.ide.mcu.externaltools.gnu-tools-for-stm32.10.3-2021.10.win32_1.0.0.202111181127/tools/bin/../lib/gcc/arm-none-eabi/10.3.1/../../../../arm-none-eabi/lib/thumb/v7e-m+fp/hard\libc_nano.a(lib_a-errno.o)
 .ARM.attributes
                0x000000000000044f       0x34 c:/st/stm32cubeide_1.10.0/stm32cubeide/plugins/com.st.stm32cube.ide.mcu.externaltools.gnu-tools-for-stm32.10.3-2021.10.win32_1.0.0.202111181127/tools/bin/../lib/gcc/arm-none-eabi/10.3.1/../../../../arm-none-eabi/lib/thumb/v7e-m+fp/hard\libc_nano.a(lib_a-impure.o)
 .ARM.attributes
                0x0000000000000483       0x34 c:/st/stm32cubeide_1.10.0/stm32cubeide/plugins/com.st.stm32cube.ide.mcu.externaltools.gnu-tools-for-stm32.10.3-2021.10.win32_1.0.0.202111181127/tools/bin/../lib/gcc/arm-none-eabi/10.3.1/../../../../arm-none-eabi/lib/thumb/v7e-m+fp/hard\libc_nano.a(lib_a-init.o)
 .ARM.attributes
                0x00000000000004b7       0x34 c:/st/stm32cubeide_1.10.0/stm32cubeide/plugins/com.st.stm32cube.ide.mcu.externaltools.gnu-tools-for-stm32.10.3-2021.10.win32_1.0.0.202111181127/tools/bin/../lib/gcc/arm-none-eabi/10.3.1/../../../../arm-none-eabi/lib/thumb/v7e-m+fp/hard\libc_nano.a(lib_a-memcpy-stub.o)
 .ARM.attributes
                0x00000000000004eb       0x34 c:/st/stm32cubeide_1.10.0/stm32cubeide/plugins/com.st.stm32cube.ide.mcu.externaltools.gnu-tools-for-stm32.10.3-2021.10.win32_1.0.0.202111181127/tools/bin/../lib/gcc/arm-none-eabi/10.3.1/../../../../arm-none-eabi/lib/thumb/v7e-m+fp/hard\libc_nano.a(lib_a-memset.o)
 .ARM.attributes
                0x000000000000051f       0x34 c:/st/stm32cubeide_1.10.0/stm32cubeide/plugins/com.st.stm32cube.ide.mcu.externaltools.gnu-tools-for-stm32.10.3-2021.10.win32_1.0.0.202111181127/tools/bin/../lib/gcc/arm-none-eabi/10.3.1/../../../../arm-none-eabi/lib/thumb/v7e-m+fp/hard\libc_nano.a(lib_a-realloc.o)
 .ARM.attributes
                0x0000000000000553       0x34 c:/st/stm32cubeide_1.10.0/stm32cubeide/plugins/com.st.stm32cube.ide.mcu.externaltools.gnu-tools-for-stm32.10.3-2021.10.win32_1.0.0.202111181127/tools/bin/../lib/gcc/arm-none-eabi/10.3.1/../../../../arm-none-eabi/lib/thumb/v7e-m+fp/hard\libc_nano.a(lib_a-signal.o)
 .ARM.attributes
                0x0000000000000587       0x34 c:/st/stm32cubeide_1.10.0/stm32cubeide/plugins/com.st.stm32cube.ide.mcu.externaltools.gnu-tools-for-stm32.10.3-2021.10.win32_1.0.0.202111181127/tools/bin/../lib/gcc/arm-none-eabi/10.3.1/../../../../arm-none-eabi/lib/thumb/v7e-m+fp/hard\libc_nano.a(lib_a-signalr.o)
 .ARM.attributes
                0x00000000000005bb       0x17 c:/st/stm32cubeide_1.10.0/stm32cubeide/plugins/com.st.stm32cube.ide.mcu.externaltools.gnu-tools-for-stm32.10.3-2021.10.win32_1.0.0.202111181127/tools/bin/../lib/gcc/arm-none-eabi/10.3.1/../../../../arm-none-eabi/lib/thumb/v7e-m+fp/hard\libc_nano.a(lib_a-strlen.o)
 .ARM.attributes
                0x00000000000005d2       0x34 c:/st/stm32cubeide_1.10.0/stm32cubeide/plugins/com.st.stm32cube.ide.mcu.externaltools.gnu-tools-for-stm32.10.3-2021.10.win32_1.0.0.202111181127/tools/bin/../lib/gcc/arm-none-eabi/10.3.1/../../../../arm-none-eabi/lib/thumb/v7e-m+fp/hard\libc_nano.a(lib_a-nano-mallocr.o)
 .ARM.attributes
                0x0000000000000606       0x34 c:/st/stm32cubeide_1.10.0/stm32cubeide/plugins/com.st.stm32cube.ide.mcu.externaltools.gnu-tools-for-stm32.10.3-2021.10.win32_1.0.0.202111181127/tools/bin/../lib/gcc/arm-none-eabi/10.3.1/../../../../arm-none-eabi/lib/thumb/v7e-m+fp/hard\libc_nano.a(lib_a-nano-reallocr.o)
 .ARM.attributes
                0x000000000000063a       0x34 c:/st/stm32cubeide_1.10.0/stm32cubeide/plugins/com.st.stm32cube.ide.mcu.externaltools.gnu-tools-for-stm32.10.3-2021.10.win32_1.0.0.202111181127/tools/bin/../lib/gcc/arm-none-eabi/10.3.1/../../../../arm-none-eabi/lib/thumb/v7e-m+fp/hard\libc_nano.a(lib_a-reent.o)
 .ARM.attributes
                0x000000000000066e       0x34 c:/st/stm32cubeide_1.10.0/stm32cubeide/plugins/com.st.stm32cube.ide.mcu.externaltools.gnu-tools-for-stm32.10.3-2021.10.win32_1.0.0.202111181127/tools/bin/../lib/gcc/arm-none-eabi/10.3.1/../../../../arm-none-eabi/lib/thumb/v7e-m+fp/hard\libc_nano.a(lib_a-sbrkr.o)
 .ARM.attributes
                0x00000000000006a2       0x34 c:/st/stm32cubeide_1.10.0/stm32cubeide/plugins/com.st.stm32cube.ide.mcu.externaltools.gnu-tools-for-stm32.10.3-2021.10.win32_1.0.0.202111181127/tools/bin/../lib/gcc/arm-none-eabi/10.3.1/../../../../arm-none-eabi/lib/thumb/v7e-m+fp/hard\libc_nano.a(lib_a-mlock.o)
 .ARM.attributes
                0x00000000000006d6       0x34 c:/st/stm32cubeide_1.10.0/stm32cubeide/plugins/com.st.stm32cube.ide.mcu.externaltools.gnu-tools-for-stm32.10.3-2021.10.win32_1.0.0.202111181127/tools/bin/../lib/gcc/arm-none-eabi/10.3.1/../../../../arm-none-eabi/lib/thumb/v7e-m+fp/hard\libc_nano.a(lib_a-nano-freer.o)
 .ARM.attributes
                0x000000000000070a       0x34 c:/st/stm32cubeide_1.10.0/stm32cubeide/plugins/com.st.stm32cube.ide.mcu.externaltools.gnu-tools-for-stm32.10.3-2021.10.win32_1.0.0.202111181127/tools/bin/../lib/gcc/arm-none-eabi/10.3.1/../../../../arm-none-eabi/lib/thumb/v7e-m+fp/hard\libc_nano.a(lib_a-nano-msizer.o)
 .ARM.attributes
                0x000000000000073e       0x34 c:/st/stm32cubeide_1.10.0/stm32cubeide/plugins/com.st.stm32cube.ide.mcu.externaltools.gnu-tools-for-stm32.10.3-2021.10.win32_1.0.0.202111181127/tools/bin/../lib/gcc/arm-none-eabi/10.3.1/../../../../arm-none-eabi/lib/thumb/v7e-m+fp/hard\libc_nano.a(lib_a-lock.o)
 .ARM.attributes
                0x0000000000000772       0x1e c:/st/stm32cubeide_1.10.0/stm32cubeide/plugins/com.st.stm32cube.ide.mcu.externaltools.gnu-tools-for-stm32.10.3-2021.10.win32_1.0.0.202111181127/tools/bin/../lib/gcc/arm-none-eabi/10.3.1/thumb/v7e-m+fp/hard\libgcc.a(_aeabi_uldivmod.o)
 .ARM.attributes
                0x0000000000000790       0x34 c:/st/stm32cubeide_1.10.0/stm32cubeide/plugins/com.st.stm32cube.ide.mcu.externaltools.gnu-tools-for-stm32.10.3-2021.10.win32_1.0.0.202111181127/tools/bin/../lib/gcc/arm-none-eabi/10.3.1/thumb/v7e-m+fp/hard\libgcc.a(_udivmoddi4.o)
 .ARM.attributes
                0x00000000000007c4       0x1e c:/st/stm32cubeide_1.10.0/stm32cubeide/plugins/com.st.stm32cube.ide.mcu.externaltools.gnu-tools-for-stm32.10.3-2021.10.win32_1.0.0.202111181127/tools/bin/../lib/gcc/arm-none-eabi/10.3.1/thumb/v7e-m+fp/hard\libgcc.a(_dvmd_tls.o)
 .ARM.attributes
                0x00000000000007e2       0x1e c:/st/stm32cubeide_1.10.0/stm32cubeide/plugins/com.st.stm32cube.ide.mcu.externaltools.gnu-tools-for-stm32.10.3-2021.10.win32_1.0.0.202111181127/tools/bin/../lib/gcc/arm-none-eabi/10.3.1/thumb/v7e-m+fp/hard/crtn.o
OUTPUT(ROS_UART1.elf elf32-littlearm)
LOAD linker stubs
LOAD c:/st/stm32cubeide_1.10.0/stm32cubeide/plugins/com.st.stm32cube.ide.mcu.externaltools.gnu-tools-for-stm32.10.3-2021.10.win32_1.0.0.202111181127/tools/bin/../lib/gcc/arm-none-eabi/10.3.1/../../../../arm-none-eabi/lib/thumb/v7e-m+fp/hard\libc.a
LOAD c:/st/stm32cubeide_1.10.0/stm32cubeide/plugins/com.st.stm32cube.ide.mcu.externaltools.gnu-tools-for-stm32.10.3-2021.10.win32_1.0.0.202111181127/tools/bin/../lib/gcc/arm-none-eabi/10.3.1/../../../../arm-none-eabi/lib/thumb/v7e-m+fp/hard\libm.a
LOAD c:/st/stm32cubeide_1.10.0/stm32cubeide/plugins/com.st.stm32cube.ide.mcu.externaltools.gnu-tools-for-stm32.10.3-2021.10.win32_1.0.0.202111181127/tools/bin/../lib/gcc/arm-none-eabi/10.3.1/thumb/v7e-m+fp/hard\libgcc.a

.debug_info     0x0000000000000000     0xffee
 .debug_info    0x0000000000000000      0xd59 ./Core/Src/main.o
 .debug_info    0x0000000000000d59     0x528f ./Core/Src/mainpp.o
 .debug_info    0x0000000000005fe8      0xc60 ./Core/Src/stm32f4xx_hal_msp.o
 .debug_info    0x0000000000006c48      0x6b4 ./Core/Src/stm32f4xx_it.o
 .debug_info    0x00000000000072fc      0x6e0 ./Core/Src/syscalls.o
 .debug_info    0x00000000000079dc      0x171 ./Core/Src/sysmem.o
 .debug_info    0x0000000000007b4d      0x523 ./Core/Src/system_stm32f4xx.o
 .debug_info    0x0000000000008070     0x1bea ./Core/Src/time.o
 .debug_info    0x0000000000009c5a       0x22 ./Core/Startup/startup_stm32f407zgtx.o
 .debug_info    0x0000000000009c7c      0x97c ./Drivers/STM32F4xx_HAL_Driver/Src/stm32f4xx_hal.o
 .debug_info    0x000000000000a5f8      0xe1b ./Drivers/STM32F4xx_HAL_Driver/Src/stm32f4xx_hal_cortex.o
 .debug_info    0x000000000000b413      0x94f ./Drivers/STM32F4xx_HAL_Driver/Src/stm32f4xx_hal_dma.o
 .debug_info    0x000000000000bd62      0x76a ./Drivers/STM32F4xx_HAL_Driver/Src/stm32f4xx_hal_gpio.o
 .debug_info    0x000000000000c4cc      0x966 ./Drivers/STM32F4xx_HAL_Driver/Src/stm32f4xx_hal_rcc.o
 .debug_info    0x000000000000ce32     0x31bc ./Drivers/STM32F4xx_HAL_Driver/Src/stm32f4xx_hal_uart.o

.debug_abbrev   0x0000000000000000     0x2387
 .debug_abbrev  0x0000000000000000      0x28d ./Core/Src/main.o
 .debug_abbrev  0x000000000000028d      0x85d ./Core/Src/mainpp.o
 .debug_abbrev  0x0000000000000aea      0x1f6 ./Core/Src/stm32f4xx_hal_msp.o
 .debug_abbrev  0x0000000000000ce0      0x166 ./Core/Src/stm32f4xx_it.o
 .debug_abbrev  0x0000000000000e46      0x1b3 ./Core/Src/syscalls.o
 .debug_abbrev  0x0000000000000ff9       0xbb ./Core/Src/sysmem.o
 .debug_abbrev  0x00000000000010b4      0x116 ./Core/Src/system_stm32f4xx.o
 .debug_abbrev  0x00000000000011ca      0x2cb ./Core/Src/time.o
 .debug_abbrev  0x0000000000001495       0x12 ./Core/Startup/startup_stm32f407zgtx.o
 .debug_abbrev  0x00000000000014a7      0x20d ./Drivers/STM32F4xx_HAL_Driver/Src/stm32f4xx_hal.o
 .debug_abbrev  0x00000000000016b4      0x316 ./Drivers/STM32F4xx_HAL_Driver/Src/stm32f4xx_hal_cortex.o
 .debug_abbrev  0x00000000000019ca      0x25b ./Drivers/STM32F4xx_HAL_Driver/Src/stm32f4xx_hal_dma.o
 .debug_abbrev  0x0000000000001c25      0x1c4 ./Drivers/STM32F4xx_HAL_Driver/Src/stm32f4xx_hal_gpio.o
 .debug_abbrev  0x0000000000001de9      0x2aa ./Drivers/STM32F4xx_HAL_Driver/Src/stm32f4xx_hal_rcc.o
 .debug_abbrev  0x0000000000002093      0x2f4 ./Drivers/STM32F4xx_HAL_Driver/Src/stm32f4xx_hal_uart.o

.debug_aranges  0x0000000000000000      0x9c0
 .debug_aranges
                0x0000000000000000       0x48 ./Core/Src/main.o
 .debug_aranges
                0x0000000000000048      0x1f8 ./Core/Src/mainpp.o
 .debug_aranges
                0x0000000000000240       0x30 ./Core/Src/stm32f4xx_hal_msp.o
 .debug_aranges
                0x0000000000000270       0x78 ./Core/Src/stm32f4xx_it.o
 .debug_aranges
                0x00000000000002e8       0xa8 ./Core/Src/syscalls.o
 .debug_aranges
                0x0000000000000390       0x20 ./Core/Src/sysmem.o
 .debug_aranges
                0x00000000000003b0       0x28 ./Core/Src/system_stm32f4xx.o
 .debug_aranges
                0x00000000000003d8       0x48 ./Core/Src/time.o
 .debug_aranges
                0x0000000000000420       0x28 ./Core/Startup/startup_stm32f407zgtx.o
 .debug_aranges
                0x0000000000000448       0xf0 ./Drivers/STM32F4xx_HAL_Driver/Src/stm32f4xx_hal.o
 .debug_aranges
                0x0000000000000538      0x118 ./Drivers/STM32F4xx_HAL_Driver/Src/stm32f4xx_hal_cortex.o
 .debug_aranges
                0x0000000000000650       0x90 ./Drivers/STM32F4xx_HAL_Driver/Src/stm32f4xx_hal_dma.o
 .debug_aranges
                0x00000000000006e0       0x58 ./Drivers/STM32F4xx_HAL_Driver/Src/stm32f4xx_hal_gpio.o
 .debug_aranges
                0x0000000000000738       0x88 ./Drivers/STM32F4xx_HAL_Driver/Src/stm32f4xx_hal_rcc.o
 .debug_aranges
                0x00000000000007c0      0x200 ./Drivers/STM32F4xx_HAL_Driver/Src/stm32f4xx_hal_uart.o

.debug_ranges   0x0000000000000000      0x920
 .debug_ranges  0x0000000000000000       0x38 ./Core/Src/main.o
 .debug_ranges  0x0000000000000038      0x200 ./Core/Src/mainpp.o
 .debug_ranges  0x0000000000000238       0x20 ./Core/Src/stm32f4xx_hal_msp.o
 .debug_ranges  0x0000000000000258       0x68 ./Core/Src/stm32f4xx_it.o
 .debug_ranges  0x00000000000002c0       0x98 ./Core/Src/syscalls.o
 .debug_ranges  0x0000000000000358       0x10 ./Core/Src/sysmem.o
 .debug_ranges  0x0000000000000368       0x18 ./Core/Src/system_stm32f4xx.o
 .debug_ranges  0x0000000000000380       0x38 ./Core/Src/time.o
 .debug_ranges  0x00000000000003b8       0x20 ./Core/Startup/startup_stm32f407zgtx.o
 .debug_ranges  0x00000000000003d8       0xe0 ./Drivers/STM32F4xx_HAL_Driver/Src/stm32f4xx_hal.o
 .debug_ranges  0x00000000000004b8      0x108 ./Drivers/STM32F4xx_HAL_Driver/Src/stm32f4xx_hal_cortex.o
 .debug_ranges  0x00000000000005c0       0x80 ./Drivers/STM32F4xx_HAL_Driver/Src/stm32f4xx_hal_dma.o
 .debug_ranges  0x0000000000000640       0x48 ./Drivers/STM32F4xx_HAL_Driver/Src/stm32f4xx_hal_gpio.o
 .debug_ranges  0x0000000000000688       0x78 ./Drivers/STM32F4xx_HAL_Driver/Src/stm32f4xx_hal_rcc.o
 .debug_ranges  0x0000000000000700      0x220 ./Drivers/STM32F4xx_HAL_Driver/Src/stm32f4xx_hal_uart.o

.debug_macro    0x0000000000000000    0x22020
 .debug_macro   0x0000000000000000      0x1c4 ./Core/Src/main.o
 .debug_macro   0x00000000000001c4      0xa78 ./Core/Src/main.o
 .debug_macro   0x0000000000000c3c      0x295 ./Core/Src/main.o
 .debug_macro   0x0000000000000ed1       0x2e ./Core/Src/main.o
 .debug_macro   0x0000000000000eff       0x2f ./Core/Src/main.o
 .debug_macro   0x0000000000000f2e       0x8e ./Core/Src/main.o
 .debug_macro   0x0000000000000fbc       0x51 ./Core/Src/main.o
 .debug_macro   0x000000000000100d       0x1c ./Core/Src/main.o
 .debug_macro   0x0000000000001029       0x22 ./Core/Src/main.o
 .debug_macro   0x000000000000104b       0xd9 ./Core/Src/main.o
 .debug_macro   0x0000000000001124     0x102d ./Core/Src/main.o
 .debug_macro   0x0000000000002151      0x11f ./Core/Src/main.o
 .debug_macro   0x0000000000002270    0x15e82 ./Core/Src/main.o
 .debug_macro   0x00000000000180f2       0x6d ./Core/Src/main.o
 .debug_macro   0x000000000001815f     0x367e ./Core/Src/main.o
 .debug_macro   0x000000000001b7dd      0x174 ./Core/Src/main.o
 .debug_macro   0x000000000001b951       0x5c ./Core/Src/main.o
 .debug_macro   0x000000000001b9ad      0x96b ./Core/Src/main.o
 .debug_macro   0x000000000001c318      0x9fe ./Core/Src/main.o
 .debug_macro   0x000000000001cd16      0x115 ./Core/Src/main.o
 .debug_macro   0x000000000001ce2b      0x13e ./Core/Src/main.o
 .debug_macro   0x000000000001cf69       0xa5 ./Core/Src/main.o
 .debug_macro   0x000000000001d00e      0x174 ./Core/Src/main.o
 .debug_macro   0x000000000001d182      0x287 ./Core/Src/main.o
 .debug_macro   0x000000000001d409       0x5f ./Core/Src/main.o
 .debug_macro   0x000000000001d468      0x236 ./Core/Src/main.o
 .debug_macro   0x000000000001d69e      0x12c ./Core/Src/main.o
 .debug_macro   0x000000000001d7ca      0x21e ./Core/Src/main.o
 .debug_macro   0x000000000001d9e8       0x2e ./Core/Src/main.o
 .debug_macro   0x000000000001da16      0x11a ./Core/Src/main.o
 .debug_macro   0x000000000001db30       0x7e ./Core/Src/main.o
 .debug_macro   0x000000000001dbae       0x89 ./Core/Src/main.o
 .debug_macro   0x000000000001dc37      0x295 ./Core/Src/main.o
 .debug_macro   0x000000000001decc      0x12d ./Core/Src/main.o
 .debug_macro   0x000000000001dff9      0x40e ./Core/Src/mainpp.o
 .debug_macro   0x000000000001e407       0x52 ./Core/Src/mainpp.o
 .debug_macro   0x000000000001e459       0x10 ./Core/Src/mainpp.o
 .debug_macro   0x000000000001e469       0x20 ./Core/Src/mainpp.o
 .debug_macro   0x000000000001e489       0x10 ./Core/Src/mainpp.o
 .debug_macro   0x000000000001e499       0x1c ./Core/Src/mainpp.o
 .debug_macro   0x000000000001e4b5       0xde ./Core/Src/mainpp.o
 .debug_macro   0x000000000001e593       0x8e ./Core/Src/mainpp.o
 .debug_macro   0x000000000001e621      0x3cd ./Core/Src/mainpp.o
 .debug_macro   0x000000000001e9ee       0x10 ./Core/Src/mainpp.o
 .debug_macro   0x000000000001e9fe     0x102d ./Core/Src/mainpp.o
 .debug_macro   0x000000000001fa2b       0x56 ./Core/Src/mainpp.o
 .debug_macro   0x000000000001fa81      0x1c4 ./Core/Src/stm32f4xx_hal_msp.o
 .debug_macro   0x000000000001fc45      0x1ce ./Core/Src/stm32f4xx_it.o
 .debug_macro   0x000000000001fe13      0x24c ./Core/Src/syscalls.o
 .debug_macro   0x000000000002005f       0x34 ./Core/Src/syscalls.o
 .debug_macro   0x0000000000020093      0x341 ./Core/Src/syscalls.o
 .debug_macro   0x00000000000203d4       0x43 ./Core/Src/syscalls.o
 .debug_macro   0x0000000000020417       0x1c ./Core/Src/syscalls.o
 .debug_macro   0x0000000000020433       0x10 ./Core/Src/syscalls.o
 .debug_macro   0x0000000000020443       0x35 ./Core/Src/syscalls.o
 .debug_macro   0x0000000000020478       0x10 ./Core/Src/syscalls.o
 .debug_macro   0x0000000000020488       0x10 ./Core/Src/syscalls.o
 .debug_macro   0x0000000000020498       0x10 ./Core/Src/syscalls.o
 .debug_macro   0x00000000000204a8       0x1c ./Core/Src/syscalls.o
 .debug_macro   0x00000000000204c4       0x52 ./Core/Src/syscalls.o
 .debug_macro   0x0000000000020516       0x22 ./Core/Src/syscalls.o
 .debug_macro   0x0000000000020538       0x10 ./Core/Src/syscalls.o
 .debug_macro   0x0000000000020548       0x52 ./Core/Src/syscalls.o
 .debug_macro   0x000000000002059a       0xd5 ./Core/Src/syscalls.o
 .debug_macro   0x000000000002066f       0x1c ./Core/Src/syscalls.o
 .debug_macro   0x000000000002068b       0x3d ./Core/Src/syscalls.o
 .debug_macro   0x00000000000206c8       0x35 ./Core/Src/syscalls.o
 .debug_macro   0x00000000000206fd      0x12c ./Core/Src/syscalls.o
 .debug_macro   0x0000000000020829       0x10 ./Core/Src/syscalls.o
 .debug_macro   0x0000000000020839      0x241 ./Core/Src/syscalls.o
 .debug_macro   0x0000000000020a7a       0x1c ./Core/Src/syscalls.o
 .debug_macro   0x0000000000020a96       0x10 ./Core/Src/syscalls.o
 .debug_macro   0x0000000000020aa6       0x10 ./Core/Src/syscalls.o
 .debug_macro   0x0000000000020ab6       0x16 ./Core/Src/syscalls.o
 .debug_macro   0x0000000000020acc      0x145 ./Core/Src/syscalls.o
 .debug_macro   0x0000000000020c11      0x189 ./Core/Src/syscalls.o
 .debug_macro   0x0000000000020d9a       0x16 ./Core/Src/syscalls.o
 .debug_macro   0x0000000000020db0       0xce ./Core/Src/syscalls.o
 .debug_macro   0x0000000000020e7e       0xff ./Core/Src/sysmem.o
 .debug_macro   0x0000000000020f7d      0x23b ./Core/Src/sysmem.o
 .debug_macro   0x00000000000211b8      0x1ba ./Core/Src/system_stm32f4xx.o
 .debug_macro   0x0000000000021372      0x1c1 ./Core/Src/time.o
 .debug_macro   0x0000000000021533      0x21a ./Drivers/STM32F4xx_HAL_Driver/Src/stm32f4xx_hal.o
 .debug_macro   0x000000000002174d      0x1ba ./Drivers/STM32F4xx_HAL_Driver/Src/stm32f4xx_hal_cortex.o
 .debug_macro   0x0000000000021907      0x1c0 ./Drivers/STM32F4xx_HAL_Driver/Src/stm32f4xx_hal_dma.o
 .debug_macro   0x0000000000021ac7      0x1c0 ./Drivers/STM32F4xx_HAL_Driver/Src/stm32f4xx_hal_gpio.o
 .debug_macro   0x0000000000021c87      0x1de ./Drivers/STM32F4xx_HAL_Driver/Src/stm32f4xx_hal_rcc.o
 .debug_macro   0x0000000000021e65      0x1bb ./Drivers/STM32F4xx_HAL_Driver/Src/stm32f4xx_hal_uart.o

.debug_line     0x0000000000000000     0xbdfb
 .debug_line    0x0000000000000000      0x76a ./Core/Src/main.o
 .debug_line    0x000000000000076a     0x2302 ./Core/Src/mainpp.o
 .debug_line    0x0000000000002a6c      0x729 ./Core/Src/stm32f4xx_hal_msp.o
 .debug_line    0x0000000000003195      0x795 ./Core/Src/stm32f4xx_it.o
 .debug_line    0x000000000000392a      0x7f4 ./Core/Src/syscalls.o
 .debug_line    0x000000000000411e      0x4ea ./Core/Src/sysmem.o
 .debug_line    0x0000000000004608      0x70c ./Core/Src/system_stm32f4xx.o
 .debug_line    0x0000000000004d14      0xa0d ./Core/Src/time.o
 .debug_line    0x0000000000005721       0x88 ./Core/Startup/startup_stm32f407zgtx.o
 .debug_line    0x00000000000057a9      0x972 ./Drivers/STM32F4xx_HAL_Driver/Src/stm32f4xx_hal.o
 .debug_line    0x000000000000611b      0xc21 ./Drivers/STM32F4xx_HAL_Driver/Src/stm32f4xx_hal_cortex.o
 .debug_line    0x0000000000006d3c      0xed6 ./Drivers/STM32F4xx_HAL_Driver/Src/stm32f4xx_hal_dma.o
 .debug_line    0x0000000000007c12      0xae6 ./Drivers/STM32F4xx_HAL_Driver/Src/stm32f4xx_hal_gpio.o
 .debug_line    0x00000000000086f8      0xcec ./Drivers/STM32F4xx_HAL_Driver/Src/stm32f4xx_hal_rcc.o
 .debug_line    0x00000000000093e4     0x2a17 ./Drivers/STM32F4xx_HAL_Driver/Src/stm32f4xx_hal_uart.o

.debug_str      0x0000000000000000    0xc981e
 .debug_str     0x0000000000000000    0xbcf4b ./Core/Src/main.o
                                      0xbd2db (size before relaxing)
 .debug_str     0x00000000000bcf4b     0x889d ./Core/Src/mainpp.o
                                      0xc540a (size before relaxing)
 .debug_str     0x00000000000c57e8      0x106 ./Core/Src/stm32f4xx_hal_msp.o
                                      0xbd218 (size before relaxing)
 .debug_str     0x00000000000c58ee      0x132 ./Core/Src/stm32f4xx_it.o
                                      0xbcbdc (size before relaxing)
 .debug_str     0x00000000000c5a20     0x26d8 ./Core/Src/syscalls.o
                                       0x8a71 (size before relaxing)
 .debug_str     0x00000000000c80f8       0x6b ./Core/Src/sysmem.o
                                       0x5dad (size before relaxing)
 .debug_str     0x00000000000c8163       0xdb ./Core/Src/system_stm32f4xx.o
                                      0xbc81d (size before relaxing)
 .debug_str     0x00000000000c823e       0x71 ./Core/Src/time.o
                                       0xa1ed (size before relaxing)
 .debug_str     0x00000000000c82af       0x36 ./Core/Startup/startup_stm32f407zgtx.o
                                         0x6f (size before relaxing)
 .debug_str     0x00000000000c82e5      0x5fc ./Drivers/STM32F4xx_HAL_Driver/Src/stm32f4xx_hal.o
                                      0xbd3a1 (size before relaxing)
 .debug_str     0x00000000000c88e1      0x31a ./Drivers/STM32F4xx_HAL_Driver/Src/stm32f4xx_hal_cortex.o
                                      0xbd0d4 (size before relaxing)
 .debug_str     0x00000000000c8bfb      0x2f9 ./Drivers/STM32F4xx_HAL_Driver/Src/stm32f4xx_hal_dma.o
                                      0xbcc37 (size before relaxing)
 .debug_str     0x00000000000c8ef4      0x15d ./Drivers/STM32F4xx_HAL_Driver/Src/stm32f4xx_hal_gpio.o
                                      0xbc998 (size before relaxing)
 .debug_str     0x00000000000c9051      0x233 ./Drivers/STM32F4xx_HAL_Driver/Src/stm32f4xx_hal_rcc.o
                                      0xbcc51 (size before relaxing)
 .debug_str     0x00000000000c9284      0x59a ./Drivers/STM32F4xx_HAL_Driver/Src/stm32f4xx_hal_uart.o
                                      0xbd1f0 (size before relaxing)

.comment        0x0000000000000000       0x50
 .comment       0x0000000000000000       0x50 ./Core/Src/main.o
                                         0x51 (size before relaxing)
 .comment       0x0000000000000050       0x51 ./Core/Src/mainpp.o
 .comment       0x0000000000000050       0x51 ./Core/Src/stm32f4xx_hal_msp.o
 .comment       0x0000000000000050       0x51 ./Core/Src/stm32f4xx_it.o
 .comment       0x0000000000000050       0x51 ./Core/Src/syscalls.o
 .comment       0x0000000000000050       0x51 ./Core/Src/sysmem.o
 .comment       0x0000000000000050       0x51 ./Core/Src/system_stm32f4xx.o
 .comment       0x0000000000000050       0x51 ./Core/Src/time.o
 .comment       0x0000000000000050       0x51 ./Drivers/STM32F4xx_HAL_Driver/Src/stm32f4xx_hal.o
 .comment       0x0000000000000050       0x51 ./Drivers/STM32F4xx_HAL_Driver/Src/stm32f4xx_hal_cortex.o
 .comment       0x0000000000000050       0x51 ./Drivers/STM32F4xx_HAL_Driver/Src/stm32f4xx_hal_dma.o
 .comment       0x0000000000000050       0x51 ./Drivers/STM32F4xx_HAL_Driver/Src/stm32f4xx_hal_gpio.o
 .comment       0x0000000000000050       0x51 ./Drivers/STM32F4xx_HAL_Driver/Src/stm32f4xx_hal_rcc.o
 .comment       0x0000000000000050       0x51 ./Drivers/STM32F4xx_HAL_Driver/Src/stm32f4xx_hal_uart.o

.debug_frame    0x0000000000000000     0x2bf0
 .debug_frame   0x0000000000000000       0xd0 ./Core/Src/main.o
 .debug_frame   0x00000000000000d0      0x8dc ./Core/Src/mainpp.o
 .debug_frame   0x00000000000009ac       0x80 ./Core/Src/stm32f4xx_hal_msp.o
 .debug_frame   0x0000000000000a2c      0x158 ./Core/Src/stm32f4xx_it.o
 .debug_frame   0x0000000000000b84      0x2ac ./Core/Src/syscalls.o
 .debug_frame   0x0000000000000e30       0x34 ./Core/Src/sysmem.o
 .debug_frame   0x0000000000000e64       0x58 ./Core/Src/system_stm32f4xx.o
 .debug_frame   0x0000000000000ebc       0xf0 ./Core/Src/time.o
 .debug_frame   0x0000000000000fac      0x374 ./Drivers/STM32F4xx_HAL_Driver/Src/stm32f4xx_hal.o
 .debug_frame   0x0000000000001320      0x498 ./Drivers/STM32F4xx_HAL_Driver/Src/stm32f4xx_hal_cortex.o
 .debug_frame   0x00000000000017b8      0x250 ./Drivers/STM32F4xx_HAL_Driver/Src/stm32f4xx_hal_dma.o
 .debug_frame   0x0000000000001a08      0x14c ./Drivers/STM32F4xx_HAL_Driver/Src/stm32f4xx_hal_gpio.o
 .debug_frame   0x0000000000001b54      0x1f4 ./Drivers/STM32F4xx_HAL_Driver/Src/stm32f4xx_hal_rcc.o
 .debug_frame   0x0000000000001d48      0x92c ./Drivers/STM32F4xx_HAL_Driver/Src/stm32f4xx_hal_uart.o
 .debug_frame   0x0000000000002674       0x40 c:/st/stm32cubeide_1.10.0/stm32cubeide/plugins/com.st.stm32cube.ide.mcu.externaltools.gnu-tools-for-stm32.10.3-2021.10.win32_1.0.0.202111181127/tools/bin/../lib/gcc/arm-none-eabi/10.3.1/../../../../arm-none-eabi/lib/thumb/v7e-m+fp/hard\libstdc++_nano.a(pure.o)
 .debug_frame   0x00000000000026b4       0xb0 c:/st/stm32cubeide_1.10.0/stm32cubeide/plugins/com.st.stm32cube.ide.mcu.externaltools.gnu-tools-for-stm32.10.3-2021.10.win32_1.0.0.202111181127/tools/bin/../lib/gcc/arm-none-eabi/10.3.1/../../../../arm-none-eabi/lib/thumb/v7e-m+fp/hard\libstdc++_nano.a(eh_terminate.o)
 .debug_frame   0x0000000000002764       0x28 c:/st/stm32cubeide_1.10.0/stm32cubeide/plugins/com.st.stm32cube.ide.mcu.externaltools.gnu-tools-for-stm32.10.3-2021.10.win32_1.0.0.202111181127/tools/bin/../lib/gcc/arm-none-eabi/10.3.1/../../../../arm-none-eabi/lib/thumb/v7e-m+fp/hard\libc_nano.a(lib_a-abort.o)
 .debug_frame   0x000000000000278c       0x20 c:/st/stm32cubeide_1.10.0/stm32cubeide/plugins/com.st.stm32cube.ide.mcu.externaltools.gnu-tools-for-stm32.10.3-2021.10.win32_1.0.0.202111181127/tools/bin/../lib/gcc/arm-none-eabi/10.3.1/../../../../arm-none-eabi/lib/thumb/v7e-m+fp/hard\libc_nano.a(lib_a-errno.o)
 .debug_frame   0x00000000000027ac       0x2c c:/st/stm32cubeide_1.10.0/stm32cubeide/plugins/com.st.stm32cube.ide.mcu.externaltools.gnu-tools-for-stm32.10.3-2021.10.win32_1.0.0.202111181127/tools/bin/../lib/gcc/arm-none-eabi/10.3.1/../../../../arm-none-eabi/lib/thumb/v7e-m+fp/hard\libc_nano.a(lib_a-init.o)