Archive member included to satisfy reference by file (symbol)

c:/st/stm32cubeide_1.10.1/stm32cubeide/plugins/com.st.stm32cube.ide.mcu.externaltools.gnu-tools-for-stm32.10.3-2021.10.win32_1.0.0.202111181127/tools/bin/../lib/gcc/arm-none-eabi/10.3.1/../../../../arm-none-eabi/lib/thumb/v7e-m+fp/hard\libstdc++_nano.a(pure.o)
                              ./Core/Src/mainpp.o (__cxa_pure_virtual)
c:/st/stm32cubeide_1.10.1/stm32cubeide/plugins/com.st.stm32cube.ide.mcu.externaltools.gnu-tools-for-stm32.10.3-2021.10.win32_1.0.0.202111181127/tools/bin/../lib/gcc/arm-none-eabi/10.3.1/../../../../arm-none-eabi/lib/thumb/v7e-m+fp/hard\libstdc++_nano.a(eh_terminate.o)
                              c:/st/stm32cubeide_1.10.1/stm32cubeide/plugins/com.st.stm32cube.ide.mcu.externaltools.gnu-tools-for-stm32.10.3-2021.10.win32_1.0.0.202111181127/tools/bin/../lib/gcc/arm-none-eabi/10.3.1/../../../../arm-none-eabi/lib/thumb/v7e-m+fp/hard\libstdc++_nano.a(pure.o) (std::terminate())
c:/st/stm32cubeide_1.10.1/stm32cubeide/plugins/com.st.stm32cube.ide.mcu.externaltools.gnu-tools-for-stm32.10.3-2021.10.win32_1.0.0.202111181127/tools/bin/../lib/gcc/arm-none-eabi/10.3.1/../../../../arm-none-eabi/lib/thumb/v7e-m+fp/hard\libstdc++_nano.a(eh_unex_handler.o)
                              c:/st/stm32cubeide_1.10.1/stm32cubeide/plugins/com.st.stm32cube.ide.mcu.externaltools.gnu-tools-for-stm32.10.3-2021.10.win32_1.0.0.202111181127/tools/bin/../lib/gcc/arm-none-eabi/10.3.1/../../../../arm-none-eabi/lib/thumb/v7e-m+fp/hard\libstdc++_nano.a(eh_terminate.o) (__cxxabiv1::__unexpected_handler)
c:/st/stm32cubeide_1.10.1/stm32cubeide/plugins/com.st.stm32cube.ide.mcu.externaltools.gnu-tools-for-stm32.10.3-2021.10.win32_1.0.0.202111181127/tools/bin/../lib/gcc/arm-none-eabi/10.3.1/../../../../arm-none-eabi/lib/thumb/v7e-m+fp/hard\libstdc++_nano.a(eh_term_handler.o)
                              c:/st/stm32cubeide_1.10.1/stm32cubeide/plugins/com.st.stm32cube.ide.mcu.externaltools.gnu-tools-for-stm32.10.3-2021.10.win32_1.0.0.202111181127/tools/bin/../lib/gcc/arm-none-eabi/10.3.1/../../../../arm-none-eabi/lib/thumb/v7e-m+fp/hard\libstdc++_nano.a(eh_terminate.o) (__cxxabiv1::__terminate_handler)
c:/st/stm32cubeide_1.10.1/stm32cubeide/plugins/com.st.stm32cube.ide.mcu.externaltools.gnu-tools-for-stm32.10.3-2021.10.win32_1.0.0.202111181127/tools/bin/../lib/gcc/arm-none-eabi/10.3.1/../../../../arm-none-eabi/lib/thumb/v7e-m+fp/hard\libc_nano.a(lib_a-abort.o)
                              c:/st/stm32cubeide_1.10.1/stm32cubeide/plugins/com.st.stm32cube.ide.mcu.externaltools.gnu-tools-for-stm32.10.3-2021.10.win32_1.0.0.202111181127/tools/bin/../lib/gcc/arm-none-eabi/10.3.1/../../../../arm-none-eabi/lib/thumb/v7e-m+fp/hard\libstdc++_nano.a(eh_terminate.o) (abort)
c:/st/stm32cubeide_1.10.1/stm32cubeide/plugins/com.st.stm32cube.ide.mcu.externaltools.gnu-tools-for-stm32.10.3-2021.10.win32_1.0.0.202111181127/tools/bin/../lib/gcc/arm-none-eabi/10.3.1/../../../../arm-none-eabi/lib/thumb/v7e-m+fp/hard\libc_nano.a(lib_a-errno.o)
                              ./Core/Src/syscalls.o (__errno)
c:/st/stm32cubeide_1.10.1/stm32cubeide/plugins/com.st.stm32cube.ide.mcu.externaltools.gnu-tools-for-stm32.10.3-2021.10.win32_1.0.0.202111181127/tools/bin/../lib/gcc/arm-none-eabi/10.3.1/../../../../arm-none-eabi/lib/thumb/v7e-m+fp/hard\libc_nano.a(lib_a-exit.o)
                              c:/st/stm32cubeide_1.10.1/stm32cubeide/plugins/com.st.stm32cube.ide.mcu.externaltools.gnu-tools-for-stm32.10.3-2021.10.win32_1.0.0.202111181127/tools/bin/../lib/gcc/arm-none-eabi/10.3.1/../../../../arm-none-eabi/lib/thumb/v7e-m+fp/hard/crt0.o (exit)
c:/st/stm32cubeide_1.10.1/stm32cubeide/plugins/com.st.stm32cube.ide.mcu.externaltools.gnu-tools-for-stm32.10.3-2021.10.win32_1.0.0.202111181127/tools/bin/../lib/gcc/arm-none-eabi/10.3.1/../../../../arm-none-eabi/lib/thumb/v7e-m+fp/hard\libc_nano.a(lib_a-impure.o)
                              c:/st/stm32cubeide_1.10.1/stm32cubeide/plugins/com.st.stm32cube.ide.mcu.externaltools.gnu-tools-for-stm32.10.3-2021.10.win32_1.0.0.202111181127/tools/bin/../lib/gcc/arm-none-eabi/10.3.1/../../../../arm-none-eabi/lib/thumb/v7e-m+fp/hard\libc_nano.a(lib_a-exit.o) (_global_impure_ptr)
c:/st/stm32cubeide_1.10.1/stm32cubeide/plugins/com.st.stm32cube.ide.mcu.externaltools.gnu-tools-for-stm32.10.3-2021.10.win32_1.0.0.202111181127/tools/bin/../lib/gcc/arm-none-eabi/10.3.1/../../../../arm-none-eabi/lib/thumb/v7e-m+fp/hard\libc_nano.a(lib_a-init.o)
                              c:/st/stm32cubeide_1.10.1/stm32cubeide/plugins/com.st.stm32cube.ide.mcu.externaltools.gnu-tools-for-stm32.10.3-2021.10.win32_1.0.0.202111181127/tools/bin/../lib/gcc/arm-none-eabi/10.3.1/../../../../arm-none-eabi/lib/thumb/v7e-m+fp/hard/crt0.o (__libc_init_array)
[...]
Memory Configuration

Name             Origin             Length             Attributes
CCMRAM           0x0000000010000000 0x0000000000010000 xrw
RAM              0x0000000020000000 0x0000000000020000 xrw
FLASH            0x0000000008000000 0x0000000000100000 xr
*default*        0x0000000000000000 0xffffffffffffffff

Linker script and memory map

LOAD c:/st/stm32cubeide_1.10.1/stm32cubeide/plugins/com.st.stm32cube.ide.mcu.externaltools.gnu-tools-for-stm32.10.3-2021.10.win32_1.0.0.202111181127/tools/bin/../lib/gcc/arm-none-eabi/10.3.1/thumb/v7e-m+fp/hard/crti.o
LOAD c:/st/stm32cubeide_1.10.1/stm32cubeide/plugins/com.st.stm32cube.ide.mcu.externaltools.gnu-tools-for-stm32.10.3-2021.10.win32_1.0.0.202111181127/tools/bin/../lib/gcc/arm-none-eabi/10.3.1/thumb/v7e-m+fp/hard/crtbegin.o
LOAD c:/st/stm32cubeide_1.10.1/stm32cubeide/plugins/com.st.stm32cube.ide.mcu.externaltools.gnu-tools-for-stm32.10.3-2021.10.win32_1.0.0.202111181127/tools/bin/../lib/gcc/arm-none-eabi/10.3.1/../../../../arm-none-eabi/lib/thumb/v7e-m+fp/hard/crt0.o
LOAD ./Core/Src/duration.o
LOAD ./Core/Src/main.o
LOAD ./Core/Src/mainpp.o
LOAD ./Core/Src/stm32f4xx_hal_msp.o
LOAD ./Core/Src/stm32f4xx_it.o
LOAD ./Core/Src/syscalls.o
LOAD ./Core/Src/sysmem.o
LOAD ./Core/Src/system_stm32f4xx.o
LOAD ./Core/Src/time.o
LOAD ./Core/Startup/startup_stm32f407zgtx.o
LOAD ./Drivers/STM32F4xx_HAL_Driver/Src/stm32f4xx_hal.o
LOAD ./Drivers/STM32F4xx_HAL_Driver/Src/stm32f4xx_hal_cortex.o
LOAD ./Drivers/STM32F4xx_HAL_Driver/Src/stm32f4xx_hal_dma.o
LOAD ./Drivers/STM32F4xx_HAL_Driver/Src/stm32f4xx_hal_dma_ex.o
LOAD ./Drivers/STM32F4xx_HAL_Driver/Src/stm32f4xx_hal_exti.o
LOAD ./Drivers/STM32F4xx_HAL_Driver/Src/stm32f4xx_hal_flash.o
LOAD ./Drivers/STM32F4xx_HAL_Driver/Src/stm32f4xx_hal_flash_ex.o
LOAD ./Drivers/STM32F4xx_HAL_Driver/Src/stm32f4xx_hal_flash_ramfunc.o
LOAD ./Drivers/STM32F4xx_HAL_Driver/Src/stm32f4xx_hal_gpio.o
LOAD ./Drivers/STM32F4xx_HAL_Driver/Src/stm32f4xx_hal_pwr.o
LOAD ./Drivers/STM32F4xx_HAL_Driver/Src/stm32f4xx_hal_pwr_ex.o
LOAD ./Drivers/STM32F4xx_HAL_Driver/Src/stm32f4xx_hal_rcc.o
LOAD ./Drivers/STM32F4xx_HAL_Driver/Src/stm32f4xx_hal_rcc_ex.o
LOAD ./Drivers/STM32F4xx_HAL_Driver/Src/stm32f4xx_hal_tim.o
LOAD ./Drivers/STM32F4xx_HAL_Driver/Src/stm32f4xx_hal_tim_ex.o
LOAD ./Drivers/STM32F4xx_HAL_Driver/Src/stm32f4xx_hal_uart.o
START GROUP
LOAD c:/st/stm32cubeide_1.10.1/stm32cubeide/plugins/com.st.stm32cube.ide.mcu.externaltools.gnu-tools-for-stm32.10.3-2021.10.win32_1.0.0.202111181127/tools/bin/../lib/gcc/arm-none-eabi/10.3.1/../../../../arm-none-eabi/lib/thumb/v7e-m+fp/hard\libstdc++_nano.a
LOAD c:/st/stm32cubeide_1.10.1/stm32cubeide/plugins/com.st.stm32cube.ide.mcu.externaltools.gnu-tools-for-stm32.10.3-2021.10.win32_1.0.0.202111181127/tools/bin/../lib/gcc/arm-none-eabi/10.3.1/../../../../arm-none-eabi/lib/thumb/v7e-m+fp/hard\libsupc++_nano.a
END GROUP
LOAD c:/st/stm32cubeide_1.10.1/stm32cubeide/plugins/com.st.stm32cube.ide.mcu.externaltools.gnu-tools-for-stm32.10.3-2021.10.win32_1.0.0.202111181127/tools/bin/../lib/gcc/arm-none-eabi/10.3.1/../../../../arm-none-eabi/lib/thumb/v7e-m+fp/hard\libstdc++_nano.a
LOAD c:/st/stm32cubeide_1.10.1/stm32cubeide/plugins/com.st.stm32cube.ide.mcu.externaltools.gnu-tools-for-stm32.10.3-2021.10.win32_1.0.0.202111181127/tools/bin/../lib/gcc/arm-none-eabi/10.3.1/../../../../arm-none-eabi/lib/thumb/v7e-m+fp/hard\libm.a
LOAD c:/st/stm32cubeide_1.10.1/stm32cubeide/plugins/com.st.stm32cube.ide.mcu.externaltools.gnu-tools-for-stm32.10.3-2021.10.win32_1.0.0.202111181127/tools/bin/../lib/gcc/arm-none-eabi/10.3.1/../../../../arm-none-eabi/lib/thumb/v7e-m+fp/hard\libc_nano.a
START GROUP
LOAD c:/st/stm32cubeide_1.10.1/stm32cubeide/plugins/com.st.stm32cube.ide.mcu.externaltools.gnu-tools-for-stm32.10.3-2021.10.win32_1.0.0.202111181127/tools/bin/../lib/gcc/arm-none-eabi/10.3.1/thumb/v7e-m+fp/hard\libgcc.a
LOAD c:/st/stm32cubeide_1.10.1/stm32cubeide/plugins/com.st.stm32cube.ide.mcu.externaltools.gnu-tools-for-stm32.10.3-2021.10.win32_1.0.0.202111181127/tools/bin/../lib/gcc/arm-none-eabi/10.3.1/../../../../arm-none-eabi/lib/thumb/v7e-m+fp/hard\libc_nano.a
END GROUP
START GROUP
LOAD c:/st/stm32cubeide_1.10.1/stm32cubeide/plugins/com.st.stm32cube.ide.mcu.externaltools.gnu-tools-for-stm32.10.3-2021.10.win32_1.0.0.202111181127/tools/bin/../lib/gcc/arm-none-eabi/10.3.1/thumb/v7e-m+fp/hard\libgcc.a
LOAD c:/st/stm32cubeide_1.10.1/stm32cubeide/plugins/com.st.stm32cube.ide.mcu.externaltools.gnu-tools-for-stm32.10.3-2021.10.win32_1.0.0.202111181127/tools/bin/../lib/gcc/arm-none-eabi/10.3.1/../../../../arm-none-eabi/lib/thumb/v7e-m+fp/hard\libc_nano.a
LOAD c:/st/stm32cubeide_1.10.1/stm32cubeide/plugins/com.st.stm32cube.ide.mcu.externaltools.gnu-tools-for-stm32.10.3-2021.10.win32_1.0.0.202111181127/tools/bin/../lib/gcc/arm-none-eabi/10.3.1/../../../../arm-none-eabi/lib/thumb/v7e-m+fp/hard\libnosys.a
END GROUP
START GROUP
LOAD c:/st/stm32cubeide_1.10.1/stm32cubeide/plugins/com.st.stm32cube.ide.mcu.externaltools.gnu-tools-for-stm32.10.3-2021.10.win32_1.0.0.202111181127/tools/bin/../lib/gcc/arm-none-eabi/10.3.1/thumb/v7e-m+fp/hard\libgcc.a
LOAD c:/st/stm32cubeide_1.10.1/stm32cubeide/plugins/com.st.stm32cube.ide.mcu.externaltools.gnu-tools-for-stm32.10.3-2021.10.win32_1.0.0.202111181127/tools/bin/../lib/gcc/arm-none-eabi/10.3.1/../../../../arm-none-eabi/lib/thumb/v7e-m+fp/hard\libc_nano.a
LOAD c:/st/stm32cubeide_1.10.1/stm32cubeide/plugins/com.st.stm32cube.ide.mcu.externaltools.gnu-tools-for-stm32.10.3-2021.10.win32_1.0.0.202111181127/tools/bin/../lib/gcc/arm-none-eabi/10.3.1/../../../../arm-none-eabi/lib/thumb/v7e-m+fp/hard\libnosys.a
END GROUP
LOAD c:/st/stm32cubeide_1.10.1/stm32cubeide/plugins/com.st.stm32cube.ide.mcu.externaltools.gnu-tools-for-stm32.10.3-2021.10.win32_1.0.0.202111181127/tools/bin/../lib/gcc/arm-none-eabi/10.3.1/thumb/v7e-m+fp/hard/crtend.o
LOAD c:/st/stm32cubeide_1.10.1/stm32cubeide/plugins/com.st.stm32cube.ide.mcu.externaltools.gnu-tools-for-stm32.10.3-2021.10.win32_1.0.0.202111181127/tools/bin/../lib/gcc/arm-none-eabi/10.3.1/thumb/v7e-m+fp/hard/crtn.o
                0x0000000020020000                _estack = (ORIGIN (RAM) + LENGTH (RAM))
                0x0000000000000200                _Min_Heap_Size = 0x200
                0x0000000000000400                _Min_Stack_Size = 0x400

.isr_vector     0x0000000008000000      0x188
                0x0000000008000000                . = ALIGN (0x4)
 *(.isr_vector)
 .isr_vector    0x0000000008000000      0x188 ./Core/Startup/startup_stm32f407zgtx.o
                0x0000000008000000                g_pfnVectors
                0x0000000008000188                . = ALIGN (0x4)

.text           0x0000000008000188     0x6024
                0x0000000008000188                . = ALIGN (0x4)
 *(.text)
 .text          0x0000000008000188       0x40 c:/st/stm32cubeide_1.10.1/stm32cubeide/plugins/com.st.stm32cube.ide.mcu.externaltools.gnu-tools-for-stm32.10.3-2021.10.win32_1.0.0.202111181127/tools/bin/../lib/gcc/arm-none-eabi/10.3.1/thumb/v7e-m+fp/hard/crtbegin.o
 .text          0x00000000080001c8       0x10 c:/st/stm32cubeide_1.10.1/stm32cubeide/plugins/com.st.stm32cube.ide.mcu.externaltools.gnu-tools-for-stm32.10.3-2021.10.win32_1.0.0.202111181127/tools/bin/../lib/gcc/arm-none-eabi/10.3.1/../../../../arm-none-eabi/lib/thumb/v7e-m+fp/hard\libc_nano.a(lib_a-strlen.o)
                0x00000000080001c8                strlen
 .text          0x00000000080001d8       0x30 c:/st/stm32cubeide_1.10.1/stm32cubeide/plugins/com.st.stm32cube.ide.mcu.externaltools.gnu-tools-for-stm32.10.3-2021.10.win32_1.0.0.202111181127/tools/bin/../lib/gcc/arm-none-eabi/10.3.1/thumb/v7e-m+fp/hard\libgcc.a(_aeabi_uldivmod.o)
                0x00000000080001d8                __aeabi_uldivmod
 .text          0x0000000008000208      0x2d0 c:/st/stm32cubeide_1.10.1/stm32cubeide/plugins/com.st.stm32cube.ide.mcu.externaltools.gnu-tools-for-stm32.10.3-2021.10.win32_1.0.0.202111181127/tools/bin/../lib/gcc/arm-none-eabi/10.3.1/thumb/v7e-m+fp/hard\libgcc.a(_udivmoddi4.o)
                0x0000000008000208                __udivmoddi4
 .text          0x00000000080004d8        0x4 c:/st/stm32cubeide_1.10.1/stm32cubeide/plugins/com.st.stm32cube.ide.mcu.externaltools.gnu-tools-for-stm32.10.3-2021.10.win32_1.0.0.202111181127/tools/bin/../lib/gcc/arm-none-eabi/10.3.1/thumb/v7e-m+fp/hard\libgcc.a(_dvmd_tls.o)
                0x00000000080004d8                __aeabi_idiv0
                0x00000000080004d8                __aeabi_ldiv0
 *(.text*)
 .text.main     0x00000000080004dc       0x26 ./Core/Src/main.o
                0x00000000080004dc                main
 *fill*         0x0000000008000502        0x2 
 .text.SystemClock_Config
                0x0000000008000504       0xd0 ./Core/Src/main.o
                0x0000000008000504                SystemClock_Config
 .text.MX_USART1_UART_Init
                0x00000000080005d4       0x54 ./Core/Src/main.o
 .text.MX_DMA_Init
                0x0000000008000628       0x50 ./Core/Src/main.o
 .text.MX_GPIO_Init
                0x0000000008000678      0x1b4 ./Core/Src/main.o
 .text.Error_Handler
                0x000000000800082c        0xa ./Core/Src/main.o
                0x000000000800082c                Error_Handler
 .text._ZN3ros4TimeC2Ev
                0x0000000008000836       0x22 ./Core/Src/mainpp.o
                0x0000000008000836                ros::Time::Time()
                0x0000000008000836                ros::Time::Time()
 .text._ZN3ros3MsgC2Ev
                0x0000000008000858       0x20 ./Core/Src/mainpp.o
                0x0000000008000858                ros::Msg::Msg()
                0x0000000008000858                ros::Msg::Msg()
 .text._ZN8std_msgs4TimeC2Ev
                0x0000000008000878       0x30 ./Core/Src/mainpp.o
                0x0000000008000878                std_msgs::Time::Time()
                0x0000000008000878                std_msgs::Time::Time()
 .text._ZNK8std_msgs4Time9serializeEPh
                0x00000000080008a8       0xb0 ./Core/Src/mainpp.o
                0x00000000080008a8                std_msgs::Time::serialize(unsigned char*) const
 .text._ZN8std_msgs4Time11deserializeEPh
                0x0000000008000958       0xc8 ./Core/Src/mainpp.o
                0x0000000008000958                std_msgs::Time::deserialize(unsigned char*)
 .text._ZN8std_msgs4Time7getTypeEv
                0x0000000008000a20       0x1c ./Core/Src/mainpp.o
                0x0000000008000a20                std_msgs::Time::getType()
 .text._ZN8std_msgs4Time6getMD5Ev
                0x0000000008000a3c       0x1c ./Core/Src/mainpp.o
                0x0000000008000a3c                std_msgs::Time::getMD5()
 .text._ZN14rosserial_msgs9TopicInfoC2Ev
                0x0000000008000a58       0x48 ./Core/Src/mainpp.o
                0x0000000008000a58                rosserial_msgs::TopicInfo::TopicInfo()
                0x0000000008000a58                rosserial_msgs::TopicInfo::TopicInfo()
 .text._ZNK14rosserial_msgs9TopicInfo9serializeEPh
                0x0000000008000aa0      0x136 ./Core/Src/mainpp.o
                0x0000000008000aa0                rosserial_msgs::TopicInfo::serialize(unsigned char*) const
 .text._ZN14rosserial_msgs9TopicInfo11deserializeEPh
                0x0000000008000bd6      0x1d0 ./Core/Src/mainpp.o
                0x0000000008000bd6                rosserial_msgs::TopicInfo::deserialize(unsigned char*)
 *fill*         0x0000000008000da6        0x2 
 .text._ZN14rosserial_msgs9TopicInfo7getTypeEv
                0x0000000008000da8       0x1c ./Core/Src/mainpp.o
                0x0000000008000da8                rosserial_msgs::TopicInfo::getType()
 .text._ZN14rosserial_msgs9TopicInfo6getMD5Ev
                0x0000000008000dc4       0x1c ./Core/Src/mainpp.o
                0x0000000008000dc4                rosserial_msgs::TopicInfo::getMD5()
 .text._ZN14rosserial_msgs3LogC2Ev
                0x0000000008000de0       0x34 ./Core/Src/mainpp.o
                0x0000000008000de0                rosserial_msgs::Log::Log()
                0x0000000008000de0                rosserial_msgs::Log::Log()
 .text._ZNK14rosserial_msgs3Log9serializeEPh
                0x0000000008000e14       0x64 ./Core/Src/mainpp.o
                0x0000000008000e14                rosserial_msgs::Log::serialize(unsigned char*) const
 .text._ZN14rosserial_msgs3Log11deserializeEPh
                0x0000000008000e78       0x90 ./Core/Src/mainpp.o
                0x0000000008000e78                rosserial_msgs::Log::deserialize(unsigned char*)
 .text._ZN14rosserial_msgs3Log7getTypeEv
                0x0000000008000f08       0x1c ./Core/Src/mainpp.o
                0x0000000008000f08                rosserial_msgs::Log::getType()
 .text._ZN14rosserial_msgs3Log6getMD5Ev
                0x0000000008000f24       0x1c ./Core/Src/mainpp.o
                0x0000000008000f24                rosserial_msgs::Log::getMD5()
 .text._ZN14rosserial_msgs20RequestParamResponseC2Ev
                0x0000000008000f40       0x5c ./Core/Src/mainpp.o
                0x0000000008000f40                rosserial_msgs::RequestParamResponse::RequestParamResponse()
                0x0000000008000f40                rosserial_msgs::RequestParamResponse::RequestParamResponse()
 .text._ZNK14rosserial_msgs20RequestParamResponse9serializeEPh
                0x0000000008000f9c      0x222 ./Core/Src/mainpp.o
                0x0000000008000f9c                rosserial_msgs::RequestParamResponse::serialize(unsigned char*) const
 .text._ZN14rosserial_msgs20RequestParamResponse11deserializeEPh
                0x00000000080011be      0x2e2 ./Core/Src/mainpp.o
                0x00000000080011be                rosserial_msgs::RequestParamResponse::deserialize(unsigned char*)
 .text._ZN14rosserial_msgs20RequestParamResponse7getTypeEv
                0x00000000080014a0       0x1c ./Core/Src/mainpp.o
                0x00000000080014a0                rosserial_msgs::RequestParamResponse::getType()
 .text._ZN14rosserial_msgs20RequestParamResponse6getMD5Ev
                0x00000000080014bc       0x1c ./Core/Src/mainpp.o
                0x00000000080014bc                rosserial_msgs::RequestParamResponse::getMD5()
 .text._ZN3ros9PublisherC2EPKcPNS_3MsgEi
                0x00000000080014d8       0x2e ./Core/Src/mainpp.o
                0x00000000080014d8                ros::Publisher::Publisher(char const*, ros::Msg*, int)
                0x00000000080014d8                ros::Publisher::Publisher(char const*, ros::Msg*, int)
 .text._ZN3ros9Publisher7publishEPKNS_3MsgE
                0x0000000008001506       0x28 ./Core/Src/mainpp.o
                0x0000000008001506                ros::Publisher::publish(ros::Msg const*)
 .text._ZN3ros9Publisher15getEndpointTypeEv
                0x000000000800152e       0x18 ./Core/Src/mainpp.o
                0x000000000800152e                ros::Publisher::getEndpointType()
 .text._ZN13STM32Hardware10getRdmaIndEv
                0x0000000008001546       0x26 ./Core/Src/mainpp.o
                0x0000000008001546                STM32Hardware::getRdmaInd()
 .text._ZN13STM32HardwareC2Ev
                0x000000000800156c       0x38 ./Core/Src/mainpp.o
                0x000000000800156c                STM32Hardware::STM32Hardware()
                0x000000000800156c                STM32Hardware::STM32Hardware()
 .text._ZN13STM32Hardware4initEv
                0x00000000080015a4       0x16 ./Core/Src/mainpp.o
                0x00000000080015a4                STM32Hardware::init()
 .text._ZN13STM32Hardware10reset_rbufEv
                0x00000000080015ba       0x22 ./Core/Src/mainpp.o
                0x00000000080015ba                STM32Hardware::reset_rbuf()
 .text._ZN13STM32Hardware4readEv
                0x00000000080015dc       0x5a ./Core/Src/mainpp.o
                0x00000000080015dc                STM32Hardware::read()
 *fill*         0x0000000008001636        0x2 
 .text._ZN13STM32Hardware5flushEv
                0x0000000008001638       0xbc ./Core/Src/mainpp.o
                0x0000000008001638                STM32Hardware::flush()
 .text._ZN13STM32Hardware5writeEPhi
                0x00000000080016f4       0x8c ./Core/Src/mainpp.o
                0x00000000080016f4                STM32Hardware::write(unsigned char*, int)
 .text._ZN13STM32Hardware4timeEv
                0x0000000008001780       0x16 ./Core/Src/mainpp.o
                0x0000000008001780                STM32Hardware::time()
 *fill*         0x0000000008001796        0x2 
 .text._ZN8std_msgs6StringC2Ev
                0x0000000008001798       0x30 ./Core/Src/mainpp.o
                0x0000000008001798                std_msgs::String::String()
                0x0000000008001798                std_msgs::String::String()
 .text._ZNK8std_msgs6String9serializeEPh
                0x00000000080017c8       0x52 ./Core/Src/mainpp.o
                0x00000000080017c8                std_msgs::String::serialize(unsigned char*) const
 .text._ZN8std_msgs6String11deserializeEPh
                0x000000000800181a       0x7e ./Core/Src/mainpp.o
                0x000000000800181a                std_msgs::String::deserialize(unsigned char*)
 .text._ZN8std_msgs6String7getTypeEv
                0x0000000008001898       0x1c ./Core/Src/mainpp.o
                0x0000000008001898                std_msgs::String::getType()
 .text._ZN8std_msgs6String6getMD5Ev
                0x00000000080018b4       0x1c ./Core/Src/mainpp.o
                0x00000000080018b4                std_msgs::String::getMD5()
 .text._ZN8std_msgs4BoolC2Ev
                0x00000000080018d0       0x2c ./Core/Src/mainpp.o
                0x00000000080018d0                std_msgs::Bool::Bool()
                0x00000000080018d0                std_msgs::Bool::Bool()
 .text._ZNK8std_msgs4Bool9serializeEPh
                0x00000000080018fc       0x32 ./Core/Src/mainpp.o
                0x00000000080018fc                std_msgs::Bool::serialize(unsigned char*) const
 .text._ZN8std_msgs4Bool11deserializeEPh
                0x000000000800192e       0x3c ./Core/Src/mainpp.o
                0x000000000800192e                std_msgs::Bool::deserialize(unsigned char*)
 *fill*         0x000000000800196a        0x2 
 .text._ZN8std_msgs4Bool7getTypeEv
                0x000000000800196c       0x1c ./Core/Src/mainpp.o
                0x000000000800196c                std_msgs::Bool::getType()
 .text._ZN8std_msgs4Bool6getMD5Ev
                0x0000000008001988       0x1c ./Core/Src/mainpp.o
                0x0000000008001988                std_msgs::Bool::getMD5()
 .text._ZN3ros15NodeHandleBase_C2Ev
                0x00000000080019a4       0x20 ./Core/Src/mainpp.o
                0x00000000080019a4                ros::NodeHandleBase_::NodeHandleBase_()
                0x00000000080019a4                ros::NodeHandleBase_::NodeHandleBase_()
 .text._ZN3ros11NodeHandle_I13STM32HardwareLi25ELi25ELi512ELi512EEC2Ev
                0x00000000080019c4       0xf0 ./Core/Src/mainpp.o
                0x00000000080019c4                ros::NodeHandle_<STM32Hardware, 25, 25, 512, 512>::NodeHandle_()
                0x00000000080019c4                ros::NodeHandle_<STM32Hardware, 25, 25, 512, 512>::NodeHandle_()
 .text.HAL_UART_TxCpltCallback
                0x0000000008001ab4       0x24 ./Core/Src/mainpp.o
                0x0000000008001ab4                HAL_UART_TxCpltCallback
 .text.HAL_UART_RxCpltCallback
                0x0000000008001ad8       0x24 ./Core/Src/mainpp.o
                0x0000000008001ad8                HAL_UART_RxCpltCallback
 .text._Z9xulichuoiRKN8std_msgs6StringE
                0x0000000008001afc       0xa0 ./Core/Src/mainpp.o
                0x0000000008001afc                xulichuoi(std_msgs::String const&)
 .text._Z6tatallv
                0x0000000008001b9c       0xcc ./Core/Src/mainpp.o
                0x0000000008001b9c                tatall()
 .text._Z9runnormalv
                0x0000000008001c68       0x70 ./Core/Src/mainpp.o
                0x0000000008001c68                runnormal()
 .text._Z19runnormal_dangerousv
                0x0000000008001cd8       0x88 ./Core/Src/mainpp.o
                0x0000000008001cd8                runnormal_dangerous()
 .text._Z17runnormal_warningv
                0x0000000008001d60       0x58 ./Core/Src/mainpp.o
                0x0000000008001d60                runnormal_warning()
 .text._Z13nangha_normalv
                0x0000000008001db8       0xb0 ./Core/Src/mainpp.o
                0x0000000008001db8                nangha_normal()
 .text._Z14nangha_warningv
                0x0000000008001e68       0x58 ./Core/Src/mainpp.o
                0x0000000008001e68                nangha_warning()
 .text._Z16nangha_dangerousv
                0x0000000008001ec0       0xb0 ./Core/Src/mainpp.o
                0x0000000008001ec0                nangha_dangerous()
 .text._Z11battatloak2v
                0x0000000008001f70       0x34 ./Core/Src/mainpp.o
                0x0000000008001f70                battatloak2()
 .text._Z11battatloak1v
                0x0000000008001fa4       0x34 ./Core/Src/mainpp.o
                0x0000000008001fa4                battatloak1()
 .text._Z11battatloak3v
                0x0000000008001fd8       0x38 ./Core/Src/mainpp.o
                0x0000000008001fd8                battatloak3()
 .text._Z15battatxilanhr34v
                0x0000000008002010       0xa0 ./Core/Src/mainpp.o
                0x0000000008002010                battatxilanhr34()
 .text._Z15battatxilanhr12v
                0x00000000080020b0       0xa0 ./Core/Src/mainpp.o
                0x00000000080020b0                battatxilanhr12()
 .text._Z12changeXStatev
                0x0000000008002150       0x40 ./Core/Src/mainpp.o
                0x0000000008002150                changeXState()
 .text._Z13changeXState2v
                0x0000000008002190       0x88 ./Core/Src/mainpp.o
                0x0000000008002190                changeXState2()
 .text.setup    0x0000000008002218       0x38 ./Core/Src/mainpp.o
                0x0000000008002218                setup
 .text.loop     0x0000000008002250       0x64 ./Core/Src/mainpp.o
                0x0000000008002250                loop
 .text._ZN3ros3Msg8varToArrIPhmEEvT_T0_
                0x00000000080022b4       0x3c ./Core/Src/mainpp.o
                0x00000000080022b4                void ros::Msg::varToArr<unsigned char*, unsigned long>(unsigned char*, unsigned long)
 .text._ZN3ros3Msg8arrToVarImPhEEvRT_T0_
                0x00000000080022f0       0x4a ./Core/Src/mainpp.o
                0x00000000080022f0                void ros::Msg::arrToVar<unsigned long, unsigned char*>(unsigned long&, unsigned char*)
 .text._ZN3ros11NodeHandle_I13STM32HardwareLi25ELi25ELi512ELi512EE11getHardwareEv
                0x000000000800233a       0x18 ./Core/Src/mainpp.o
                0x000000000800233a                ros::NodeHandle_<STM32Hardware, 25, 25, 512, 512>::getHardware()
 *fill*         0x0000000008002352        0x2 
 .text._ZN3ros11Subscriber_C2Ev
                0x0000000008002354       0x20 ./Core/Src/mainpp.o
                0x0000000008002354                ros::Subscriber_::Subscriber_()
                0x0000000008002354                ros::Subscriber_::Subscriber_()
 .text._ZN3ros10SubscriberIN8std_msgs6StringEvEC2EPKcPFvRKS2_Ei
                0x0000000008002374       0x48 ./Core/Src/mainpp.o
                0x0000000008002374                ros::Subscriber<std_msgs::String, void>::Subscriber(char const*, void (*)(std_msgs::String const&), int)
                0x0000000008002374                ros::Subscriber<std_msgs::String, void>::Subscriber(char const*, void (*)(std_msgs::String const&), int)
 .text._ZN3ros11NodeHandle_I13STM32HardwareLi25ELi25ELi512ELi512EE8initNodeEv
                0x00000000080023bc       0x3a ./Core/Src/mainpp.o
                0x00000000080023bc                ros::NodeHandle_<STM32Hardware, 25, 25, 512, 512>::initNode()
 .text._ZN3ros11NodeHandle_I13STM32HardwareLi25ELi25ELi512ELi512EE9subscribeERNS_11Subscriber_E
                0x00000000080023f6       0x56 ./Core/Src/mainpp.o
                0x00000000080023f6                ros::NodeHandle_<STM32Hardware, 25, 25, 512, 512>::subscribe(ros::Subscriber_&)
 .text._ZN3ros11NodeHandle_I13STM32HardwareLi25ELi25ELi512ELi512EE9advertiseERNS_9PublisherE
                0x000000000800244c       0x60 ./Core/Src/mainpp.o
                0x000000000800244c                ros::NodeHandle_<STM32Hardware, 25, 25, 512, 512>::advertise(ros::Publisher&)
 .text._ZN3ros11NodeHandle_I13STM32HardwareLi25ELi25ELi512ELi512EE8spinOnceEv
                0x00000000080024ac      0x3b2 ./Core/Src/mainpp.o
                0x00000000080024ac                ros::NodeHandle_<STM32Hardware, 25, 25, 512, 512>::spinOnce()
 .text._ZN3ros11NodeHandle_I13STM32HardwareLi25ELi25ELi512ELi512EE15requestSyncTimeEv
                0x000000000800285e       0x3c ./Core/Src/mainpp.o
                0x000000000800285e                ros::NodeHandle_<STM32Hardware, 25, 25, 512, 512>::requestSyncTime()
 .text._ZN3ros11NodeHandle_I13STM32HardwareLi25ELi25ELi512ELi512EE15negotiateTopicsEv
                0x000000000800289a      0x1be ./Core/Src/mainpp.o
                0x000000000800289a                ros::NodeHandle_<STM32Hardware, 25, 25, 512, 512>::negotiateTopics()
 .text._ZN3ros11NodeHandle_I13STM32HardwareLi25ELi25ELi512ELi512EE8syncTimeEPh
                0x0000000008002a58       0x98 ./Core/Src/mainpp.o
                0x0000000008002a58                ros::NodeHandle_<STM32Hardware, 25, 25, 512, 512>::syncTime(unsigned char*)
 .text._ZN3ros11NodeHandle_I13STM32HardwareLi25ELi25ELi512ELi512EE7publishEiPKNS_3MsgE
                0x0000000008002af0      0x128 ./Core/Src/mainpp.o
                0x0000000008002af0                ros::NodeHandle_<STM32Hardware, 25, 25, 512, 512>::publish(int, ros::Msg const*)
 .text._ZN3ros11NodeHandle_I13STM32HardwareLi25ELi25ELi512ELi512EE6setNowERKNS_4TimeE
                0x0000000008002c18       0x80 ./Core/Src/mainpp.o
                0x0000000008002c18                ros::NodeHandle_<STM32Hardware, 25, 25, 512, 512>::setNow(ros::Time const&)
 .text._ZN3ros11NodeHandle_I13STM32HardwareLi25ELi25ELi512ELi512EE8logerrorEPKc
                0x0000000008002c98       0x1c ./Core/Src/mainpp.o
                0x0000000008002c98                ros::NodeHandle_<STM32Hardware, 25, 25, 512, 512>::logerror(char const*)
 .text._ZN3ros11NodeHandle_I13STM32HardwareLi25ELi25ELi512ELi512EE3logEcPKc
                0x0000000008002cb4       0x38 ./Core/Src/mainpp.o
                0x0000000008002cb4                ros::NodeHandle_<STM32Hardware, 25, 25, 512, 512>::log(char, char const*)
 .text._Z41__static_initialization_and_destruction_0ii
                0x0000000008002cec       0xa0 ./Core/Src/mainpp.o
 .text._ZN3ros10SubscriberIN8std_msgs6StringEvE8callbackEPh
                0x0000000008002d8c       0x2a ./Core/Src/mainpp.o
                0x0000000008002d8c                ros::Subscriber<std_msgs::String, void>::callback(unsigned char*)
 .text._ZN3ros10SubscriberIN8std_msgs6StringEvE15getEndpointTypeEv
                0x0000000008002db6       0x18 ./Core/Src/mainpp.o
                0x0000000008002db6                ros::Subscriber<std_msgs::String, void>::getEndpointType()
 .text._ZN3ros10SubscriberIN8std_msgs6StringEvE10getMsgTypeEv
                0x0000000008002dce       0x1c ./Core/Src/mainpp.o
                0x0000000008002dce                ros::Subscriber<std_msgs::String, void>::getMsgType()
 .text._ZN3ros10SubscriberIN8std_msgs6StringEvE9getMsgMD5Ev
                0x0000000008002dea       0x1c ./Core/Src/mainpp.o
                0x0000000008002dea                ros::Subscriber<std_msgs::String, void>::getMsgMD5()
 .text._ZN3ros11NodeHandle_I13STM32HardwareLi25ELi25ELi512ELi512EE9connectedEv
                0x0000000008002e06       0x1a ./Core/Src/mainpp.o
                0x0000000008002e06                ros::NodeHandle_<STM32Hardware, 25, 25, 512, 512>::connected()
 .text._GLOBAL__sub_I_nh
                0x0000000008002e20       0x10 ./Core/Src/mainpp.o
 .text.HAL_MspInit
                0x0000000008002e30       0x50 ./Core/Src/stm32f4xx_hal_msp.o
                0x0000000008002e30                HAL_MspInit
 .text.HAL_UART_MspInit
                0x0000000008002e80      0x170 ./Core/Src/stm32f4xx_hal_msp.o
                0x0000000008002e80                HAL_UART_MspInit
 .text.NMI_Handler
                0x0000000008002ff0        0x6 ./Core/Src/stm32f4xx_it.o
                0x0000000008002ff0                NMI_Handler
 .text.HardFault_Handler
                0x0000000008002ff6        0x6 ./Core/Src/stm32f4xx_it.o
                0x0000000008002ff6                HardFault_Handler
 .text.MemManage_Handler
                0x0000000008002ffc        0x6 ./Core/Src/stm32f4xx_it.o
                0x0000000008002ffc                MemManage_Handler
 .text.BusFault_Handler
                0x0000000008003002        0x6 ./Core/Src/stm32f4xx_it.o
                0x0000000008003002                BusFault_Handler
 .text.UsageFault_Handler
                0x0000000008003008        0x6 ./Core/Src/stm32f4xx_it.o
                0x0000000008003008                UsageFault_Handler
 .text.SVC_Handler
                0x000000000800300e        0xe ./Core/Src/stm32f4xx_it.o
                0x000000000800300e                SVC_Handler
 .text.DebugMon_Handler
                0x000000000800301c        0xe ./Core/Src/stm32f4xx_it.o
                0x000000000800301c                DebugMon_Handler
 .text.PendSV_Handler
                0x000000000800302a        0xe ./Core/Src/stm32f4xx_it.o
                0x000000000800302a                PendSV_Handler
 .text.SysTick_Handler
                0x0000000008003038        0xc ./Core/Src/stm32f4xx_it.o
                0x0000000008003038                SysTick_Handler
 .text.USART1_IRQHandler
                0x0000000008003044       0x14 ./Core/Src/stm32f4xx_it.o
                0x0000000008003044                USART1_IRQHandler
 .text.DMA2_Stream2_IRQHandler
                0x0000000008003058       0x14 ./Core/Src/stm32f4xx_it.o
                0x0000000008003058                DMA2_Stream2_IRQHandler
 .text.DMA2_Stream7_IRQHandler
                0x000000000800306c       0x14 ./Core/Src/stm32f4xx_it.o
                0x000000000800306c                DMA2_Stream7_IRQHandler
 .text._getpid  0x0000000008003080       0x10 ./Core/Src/syscalls.o
                0x0000000008003080                _getpid
 .text._kill    0x0000000008003090       0x20 ./Core/Src/syscalls.o
                0x0000000008003090                _kill
 .text._exit    0x00000000080030b0       0x14 ./Core/Src/syscalls.o
                0x00000000080030b0                _exit
 .text._sbrk    0x00000000080030c4       0x6c ./Core/Src/sysmem.o
                0x00000000080030c4                _sbrk
 .text.SystemInit
                0x0000000008003130       0x24 ./Core/Src/system_stm32f4xx.o
                0x0000000008003130                SystemInit
 .text._ZN3ros16normalizeSecNSecERmS0_
                0x0000000008003154       0x58 ./Core/Src/time.o
                0x0000000008003154                ros::normalizeSecNSec(unsigned long&, unsigned long&)
 .text.Reset_Handler
                0x00000000080031ac       0x50 ./Core/Startup/startup_stm32f407zgtx.o
                0x00000000080031ac                Reset_Handler
 .text.Default_Handler
                0x00000000080031fc        0x2 ./Core/Startup/startup_stm32f407zgtx.o
                0x00000000080031fc                RTC_Alarm_IRQHandler
                0x00000000080031fc                HASH_RNG_IRQHandler
                0x00000000080031fc                EXTI2_IRQHandler
                0x00000000080031fc                TIM8_CC_IRQHandler
                0x00000000080031fc                TIM1_CC_IRQHandler
                0x00000000080031fc                DMA2_Stream5_IRQHandler
                0x00000000080031fc                DMA1_Stream5_IRQHandler
                0x00000000080031fc                PVD_IRQHandler
                0x00000000080031fc                SDIO_IRQHandler
                0x00000000080031fc                TAMP_STAMP_IRQHandler
                0x00000000080031fc                CAN2_RX1_IRQHandler
                0x00000000080031fc                EXTI3_IRQHandler
                0x00000000080031fc                TIM8_TRG_COM_TIM14_IRQHandler
                0x00000000080031fc                TIM1_UP_TIM10_IRQHandler
                0x00000000080031fc                TIM8_UP_TIM13_IRQHandler
                0x00000000080031fc                I2C3_ER_IRQHandler
                0x00000000080031fc                EXTI0_IRQHandler
                0x00000000080031fc                I2C2_EV_IRQHandler
                0x00000000080031fc                DMA1_Stream2_IRQHandler
                0x00000000080031fc                CAN1_RX0_IRQHandler
                0x00000000080031fc                FPU_IRQHandler
                0x00000000080031fc                OTG_HS_WKUP_IRQHandler
                0x00000000080031fc                CAN2_SCE_IRQHandler
                0x00000000080031fc                SPI1_IRQHandler
                0x00000000080031fc                TIM6_DAC_IRQHandler
                0x00000000080031fc                TIM1_BRK_TIM9_IRQHandler
                0x00000000080031fc                DCMI_IRQHandler
                0x00000000080031fc                CAN2_RX0_IRQHandler
                0x00000000080031fc                DMA2_Stream3_IRQHandler
                0x00000000080031fc                USART6_IRQHandler
                0x00000000080031fc                USART3_IRQHandler
                0x00000000080031fc                CAN1_RX1_IRQHandler
                0x00000000080031fc                UART5_IRQHandler
                0x00000000080031fc                DMA2_Stream0_IRQHandler
                0x00000000080031fc                TIM4_IRQHandler
                0x00000000080031fc                I2C1_EV_IRQHandler
                0x00000000080031fc                DMA1_Stream6_IRQHandler
                0x00000000080031fc                DMA1_Stream1_IRQHandler
                0x00000000080031fc                UART4_IRQHandler
                0x00000000080031fc                TIM3_IRQHandler
                0x00000000080031fc                RCC_IRQHandler
                0x00000000080031fc                TIM8_BRK_TIM12_IRQHandler
                0x00000000080031fc                Default_Handler
                0x00000000080031fc                EXTI15_10_IRQHandler
                0x00000000080031fc                ADC_IRQHandler
                0x00000000080031fc                DMA1_Stream7_IRQHandler
                0x00000000080031fc                TIM7_IRQHandler
                0x00000000080031fc                CAN2_TX_IRQHandler
                0x00000000080031fc                TIM5_IRQHandler
                0x00000000080031fc                I2C3_EV_IRQHandler
                0x00000000080031fc                EXTI9_5_IRQHandler
                0x00000000080031fc                RTC_WKUP_IRQHandler
                0x00000000080031fc                ETH_WKUP_IRQHandler
                0x00000000080031fc                SPI2_IRQHandler
                0x00000000080031fc                OTG_HS_EP1_IN_IRQHandler
                0x00000000080031fc                DMA1_Stream0_IRQHandler
                0x00000000080031fc                CAN1_TX_IRQHandler
                0x00000000080031fc                EXTI4_IRQHandler
                0x00000000080031fc                FSMC_IRQHandler
                0x00000000080031fc                ETH_IRQHandler
                0x00000000080031fc                OTG_HS_EP1_OUT_IRQHandler
                0x00000000080031fc                WWDG_IRQHandler
                0x00000000080031fc                TIM2_IRQHandler
                0x00000000080031fc                OTG_FS_WKUP_IRQHandler
                0x00000000080031fc                TIM1_TRG_COM_TIM11_IRQHandler
                0x00000000080031fc                OTG_HS_IRQHandler
                0x00000000080031fc                EXTI1_IRQHandler
                0x00000000080031fc                USART2_IRQHandler
                0x00000000080031fc                I2C2_ER_IRQHandler
                0x00000000080031fc                DMA2_Stream1_IRQHandler
                0x00000000080031fc                CAN1_SCE_IRQHandler
                0x00000000080031fc                FLASH_IRQHandler
                0x00000000080031fc                DMA2_Stream4_IRQHandler
                0x00000000080031fc                OTG_FS_IRQHandler
                0x00000000080031fc                SPI3_IRQHandler
                0x00000000080031fc                DMA1_Stream4_IRQHandler
                0x00000000080031fc                I2C1_ER_IRQHandler
                0x00000000080031fc                DMA2_Stream6_IRQHandler
                0x00000000080031fc                DMA1_Stream3_IRQHandler
 *fill*         0x00000000080031fe        0x2 
 .text.HAL_Init
                0x0000000008003200       0x44 ./Drivers/STM32F4xx_HAL_Driver/Src/stm32f4xx_hal.o
                0x0000000008003200                HAL_Init
 .text.HAL_InitTick
                0x0000000008003244       0x60 ./Drivers/STM32F4xx_HAL_Driver/Src/stm32f4xx_hal.o
                0x0000000008003244                HAL_InitTick
 .text.HAL_IncTick
                0x00000000080032a4       0x28 ./Drivers/STM32F4xx_HAL_Driver/Src/stm32f4xx_hal.o
                0x00000000080032a4                HAL_IncTick
 .text.HAL_GetTick
                0x00000000080032cc       0x18 ./Drivers/STM32F4xx_HAL_Driver/Src/stm32f4xx_hal.o
                0x00000000080032cc                HAL_GetTick
 .text.HAL_Delay
                0x00000000080032e4       0x48 ./Drivers/STM32F4xx_HAL_Driver/Src/stm32f4xx_hal.o
                0x00000000080032e4                HAL_Delay
 .text.__NVIC_SetPriorityGrouping
                0x000000000800332c       0x48 ./Drivers/STM32F4xx_HAL_Driver/Src/stm32f4xx_hal_cortex.o
 .text.__NVIC_GetPriorityGrouping
                0x0000000008003374       0x1c ./Drivers/STM32F4xx_HAL_Driver/Src/stm32f4xx_hal_cortex.o
 .text.__NVIC_EnableIRQ
                0x0000000008003390       0x3c ./Drivers/STM32F4xx_HAL_Driver/Src/stm32f4xx_hal_cortex.o
 .text.__NVIC_SetPriority
                0x00000000080033cc       0x54 ./Drivers/STM32F4xx_HAL_Driver/Src/stm32f4xx_hal_cortex.o
 .text.NVIC_EncodePriority
                0x0000000008003420       0x66 ./Drivers/STM32F4xx_HAL_Driver/Src/stm32f4xx_hal_cortex.o
 *fill*         0x0000000008003486        0x2 
 .text.SysTick_Config
                0x0000000008003488       0x44 ./Drivers/STM32F4xx_HAL_Driver/Src/stm32f4xx_hal_cortex.o
 .text.HAL_NVIC_SetPriorityGrouping
                0x00000000080034cc       0x16 ./Drivers/STM32F4xx_HAL_Driver/Src/stm32f4xx_hal_cortex.o
                0x00000000080034cc                HAL_NVIC_SetPriorityGrouping
 .text.HAL_NVIC_SetPriority
                0x00000000080034e2       0x38 ./Drivers/STM32F4xx_HAL_Driver/Src/stm32f4xx_hal_cortex.o
                0x00000000080034e2                HAL_NVIC_SetPriority
 .text.HAL_NVIC_EnableIRQ
                0x000000000800351a       0x1c ./Drivers/STM32F4xx_HAL_Driver/Src/stm32f4xx_hal_cortex.o
                0x000000000800351a                HAL_NVIC_EnableIRQ
 .text.HAL_SYSTICK_Config
                0x0000000008003536       0x18 ./Drivers/STM32F4xx_HAL_Driver/Src/stm32f4xx_hal_cortex.o
                0x0000000008003536                HAL_SYSTICK_Config
 *fill*         0x000000000800354e        0x2 
 .text.HAL_DMA_Init
                0x0000000008003550      0x15c ./Drivers/STM32F4xx_HAL_Driver/Src/stm32f4xx_hal_dma.o
                0x0000000008003550                HAL_DMA_Init
 .text.HAL_DMA_Start_IT
                0x00000000080036ac       0xb0 ./Drivers/STM32F4xx_HAL_Driver/Src/stm32f4xx_hal_dma.o
                0x00000000080036ac                HAL_DMA_Start_IT
 .text.HAL_DMA_Abort
                0x000000000800375c       0xe0 ./Drivers/STM32F4xx_HAL_Driver/Src/stm32f4xx_hal_dma.o
                0x000000000800375c                HAL_DMA_Abort
 .text.HAL_DMA_Abort_IT
                0x000000000800383c       0x44 ./Drivers/STM32F4xx_HAL_Driver/Src/stm32f4xx_hal_dma.o
                0x000000000800383c                HAL_DMA_Abort_IT
 .text.HAL_DMA_IRQHandler
                0x0000000008003880      0x314 ./Drivers/STM32F4xx_HAL_Driver/Src/stm32f4xx_hal_dma.o
                0x0000000008003880                HAL_DMA_IRQHandler
 .text.DMA_SetConfig
                0x0000000008003b94       0x5c ./Drivers/STM32F4xx_HAL_Driver/Src/stm32f4xx_hal_dma.o
 .text.DMA_CalcBaseAndBitshift
                0x0000000008003bf0       0x6c ./Drivers/STM32F4xx_HAL_Driver/Src/stm32f4xx_hal_dma.o
 .text.DMA_CheckFifoParam
                0x0000000008003c5c       0xf8 ./Drivers/STM32F4xx_HAL_Driver/Src/stm32f4xx_hal_dma.o
 .text.HAL_GPIO_Init
                0x0000000008003d54      0x338 ./Drivers/STM32F4xx_HAL_Driver/Src/stm32f4xx_hal_gpio.o
                0x0000000008003d54                HAL_GPIO_Init
 .text.HAL_GPIO_ReadPin
                0x000000000800408c       0x30 ./Drivers/STM32F4xx_HAL_Driver/Src/stm32f4xx_hal_gpio.o
                0x000000000800408c                HAL_GPIO_ReadPin
 .text.HAL_GPIO_WritePin
                0x00000000080040bc       0x32 ./Drivers/STM32F4xx_HAL_Driver/Src/stm32f4xx_hal_gpio.o
                0x00000000080040bc                HAL_GPIO_WritePin
 *fill*         0x00000000080040ee        0x2 
 .text.HAL_RCC_OscConfig
                0x00000000080040f0      0x4f0 ./Drivers/STM32F4xx_HAL_Driver/Src/stm32f4xx_hal_rcc.o
                0x00000000080040f0                HAL_RCC_OscConfig
 .text.HAL_RCC_ClockConfig
                0x00000000080045e0      0x1cc ./Drivers/STM32F4xx_HAL_Driver/Src/stm32f4xx_hal_rcc.o
                0x00000000080045e0                HAL_RCC_ClockConfig
 .text.HAL_RCC_GetSysClockFreq
                0x00000000080047ac      0x20c ./Drivers/STM32F4xx_HAL_Driver/Src/stm32f4xx_hal_rcc.o
                0x00000000080047ac                HAL_RCC_GetSysClockFreq
 .text.HAL_RCC_GetHCLKFreq
                0x00000000080049b8       0x18 ./Drivers/STM32F4xx_HAL_Driver/Src/stm32f4xx_hal_rcc.o
                0x00000000080049b8                HAL_RCC_GetHCLKFreq
 .text.HAL_RCC_GetPCLK1Freq
                0x00000000080049d0       0x28 ./Drivers/STM32F4xx_HAL_Driver/Src/stm32f4xx_hal_rcc.o
                0x00000000080049d0                HAL_RCC_GetPCLK1Freq
 .text.HAL_RCC_GetPCLK2Freq
                0x00000000080049f8       0x28 ./Drivers/STM32F4xx_HAL_Driver/Src/stm32f4xx_hal_rcc.o
                0x00000000080049f8                HAL_RCC_GetPCLK2Freq
 .text.HAL_UART_Init
                0x0000000008004a20       0x9a ./Drivers/STM32F4xx_HAL_Driver/Src/stm32f4xx_hal_uart.o
                0x0000000008004a20                HAL_UART_Init
 *fill*         0x0000000008004aba        0x2 
 .text.HAL_UART_Transmit_DMA
                0x0000000008004abc       0xfc ./Drivers/STM32F4xx_HAL_Driver/Src/stm32f4xx_hal_uart.o
                0x0000000008004abc                HAL_UART_Transmit_DMA
 .text.HAL_UART_Receive_DMA
                0x0000000008004bb8       0x60 ./Drivers/STM32F4xx_HAL_Driver/Src/stm32f4xx_hal_uart.o
                0x0000000008004bb8                HAL_UART_Receive_DMA
 .text.HAL_UART_IRQHandler
                0x0000000008004c18      0x51c ./Drivers/STM32F4xx_HAL_Driver/Src/stm32f4xx_hal_uart.o
                0x0000000008004c18                HAL_UART_IRQHandler
 .text.HAL_UART_TxHalfCpltCallback
                0x0000000008005134       0x14 ./Drivers/STM32F4xx_HAL_Driver/Src/stm32f4xx_hal_uart.o
                0x0000000008005134                HAL_UART_TxHalfCpltCallback
 .text.HAL_UART_RxHalfCpltCallback
                0x0000000008005148       0x14 ./Drivers/STM32F4xx_HAL_Driver/Src/stm32f4xx_hal_uart.o
                0x0000000008005148                HAL_UART_RxHalfCpltCallback
 .text.HAL_UART_ErrorCallback
                0x000000000800515c       0x14 ./Drivers/STM32F4xx_HAL_Driver/Src/stm32f4xx_hal_uart.o
                0x000000000800515c                HAL_UART_ErrorCallback
 .text.HAL_UARTEx_RxEventCallback
                0x0000000008005170       0x18 ./Drivers/STM32F4xx_HAL_Driver/Src/stm32f4xx_hal_uart.o
                0x0000000008005170                HAL_UARTEx_RxEventCallback
 .text.UART_DMATransmitCplt
                0x0000000008005188       0x9a ./Drivers/STM32F4xx_HAL_Driver/Src/stm32f4xx_hal_uart.o
 .text.UART_DMATxHalfCplt
                0x0000000008005222       0x1c ./Drivers/STM32F4xx_HAL_Driver/Src/stm32f4xx_hal_uart.o
 .text.UART_DMAReceiveCplt
                0x000000000800523e      0x126 ./Drivers/STM32F4xx_HAL_Driver/Src/stm32f4xx_hal_uart.o
 .text.UART_DMARxHalfCplt
                0x0000000008005364       0x36 ./Drivers/STM32F4xx_HAL_Driver/Src/stm32f4xx_hal_uart.o
 .text.UART_DMAError
                0x000000000800539a       0x94 ./Drivers/STM32F4xx_HAL_Driver/Src/stm32f4xx_hal_uart.o
 *fill*         0x000000000800542e        0x2 
 .text.UART_Start_Receive_DMA
                0x0000000008005430      0x13c ./Drivers/STM32F4xx_HAL_Driver/Src/stm32f4xx_hal_uart.o
                0x0000000008005430                UART_Start_Receive_DMA
 .text.UART_EndTxTransfer
                0x000000000800556c       0x50 ./Drivers/STM32F4xx_HAL_Driver/Src/stm32f4xx_hal_uart.o
 .text.UART_EndRxTransfer
                0x00000000080055bc       0xc6 ./Drivers/STM32F4xx_HAL_Driver/Src/stm32f4xx_hal_uart.o
 .text.UART_DMAAbortOnError
                0x0000000008005682       0x28 ./Drivers/STM32F4xx_HAL_Driver/Src/stm32f4xx_hal_uart.o
 .text.UART_Transmit_IT
                0x00000000080056aa       0xa0 ./Drivers/STM32F4xx_HAL_Driver/Src/stm32f4xx_hal_uart.o
 .text.UART_EndTransmit_IT
                0x000000000800574a       0x30 ./Drivers/STM32F4xx_HAL_Driver/Src/stm32f4xx_hal_uart.o
 .text.UART_Receive_IT
                0x000000000800577a      0x176 ./Drivers/STM32F4xx_HAL_Driver/Src/stm32f4xx_hal_uart.o
 .text.UART_SetConfig
                0x00000000080058f0      0x4e8 ./Drivers/STM32F4xx_HAL_Driver/Src/stm32f4xx_hal_uart.o
 .text.__cxa_pure_virtual
                0x0000000008005dd8        0x6 c:/st/stm32cubeide_1.10.1/stm32cubeide/plugins/com.st.stm32cube.ide.mcu.externaltools.gnu-tools-for-stm32.10.3-2021.10.win32_1.0.0.202111181127/tools/bin/../lib/gcc/arm-none-eabi/10.3.1/../../../../arm-none-eabi/lib/thumb/v7e-m+fp/hard\libstdc++_nano.a(pure.o)
                0x0000000008005dd8                __cxa_pure_virtual
 .text._ZN10__cxxabiv111__terminateEPFvvE
                0x0000000008005dde        0x8 c:/st/stm32cubeide_1.10.1/stm32cubeide/plugins/com.st.stm32cube.ide.mcu.externaltools.gnu-tools-for-stm32.10.3-2021.10.win32_1.0.0.202111181127/tools/bin/../lib/gcc/arm-none-eabi/10.3.1/../../../../arm-none-eabi/lib/thumb/v7e-m+fp/hard\libstdc++_nano.a(eh_terminate.o)
                0x0000000008005dde                __cxxabiv1::__terminate(void (*)())
 *fill*         0x0000000008005de6        0x2 
 .text._ZSt13get_terminatev
                0x0000000008005de8       0x10 c:/st/stm32cubeide_1.10.1/stm32cubeide/plugins/com.st.stm32cube.ide.mcu.externaltools.gnu-tools-for-stm32.10.3-2021.10.win32_1.0.0.202111181127/tools/bin/../lib/gcc/arm-none-eabi/10.3.1/../../../../arm-none-eabi/lib/thumb/v7e-m+fp/hard\libstdc++_nano.a(eh_terminate.o)
                0x0000000008005de8                std::get_terminate()
 .text._ZSt9terminatev
                0x0000000008005df8        0xa c:/st/stm32cubeide_1.10.1/stm32cubeide/plugins/com.st.stm32cube.ide.mcu.externaltools.gnu-tools-for-stm32.10.3-2021.10.win32_1.0.0.202111181127/tools/bin/../lib/gcc/arm-none-eabi/10.3.1/../../../../arm-none-eabi/lib/thumb/v7e-m+fp/hard\libstdc++_nano.a(eh_terminate.o)
                0x0000000008005df8                std::terminate()
 .text.abort    0x0000000008005e02        0xe c:/st/stm32cubeide_1.10.1/stm32cubeide/plugins/com.st.stm32cube.ide.mcu.externaltools.gnu-tools-for-stm32.10.3-2021.10.win32_1.0.0.202111181127/tools/bin/../lib/gcc/arm-none-eabi/10.3.1/../../../../arm-none-eabi/lib/thumb/v7e-m+fp/hard\libc_nano.a(lib_a-abort.o)
                0x0000000008005e02                abort
 .text.__errno  0x0000000008005e10        0xc c:/st/stm32cubeide_1.10.1/stm32cubeide/plugins/com.st.stm32cube.ide.mcu.externaltools.gnu-tools-for-stm32.10.3-2021.10.win32_1.0.0.202111181127/tools/bin/../lib/gcc/arm-none-eabi/10.3.1/../../../../arm-none-eabi/lib/thumb/v7e-m+fp/hard\libc_nano.a(lib_a-errno.o)
                0x0000000008005e10                __errno
 .text.__libc_init_array
                0x0000000008005e1c       0x48 c:/st/stm32cubeide_1.10.1/stm32cubeide/plugins/com.st.stm32cube.ide.mcu.externaltools.gnu-tools-for-stm32.10.3-2021.10.win32_1.0.0.202111181127/tools/bin/../lib/gcc/arm-none-eabi/10.3.1/../../../../arm-none-eabi/lib/thumb/v7e-m+fp/hard\libc_nano.a(lib_a-init.o)
                0x0000000008005e1c                __libc_init_array
 .text.memcpy   0x0000000008005e64       0x1c c:/st/stm32cubeide_1.10.1/stm32cubeide/plugins/com.st.stm32cube.ide.mcu.externaltools.gnu-tools-for-stm32.10.3-2021.10.win32_1.0.0.202111181127/tools/bin/../lib/gcc/arm-none-eabi/10.3.1/../../../../arm-none-eabi/lib/thumb/v7e-m+fp/hard\libc_nano.a(lib_a-memcpy-stub.o)
                0x0000000008005e64                memcpy
 .text.memset   0x0000000008005e80       0x10 c:/st/stm32cubeide_1.10.1/stm32cubeide/plugins/com.st.stm32cube.ide.mcu.externaltools.gnu-tools-for-stm32.10.3-2021.10.win32_1.0.0.202111181127/tools/bin/../lib/gcc/arm-none-eabi/10.3.1/../../../../arm-none-eabi/lib/thumb/v7e-m+fp/hard\libc_nano.a(lib_a-memset.o)
                0x0000000008005e80                memset
 .text.realloc  0x0000000008005e90       0x10 c:/st/stm32cubeide_1.10.1/stm32cubeide/plugins/com.st.stm32cube.ide.mcu.externaltools.gnu-tools-for-stm32.10.3-2021.10.win32_1.0.0.202111181127/tools/bin/../lib/gcc/arm-none-eabi/10.3.1/../../../../arm-none-eabi/lib/thumb/v7e-m+fp/hard\libc_nano.a(lib_a-realloc.o)
                0x0000000008005e90                realloc
 .text._raise_r
                0x0000000008005ea0       0x50 c:/st/stm32cubeide_1.10.1/stm32cubeide/plugins/com.st.stm32cube.ide.mcu.externaltools.gnu-tools-for-stm32.10.3-2021.10.win32_1.0.0.202111181127/tools/bin/../lib/gcc/arm-none-eabi/10.3.1/../../../../arm-none-eabi/lib/thumb/v7e-m+fp/hard\libc_nano.a(lib_a-signal.o)
                0x0000000008005ea0                _raise_r
 .text.raise    0x0000000008005ef0       0x10 c:/st/stm32cubeide_1.10.1/stm32cubeide/plugins/com.st.stm32cube.ide.mcu.externaltools.gnu-tools-for-stm32.10.3-2021.10.win32_1.0.0.202111181127/tools/bin/../lib/gcc/arm-none-eabi/10.3.1/../../../../arm-none-eabi/lib/thumb/v7e-m+fp/hard\libc_nano.a(lib_a-signal.o)
                0x0000000008005ef0                raise
 .text._kill_r  0x0000000008005f00       0x24 c:/st/stm32cubeide_1.10.1/stm32cubeide/plugins/com.st.stm32cube.ide.mcu.externaltools.gnu-tools-for-stm32.10.3-2021.10.win32_1.0.0.202111181127/tools/bin/../lib/gcc/arm-none-eabi/10.3.1/../../../../arm-none-eabi/lib/thumb/v7e-m+fp/hard\libc_nano.a(lib_a-signalr.o)
                0x0000000008005f00                _kill_r
 .text._getpid_r
                0x0000000008005f24        0x4 c:/st/stm32cubeide_1.10.1/stm32cubeide/plugins/com.st.stm32cube.ide.mcu.externaltools.gnu-tools-for-stm32.10.3-2021.10.win32_1.0.0.202111181127/tools/bin/../lib/gcc/arm-none-eabi/10.3.1/../../../../arm-none-eabi/lib/thumb/v7e-m+fp/hard\libc_nano.a(lib_a-signalr.o)
                0x0000000008005f24                _getpid_r
 .text.sbrk_aligned
                0x0000000008005f28       0x40 c:/st/stm32cubeide_1.10.1/stm32cubeide/plugins/com.st.stm32cube.ide.mcu.externaltools.gnu-tools-for-stm32.10.3-2021.10.win32_1.0.0.202111181127/tools/bin/../lib/gcc/arm-none-eabi/10.3.1/../../../../arm-none-eabi/lib/thumb/v7e-m+fp/hard\libc_nano.a(lib_a-nano-mallocr.o)
 .text._malloc_r
                0x0000000008005f68       0xe8 c:/st/stm32cubeide_1.10.1/stm32cubeide/plugins/com.st.stm32cube.ide.mcu.externaltools.gnu-tools-for-stm32.10.3-2021.10.win32_1.0.0.202111181127/tools/bin/../lib/gcc/arm-none-eabi/10.3.1/../../../../arm-none-eabi/lib/thumb/v7e-m+fp/hard\libc_nano.a(lib_a-nano-mallocr.o)
                0x0000000008005f68                _malloc_r
 .text._realloc_r
                0x0000000008006050       0x5e c:/st/stm32cubeide_1.10.1/stm32cubeide/plugins/com.st.stm32cube.ide.mcu.externaltools.gnu-tools-for-stm32.10.3-2021.10.win32_1.0.0.202111181127/tools/bin/../lib/gcc/arm-none-eabi/10.3.1/../../../../arm-none-eabi/lib/thumb/v7e-m+fp/hard\libc_nano.a(lib_a-nano-reallocr.o)
                0x0000000008006050                _realloc_r
 *fill*         0x00000000080060ae        0x2 
 .text._sbrk_r  0x00000000080060b0       0x20 c:/st/stm32cubeide_1.10.1/stm32cubeide/plugins/com.st.stm32cube.ide.mcu.externaltools.gnu-tools-for-stm32.10.3-2021.10.win32_1.0.0.202111181127/tools/bin/../lib/gcc/arm-none-eabi/10.3.1/../../../../arm-none-eabi/lib/thumb/v7e-m+fp/hard\libc_nano.a(lib_a-sbrkr.o)
                0x00000000080060b0                _sbrk_r
 .text.__malloc_lock
                0x00000000080060d0        0xc c:/st/stm32cubeide_1.10.1/stm32cubeide/plugins/com.st.stm32cube.ide.mcu.externaltools.gnu-tools-for-stm32.10.3-2021.10.win32_1.0.0.202111181127/tools/bin/../lib/gcc/arm-none-eabi/10.3.1/../../../../arm-none-eabi/lib/thumb/v7e-m+fp/hard\libc_nano.a(lib_a-mlock.o)
                0x00000000080060d0                __malloc_lock
 .text.__malloc_unlock
                0x00000000080060dc        0xc c:/st/stm32cubeide_1.10.1/stm32cubeide/plugins/com.st.stm32cube.ide.mcu.externaltools.gnu-tools-for-stm32.10.3-2021.10.win32_1.0.0.202111181127/tools/bin/../lib/gcc/arm-none-eabi/10.3.1/../../../../arm-none-eabi/lib/thumb/v7e-m+fp/hard\libc_nano.a(lib_a-mlock.o)
                0x00000000080060dc                __malloc_unlock
 .text._free_r  0x00000000080060e8       0x98 c:/st/stm32cubeide_1.10.1/stm32cubeide/plugins/com.st.stm32cube.ide.mcu.externaltools.gnu-tools-for-stm32.10.3-2021.10.win32_1.0.0.202111181127/tools/bin/../lib/gcc/arm-none-eabi/10.3.1/../../../../arm-none-eabi/lib/thumb/v7e-m+fp/hard\libc_nano.a(lib_a-nano-freer.o)
                0x00000000080060e8                _free_r
 .text._malloc_usable_size_r
                0x0000000008006180       0x10 c:/st/stm32cubeide_1.10.1/stm32cubeide/plugins/com.st.stm32cube.ide.mcu.externaltools.gnu-tools-for-stm32.10.3-2021.10.win32_1.0.0.202111181127/tools/bin/../lib/gcc/arm-none-eabi/10.3.1/../../../../arm-none-eabi/lib/thumb/v7e-m+fp/hard\libc_nano.a(lib_a-nano-msizer.o)
                0x0000000008006180                _malloc_usable_size_r
 .text.__retarget_lock_acquire_recursive
                0x0000000008006190        0x2 c:/st/stm32cubeide_1.10.1/stm32cubeide/plugins/com.st.stm32cube.ide.mcu.externaltools.gnu-tools-for-stm32.10.3-2021.10.win32_1.0.0.202111181127/tools/bin/../lib/gcc/arm-none-eabi/10.3.1/../../../../arm-none-eabi/lib/thumb/v7e-m+fp/hard\libc_nano.a(lib_a-lock.o)
                0x0000000008006190                __retarget_lock_acquire_recursive
 .text.__retarget_lock_release_recursive
                0x0000000008006192        0x2 c:/st/stm32cubeide_1.10.1/stm32cubeide/plugins/com.st.stm32cube.ide.mcu.externaltools.gnu-tools-for-stm32.10.3-2021.10.win32_1.0.0.202111181127/tools/bin/../lib/gcc/arm-none-eabi/10.3.1/../../../../arm-none-eabi/lib/thumb/v7e-m+fp/hard\libc_nano.a(lib_a-lock.o)
                0x0000000008006192                __retarget_lock_release_recursive
 *(.glue_7)
 .glue_7        0x0000000008006194        0x0 linker stubs
 *(.glue_7t)
 .glue_7t       0x0000000008006194        0x0 linker stubs
 *(.eh_frame)
 .eh_frame      0x0000000008006194        0x0 c:/st/stm32cubeide_1.10.1/stm32cubeide/plugins/com.st.stm32cube.ide.mcu.externaltools.gnu-tools-for-stm32.10.3-2021.10.win32_1.0.0.202111181127/tools/bin/../lib/gcc/arm-none-eabi/10.3.1/thumb/v7e-m+fp/hard/crtbegin.o
 *(.init)
 .init          0x0000000008006194        0x4 c:/st/stm32cubeide_1.10.1/stm32cubeide/plugins/com.st.stm32cube.ide.mcu.externaltools.gnu-tools-for-stm32.10.3-2021.10.win32_1.0.0.202111181127/tools/bin/../lib/gcc/arm-none-eabi/10.3.1/thumb/v7e-m+fp/hard/crti.o
                0x0000000008006194                _init
 .init          0x0000000008006198        0x8 c:/st/stm32cubeide_1.10.1/stm32cubeide/plugins/com.st.stm32cube.ide.mcu.externaltools.gnu-tools-for-stm32.10.3-2021.10.win32_1.0.0.202111181127/tools/bin/../lib/gcc/arm-none-eabi/10.3.1/thumb/v7e-m+fp/hard/crtn.o
 *(.fini)
 .fini          0x00000000080061a0        0x4 c:/st/stm32cubeide_1.10.1/stm32cubeide/plugins/com.st.stm32cube.ide.mcu.externaltools.gnu-tools-for-stm32.10.3-2021.10.win32_1.0.0.202111181127/tools/bin/../lib/gcc/arm-none-eabi/10.3.1/thumb/v7e-m+fp/hard/crti.o
                0x00000000080061a0                _fini
 .fini          0x00000000080061a4        0x8 c:/st/stm32cubeide_1.10.1/stm32cubeide/plugins/com.st.stm32cube.ide.mcu.externaltools.gnu-tools-for-stm32.10.3-2021.10.win32_1.0.0.202111181127/tools/bin/../lib/gcc/arm-none-eabi/10.3.1/thumb/v7e-m+fp/hard/crtn.o
                0x00000000080061ac                . = ALIGN (0x4)
                0x00000000080061ac                _etext = .

.vfp11_veneer   0x00000000080061ac        0x0
 .vfp11_veneer  0x00000000080061ac        0x0 linker stubs

.v4_bx          0x00000000080061ac        0x0
 .v4_bx         0x00000000080061ac        0x0 linker stubs

.iplt           0x00000000080061ac        0x0
 .iplt          0x00000000080061ac        0x0 c:/st/stm32cubeide_1.10.1/stm32cubeide/plugins/com.st.stm32cube.ide.mcu.externaltools.gnu-tools-for-stm32.10.3-2021.10.win32_1.0.0.202111181127/tools/bin/../lib/gcc/arm-none-eabi/10.3.1/thumb/v7e-m+fp/hard/crtbegin.o

.rodata         0x00000000080061ac      0x2e0
                0x00000000080061ac                . = ALIGN (0x4)
 *(.rodata)
 .rodata        0x00000000080061ac      0x1a4 ./Core/Src/mainpp.o
 *(.rodata*)
 .rodata._ZN14rosserial_msgsL12REQUESTPARAME
                0x0000000008006350       0x1c ./Core/Src/mainpp.o
 .rodata._ZTVN3ros10SubscriberIN8std_msgs6StringEvEE
                0x000000000800636c       0x18 ./Core/Src/mainpp.o
                0x000000000800636c                vtable for ros::Subscriber<std_msgs::String, void>
 .rodata._ZTVN3ros11NodeHandle_I13STM32HardwareLi25ELi25ELi512ELi512EEE
                0x0000000008006384       0x14 ./Core/Src/mainpp.o
                0x0000000008006384                vtable for ros::NodeHandle_<STM32Hardware, 25, 25, 512, 512>
 .rodata._ZTVN8std_msgs4BoolE
                0x0000000008006398       0x18 ./Core/Src/mainpp.o
                0x0000000008006398                vtable for std_msgs::Bool
 .rodata._ZTVN8std_msgs6StringE
                0x00000000080063b0       0x18 ./Core/Src/mainpp.o
                0x00000000080063b0                vtable for std_msgs::String
 .rodata._ZTVN3ros11Subscriber_E
                0x00000000080063c8       0x18 ./Core/Src/mainpp.o
                0x00000000080063c8                vtable for ros::Subscriber_
 .rodata._ZTVN3ros15NodeHandleBase_E
                0x00000000080063e0       0x14 ./Core/Src/mainpp.o
                0x00000000080063e0                vtable for ros::NodeHandleBase_
 .rodata._ZTVN14rosserial_msgs20RequestParamResponseE
                0x00000000080063f4       0x18 ./Core/Src/mainpp.o
                0x00000000080063f4                vtable for rosserial_msgs::RequestParamResponse
 .rodata._ZTVN14rosserial_msgs3LogE
                0x000000000800640c       0x18 ./Core/Src/mainpp.o
                0x000000000800640c                vtable for rosserial_msgs::Log
 .rodata._ZTVN14rosserial_msgs9TopicInfoE
                0x0000000008006424       0x18 ./Core/Src/mainpp.o
                0x0000000008006424                vtable for rosserial_msgs::TopicInfo
 .rodata._ZTVN8std_msgs4TimeE
                0x000000000800643c       0x18 ./Core/Src/mainpp.o
                0x000000000800643c                vtable for std_msgs::Time
 .rodata._ZTVN3ros3MsgE
                0x0000000008006454       0x18 ./Core/Src/mainpp.o
                0x0000000008006454                vtable for ros::Msg
 .rodata.AHBPrescTable
                0x000000000800646c       0x10 ./Core/Src/system_stm32f4xx.o
                0x000000000800646c                AHBPrescTable
 .rodata.APBPrescTable
                0x000000000800647c        0x8 ./Core/Src/system_stm32f4xx.o
                0x000000000800647c                APBPrescTable
 .rodata.flagBitshiftOffset.0
                0x0000000008006484        0x8 ./Drivers/STM32F4xx_HAL_Driver/Src/stm32f4xx_hal_dma.o
                0x000000000800648c                . = ALIGN (0x4)

.ARM.extab      0x000000000800648c        0x0
                0x000000000800648c                . = ALIGN (0x4)
 *(.ARM.extab* .gnu.linkonce.armextab.*)
                0x000000000800648c                . = ALIGN (0x4)

.ARM            0x000000000800648c        0x8
                0x000000000800648c                . = ALIGN (0x4)
                0x000000000800648c                __exidx_start = .
 *(.ARM.exidx*)
 .ARM.exidx     0x000000000800648c        0x8 c:/st/stm32cubeide_1.10.1/stm32cubeide/plugins/com.st.stm32cube.ide.mcu.externaltools.gnu-tools-for-stm32.10.3-2021.10.win32_1.0.0.202111181127/tools/bin/../lib/gcc/arm-none-eabi/10.3.1/thumb/v7e-m+fp/hard\libgcc.a(_udivmoddi4.o)
                0x0000000008006494                __exidx_end = .
                0x0000000008006494                . = ALIGN (0x4)

.rel.dyn        0x0000000008006494        0x0
 .rel.iplt      0x0000000008006494        0x0 c:/st/stm32cubeide_1.10.1/stm32cubeide/plugins/com.st.stm32cube.ide.mcu.externaltools.gnu-tools-for-stm32.10.3-2021.10.win32_1.0.0.202111181127/tools/bin/../lib/gcc/arm-none-eabi/10.3.1/thumb/v7e-m+fp/hard/crtbegin.o

.preinit_array  0x0000000008006494        0x0
                0x0000000008006494                . = ALIGN (0x4)
                0x0000000008006494                PROVIDE (__preinit_array_start = .)
 *(.preinit_array*)
                0x0000000008006494                PROVIDE (__preinit_array_end = .)
                0x0000000008006494                . = ALIGN (0x4)

.init_array     0x0000000008006494        0x8
                0x0000000008006494                . = ALIGN (0x4)
                0x0000000008006494                PROVIDE (__init_array_start = .)
 *(SORT_BY_NAME(.init_array.*))
 *(.init_array*)
 .init_array    0x0000000008006494        0x4 c:/st/stm32cubeide_1.10.1/stm32cubeide/plugins/com.st.stm32cube.ide.mcu.externaltools.gnu-tools-for-stm32.10.3-2021.10.win32_1.0.0.202111181127/tools/bin/../lib/gcc/arm-none-eabi/10.3.1/thumb/v7e-m+fp/hard/crtbegin.o
 .init_array    0x0000000008006498        0x4 ./Core/Src/mainpp.o
                0x000000000800649c                PROVIDE (__init_array_end = .)
                0x000000000800649c                . = ALIGN (0x4)

.fini_array     0x000000000800649c        0x4
                0x000000000800649c                . = ALIGN (0x4)
                [!provide]                        PROVIDE (__fini_array_start = .)
 *(SORT_BY_NAME(.fini_array.*))
 *(.fini_array*)
 .fini_array    0x000000000800649c        0x4 c:/st/stm32cubeide_1.10.1/stm32cubeide/plugins/com.st.stm32cube.ide.mcu.externaltools.gnu-tools-for-stm32.10.3-2021.10.win32_1.0.0.202111181127/tools/bin/../lib/gcc/arm-none-eabi/10.3.1/thumb/v7e-m+fp/hard/crtbegin.o
                [!provide]                        PROVIDE (__fini_array_end = .)
                0x00000000080064a0                . = ALIGN (0x4)
                0x00000000080064a0                _sidata = LOADADDR (.data)

.data           0x0000000020000000       0x7c load address 0x00000000080064a0
                0x0000000020000000                . = ALIGN (0x4)
                0x0000000020000000                _sdata = .
 *(.data)
 *(.data*)
 .data.num0     0x0000000020000000        0x1 ./Core/Src/mainpp.o
                0x0000000020000000                num0
 .data.num1     0x0000000020000001        0x1 ./Core/Src/mainpp.o
                0x0000000020000001                num1
 .data.num2     0x0000000020000002        0x1 ./Core/Src/mainpp.o
                0x0000000020000002                num2
 .data.num3     0x0000000020000003        0x1 ./Core/Src/mainpp.o
                0x0000000020000003                num3
 .data.num4     0x0000000020000004        0x1 ./Core/Src/mainpp.o
                0x0000000020000004                num4
 .data.num5     0x0000000020000005        0x1 ./Core/Src/mainpp.o
                0x0000000020000005                num5
 .data.num6     0x0000000020000006        0x1 ./Core/Src/mainpp.o
                0x0000000020000006                num6
 .data.num7     0x0000000020000007        0x1 ./Core/Src/mainpp.o
                0x0000000020000007                num7
 .data.SystemCoreClock
                0x0000000020000008        0x4 ./Core/Src/system_stm32f4xx.o
                0x0000000020000008                SystemCoreClock
 .data.uwTickPrio
                0x000000002000000c        0x4 ./Drivers/STM32F4xx_HAL_Driver/Src/stm32f4xx_hal.o
                0x000000002000000c                uwTickPrio
 .data.uwTickFreq
                0x0000000020000010        0x1 ./Drivers/STM32F4xx_HAL_Driver/Src/stm32f4xx_hal.o
                0x0000000020000010                uwTickFreq
 *fill*         0x0000000020000011        0x3 
 .data._ZN10__cxxabiv119__terminate_handlerE
                0x0000000020000014        0x4 c:/st/stm32cubeide_1.10.1/stm32cubeide/plugins/com.st.stm32cube.ide.mcu.externaltools.gnu-tools-for-stm32.10.3-2021.10.win32_1.0.0.202111181127/tools/bin/../lib/gcc/arm-none-eabi/10.3.1/../../../../arm-none-eabi/lib/thumb/v7e-m+fp/hard\libstdc++_nano.a(eh_term_handler.o)
                0x0000000020000014                __cxxabiv1::__terminate_handler
 .data._impure_ptr
                0x0000000020000018        0x4 c:/st/stm32cubeide_1.10.1/stm32cubeide/plugins/com.st.stm32cube.ide.mcu.externaltools.gnu-tools-for-stm32.10.3-2021.10.win32_1.0.0.202111181127/tools/bin/../lib/gcc/arm-none-eabi/10.3.1/../../../../arm-none-eabi/lib/thumb/v7e-m+fp/hard\libc_nano.a(lib_a-impure.o)
                0x0000000020000018                _impure_ptr
 .data.impure_data
                0x000000002000001c       0x60 c:/st/stm32cubeide_1.10.1/stm32cubeide/plugins/com.st.stm32cube.ide.mcu.externaltools.gnu-tools-for-stm32.10.3-2021.10.win32_1.0.0.202111181127/tools/bin/../lib/gcc/arm-none-eabi/10.3.1/../../../../arm-none-eabi/lib/thumb/v7e-m+fp/hard\libc_nano.a(lib_a-impure.o)
 *(.RamFunc)
 *(.RamFunc*)
                0x000000002000007c                . = ALIGN (0x4)
                0x000000002000007c                _edata = .
                0x000000000800651c                _siccmram = LOADADDR (.ccmram)

.igot.plt       0x000000002000007c        0x0 load address 0x000000000800651c
 .igot.plt      0x000000002000007c        0x0 c:/st/stm32cubeide_1.10.1/stm32cubeide/plugins/com.st.stm32cube.ide.mcu.externaltools.gnu-tools-for-stm32.10.3-2021.10.win32_1.0.0.202111181127/tools/bin/../lib/gcc/arm-none-eabi/10.3.1/thumb/v7e-m+fp/hard/crtbegin.o

.ccmram         0x0000000010000000        0x0 load address 0x000000000800651c
                0x0000000010000000                . = ALIGN (0x4)
                0x0000000010000000                _sccmram = .
 *(.ccmram)
 *(.ccmram*)
                0x0000000010000000                . = ALIGN (0x4)
                0x0000000010000000                _eccmram = .
                0x0000000010000000                . = ALIGN (0x4)

.bss            0x000000002000007c      0xafc
                0x000000002000007c                _sbss = .
                0x000000002000007c                __bss_start__ = _sbss
 *(.bss)
 .bss           0x000000002000007c       0x1c c:/st/stm32cubeide_1.10.1/stm32cubeide/plugins/com.st.stm32cube.ide.mcu.externaltools.gnu-tools-for-stm32.10.3-2021.10.win32_1.0.0.202111181127/tools/bin/../lib/gcc/arm-none-eabi/10.3.1/thumb/v7e-m+fp/hard/crtbegin.o
 *(.bss*)
 .bss.huart1    0x0000000020000098       0x44 ./Core/Src/main.o
                0x0000000020000098                huart1
 .bss.hdma_usart1_rx
                0x00000000200000dc       0x60 ./Core/Src/main.o
                0x00000000200000dc                hdma_usart1_rx
 .bss.hdma_usart1_tx
                0x000000002000013c       0x60 ./Core/Src/main.o
                0x000000002000013c                hdma_usart1_tx
 .bss._ZZN13STM32Hardware5flushEvE5mutex
                0x000000002000019c        0x1 ./Core/Src/mainpp.o
                0x000000002000019c                STM32Hardware::flush()::mutex
 *fill*         0x000000002000019d        0x3 
 .bss.nh        0x00000000200001a0      0x93c ./Core/Src/mainpp.o
                0x00000000200001a0                nh
 .bss.done_msg  0x0000000020000adc        0x8 ./Core/Src/mainpp.o
                0x0000000020000adc                done_msg
 .bss.done_nangha
                0x0000000020000ae4       0x14 ./Core/Src/mainpp.o
                0x0000000020000ae4                done_nangha
 .bss.active_msg
                0x0000000020000af8        0x8 ./Core/Src/mainpp.o
                0x0000000020000af8                active_msg
 .bss.status_active
                0x0000000020000b00       0x14 ./Core/Src/mainpp.o
                0x0000000020000b00                status_active
 .bss.str_msg   0x0000000020000b14        0x8 ./Core/Src/mainpp.o
                0x0000000020000b14                str_msg
 .bss.chatter   0x0000000020000b1c       0x14 ./Core/Src/mainpp.o
                0x0000000020000b1c                chatter
 .bss.num       0x0000000020000b30        0x4 ./Core/Src/mainpp.o
                0x0000000020000b30                num
 .bss.set34     0x0000000020000b34        0x1 ./Core/Src/mainpp.o
                0x0000000020000b34                set34
 .bss.set12     0x0000000020000b35        0x1 ./Core/Src/mainpp.o
                0x0000000020000b35                set12
 .bss.x         0x0000000020000b36        0x1 ./Core/Src/mainpp.o
                0x0000000020000b36                x
 *fill*         0x0000000020000b37        0x1 
 .bss.previousMillisX
                0x0000000020000b38        0x4 ./Core/Src/mainpp.o
                0x0000000020000b38                previousMillisX
 .bss.previousMillisX2
                0x0000000020000b3c        0x4 ./Core/Src/mainpp.o
                0x0000000020000b3c                previousMillisX2
 .bss.x2        0x0000000020000b40        0x1 ./Core/Src/mainpp.o
                0x0000000020000b40                x2
 .bss.nut_new   0x0000000020000b41        0x1 ./Core/Src/mainpp.o
                0x0000000020000b41                nut_new
 *fill*         0x0000000020000b42        0x2 
 .bss.sub       0x0000000020000b44       0x1c ./Core/Src/mainpp.o
                0x0000000020000b44                sub
 .bss.__sbrk_heap_end
                0x0000000020000b60        0x4 ./Core/Src/sysmem.o
 .bss.uwTick    0x0000000020000b64        0x4 ./Drivers/STM32F4xx_HAL_Driver/Src/stm32f4xx_hal.o
                0x0000000020000b64                uwTick
 .bss.__malloc_free_list
                0x0000000020000b68        0x4 c:/st/stm32cubeide_1.10.1/stm32cubeide/plugins/com.st.stm32cube.ide.mcu.externaltools.gnu-tools-for-stm32.10.3-2021.10.win32_1.0.0.202111181127/tools/bin/../lib/gcc/arm-none-eabi/10.3.1/../../../../arm-none-eabi/lib/thumb/v7e-m+fp/hard\libc_nano.a(lib_a-nano-mallocr.o)
                0x0000000020000b68                __malloc_free_list
 .bss.__malloc_sbrk_start
                0x0000000020000b6c        0x4 c:/st/stm32cubeide_1.10.1/stm32cubeide/plugins/com.st.stm32cube.ide.mcu.externaltools.gnu-tools-for-stm32.10.3-2021.10.win32_1.0.0.202111181127/tools/bin/../lib/gcc/arm-none-eabi/10.3.1/../../../../arm-none-eabi/lib/thumb/v7e-m+fp/hard\libc_nano.a(lib_a-nano-mallocr.o)
                0x0000000020000b6c                __malloc_sbrk_start
 .bss.errno     0x0000000020000b70        0x4 c:/st/stm32cubeide_1.10.1/stm32cubeide/plugins/com.st.stm32cube.ide.mcu.externaltools.gnu-tools-for-stm32.10.3-2021.10.win32_1.0.0.202111181127/tools/bin/../lib/gcc/arm-none-eabi/10.3.1/../../../../arm-none-eabi/lib/thumb/v7e-m+fp/hard\libc_nano.a(lib_a-reent.o)
                0x0000000020000b70                errno
 .bss.__lock___malloc_recursive_mutex
                0x0000000020000b74        0x1 c:/st/stm32cubeide_1.10.1/stm32cubeide/plugins/com.st.stm32cube.ide.mcu.externaltools.gnu-tools-for-stm32.10.3-2021.10.win32_1.0.0.202111181127/tools/bin/../lib/gcc/arm-none-eabi/10.3.1/../../../../arm-none-eabi/lib/thumb/v7e-m+fp/hard\libc_nano.a(lib_a-lock.o)
                0x0000000020000b74                __lock___malloc_recursive_mutex
 *(COMMON)
                0x0000000020000b78                . = ALIGN (0x4)
 *fill*         0x0000000020000b75        0x3 
                0x0000000020000b78                _ebss = .
                0x0000000020000b78                __bss_end__ = _ebss

._user_heap_stack
                0x0000000020000b78      0x600
                0x0000000020000b78                . = ALIGN (0x8)
                [!provide]                        PROVIDE (end = .)
                0x0000000020000b78                PROVIDE (_end = .)
                0x0000000020000d78                . = (. + _Min_Heap_Size)
 *fill*         0x0000000020000b78      0x200 
                0x0000000020001178                . = (. + _Min_Stack_Size)
 *fill*         0x0000000020000d78      0x400 
                0x0000000020001178                . = ALIGN (0x8)

/DISCARD/
 libc.a(*)
 libm.a(*)
 libgcc.a(*)

.ARM.attributes
                0x0000000000000000       0x30
 *(.ARM.attributes)
 .ARM.attributes
                0x0000000000000000       0x1e c:/st/stm32cubeide_1.10.1/stm32cubeide/plugins/com.st.stm32cube.ide.mcu.externaltools.gnu-tools-for-stm32.10.3-2021.10.win32_1.0.0.202111181127/tools/bin/../lib/gcc/arm-none-eabi/10.3.1/thumb/v7e-m+fp/hard/crti.o
 .ARM.attributes
                0x000000000000001e       0x34 c:/st/stm32cubeide_1.10.1/stm32cubeide/plugins/com.st.stm32cube.ide.mcu.externaltools.gnu-tools-for-stm32.10.3-2021.10.win32_1.0.0.202111181127/tools/bin/../lib/gcc/arm-none-eabi/10.3.1/thumb/v7e-m+fp/hard/crtbegin.o
 .ARM.attributes
                0x0000000000000052       0x34 ./Core/Src/main.o
 .ARM.attributes
                0x0000000000000086       0x34 ./Core/Src/mainpp.o
 .ARM.attributes
                0x00000000000000ba       0x34 ./Core/Src/stm32f4xx_hal_msp.o
 .ARM.attributes
                0x00000000000000ee       0x34 ./Core/Src/stm32f4xx_it.o
 .ARM.attributes
                0x0000000000000122       0x34 ./Core/Src/syscalls.o
 .ARM.attributes
                0x0000000000000156       0x34 ./Core/Src/sysmem.o
 .ARM.attributes
                0x000000000000018a       0x34 ./Core/Src/system_stm32f4xx.o
 .ARM.attributes
                0x00000000000001be       0x34 ./Core/Src/time.o
 .ARM.attributes
                0x00000000000001f2       0x21 ./Core/Startup/startup_stm32f407zgtx.o
 .ARM.attributes
                0x0000000000000213       0x34 ./Drivers/STM32F4xx_HAL_Driver/Src/stm32f4xx_hal.o
 .ARM.attributes
                0x0000000000000247       0x34 ./Drivers/STM32F4xx_HAL_Driver/Src/stm32f4xx_hal_cortex.o
 .ARM.attributes
                0x000000000000027b       0x34 ./Drivers/STM32F4xx_HAL_Driver/Src/stm32f4xx_hal_dma.o
 .ARM.attributes
                0x00000000000002af       0x34 ./Drivers/STM32F4xx_HAL_Driver/Src/stm32f4xx_hal_gpio.o
 .ARM.attributes
                0x00000000000002e3       0x34 ./Drivers/STM32F4xx_HAL_Driver/Src/stm32f4xx_hal_rcc.o
 .ARM.attributes
                0x0000000000000317       0x34 ./Drivers/STM32F4xx_HAL_Driver/Src/stm32f4xx_hal_uart.o
 .ARM.attributes
                0x000000000000034b       0x34 c:/st/stm32cubeide_1.10.1/stm32cubeide/plugins/com.st.stm32cube.ide.mcu.externaltools.gnu-tools-for-stm32.10.3-2021.10.win32_1.0.0.202111181127/tools/bin/../lib/gcc/arm-none-eabi/10.3.1/../../../../arm-none-eabi/lib/thumb/v7e-m+fp/hard\libstdc++_nano.a(pure.o)
 .ARM.attributes
                0x000000000000037f       0x34 c:/st/stm32cubeide_1.10.1/stm32cubeide/plugins/com.st.stm32cube.ide.mcu.externaltools.gnu-tools-for-stm32.10.3-2021.10.win32_1.0.0.202111181127/tools/bin/../lib/gcc/arm-none-eabi/10.3.1/../../../../arm-none-eabi/lib/thumb/v7e-m+fp/hard\libstdc++_nano.a(eh_terminate.o)
 .ARM.attributes
                0x00000000000003b3       0x34 c:/st/stm32cubeide_1.10.1/stm32cubeide/plugins/com.st.stm32cube.ide.mcu.externaltools.gnu-tools-for-stm32.10.3-2021.10.win32_1.0.0.202111181127/tools/bin/../lib/gcc/arm-none-eabi/10.3.1/../../../../arm-none-eabi/lib/thumb/v7e-m+fp/hard\libstdc++_nano.a(eh_term_handler.o)
 .ARM.attributes
                0x00000000000003e7       0x34 c:/st/stm32cubeide_1.10.1/stm32cubeide/plugins/com.st.stm32cube.ide.mcu.externaltools.gnu-tools-for-stm32.10.3-2021.10.win32_1.0.0.202111181127/tools/bin/../lib/gcc/arm-none-eabi/10.3.1/../../../../arm-none-eabi/lib/thumb/v7e-m+fp/hard\libc_nano.a(lib_a-abort.o)
 .ARM.attributes
                0x000000000000041b       0x34 c:/st/stm32cubeide_1.10.1/stm32cubeide/plugins/com.st.stm32cube.ide.mcu.externaltools.gnu-tools-for-stm32.10.3-2021.10.win32_1.0.0.202111181127/tools/bin/../lib/gcc/arm-none-eabi/10.3.1/../../../../arm-none-eabi/lib/thumb/v7e-m+fp/hard\libc_nano.a(lib_a-errno.o)
 .ARM.attributes
                0x000000000000044f       0x34 c:/st/stm32cubeide_1.10.1/stm32cubeide/plugins/com.st.stm32cube.ide.mcu.externaltools.gnu-tools-for-stm32.10.3-2021.10.win32_1.0.0.202111181127/tools/bin/../lib/gcc/arm-none-eabi/10.3.1/../../../../arm-none-eabi/lib/thumb/v7e-m+fp/hard\libc_nano.a(lib_a-impure.o)
 .ARM.attributes
                0x0000000000000483       0x34 c:/st/stm32cubeide_1.10.1/stm32cubeide/plugins/com.st.stm32cube.ide.mcu.externaltools.gnu-tools-for-stm32.10.3-2021.10.win32_1.0.0.202111181127/tools/bin/../lib/gcc/arm-none-eabi/10.3.1/../../../../arm-none-eabi/lib/thumb/v7e-m+fp/hard\libc_nano.a(lib_a-init.o)
 .ARM.attributes
                0x00000000000004b7       0x34 c:/st/stm32cubeide_1.10.1/stm32cubeide/plugins/com.st.stm32cube.ide.mcu.externaltools.gnu-tools-for-stm32.10.3-2021.10.win32_1.0.0.202111181127/tools/bin/../lib/gcc/arm-none-eabi/10.3.1/../../../../arm-none-eabi/lib/thumb/v7e-m+fp/hard\libc_nano.a(lib_a-memcpy-stub.o)
 .ARM.attributes
                0x00000000000004eb       0x34 c:/st/stm32cubeide_1.10.1/stm32cubeide/plugins/com.st.stm32cube.ide.mcu.externaltools.gnu-tools-for-stm32.10.3-2021.10.win32_1.0.0.202111181127/tools/bin/../lib/gcc/arm-none-eabi/10.3.1/../../../../arm-none-eabi/lib/thumb/v7e-m+fp/hard\libc_nano.a(lib_a-memset.o)
 .ARM.attributes
                0x000000000000051f       0x34 c:/st/stm32cubeide_1.10.1/stm32cubeide/plugins/com.st.stm32cube.ide.mcu.externaltools.gnu-tools-for-stm32.10.3-2021.10.win32_1.0.0.202111181127/tools/bin/../lib/gcc/arm-none-eabi/10.3.1/../../../../arm-none-eabi/lib/thumb/v7e-m+fp/hard\libc_nano.a(lib_a-realloc.o)
 .ARM.attributes
                0x0000000000000553       0x34 c:/st/stm32cubeide_1.10.1/stm32cubeide/plugins/com.st.stm32cube.ide.mcu.externaltools.gnu-tools-for-stm32.10.3-2021.10.win32_1.0.0.202111181127/tools/bin/../lib/gcc/arm-none-eabi/10.3.1/../../../../arm-none-eabi/lib/thumb/v7e-m+fp/hard\libc_nano.a(lib_a-signal.o)
 .ARM.attributes
                0x0000000000000587       0x34 c:/st/stm32cubeide_1.10.1/stm32cubeide/plugins/com.st.stm32cube.ide.mcu.externaltools.gnu-tools-for-stm32.10.3-2021.10.win32_1.0.0.202111181127/tools/bin/../lib/gcc/arm-none-eabi/10.3.1/../../../../arm-none-eabi/lib/thumb/v7e-m+fp/hard\libc_nano.a(lib_a-signalr.o)
 .ARM.attributes
                0x00000000000005bb       0x17 c:/st/stm32cubeide_1.10.1/stm32cubeide/plugins/com.st.stm32cube.ide.mcu.externaltools.gnu-tools-for-stm32.10.3-2021.10.win32_1.0.0.202111181127/tools/bin/../lib/gcc/arm-none-eabi/10.3.1/../../../../arm-none-eabi/lib/thumb/v7e-m+fp/hard\libc_nano.a(lib_a-strlen.o)
 .ARM.attributes
                0x00000000000005d2       0x34 c:/st/stm32cubeide_1.10.1/stm32cubeide/plugins/com.st.stm32cube.ide.mcu.externaltools.gnu-tools-for-stm32.10.3-2021.10.win32_1.0.0.202111181127/tools/bin/../lib/gcc/arm-none-eabi/10.3.1/../../../../arm-none-eabi/lib/thumb/v7e-m+fp/hard\libc_nano.a(lib_a-nano-mallocr.o)
 .ARM.attributes
                0x0000000000000606       0x34 c:/st/stm32cubeide_1.10.1/stm32cubeide/plugins/com.st.stm32cube.ide.mcu.externaltools.gnu-tools-for-stm32.10.3-2021.10.win32_1.0.0.202111181127/tools/bin/../lib/gcc/arm-none-eabi/10.3.1/../../../../arm-none-eabi/lib/thumb/v7e-m+fp/hard\libc_nano.a(lib_a-nano-reallocr.o)
 .ARM.attributes
                0x000000000000063a       0x34 c:/st/stm32cubeide_1.10.1/stm32cubeide/plugins/com.st.stm32cube.ide.mcu.externaltools.gnu-tools-for-stm32.10.3-2021.10.win32_1.0.0.202111181127/tools/bin/../lib/gcc/arm-none-eabi/10.3.1/../../../../arm-none-eabi/lib/thumb/v7e-m+fp/hard\libc_nano.a(lib_a-reent.o)
 .ARM.attributes
                0x000000000000066e       0x34 c:/st/stm32cubeide_1.10.1/stm32cubeide/plugins/com.st.stm32cube.ide.mcu.externaltools.gnu-tools-for-stm32.10.3-2021.10.win32_1.0.0.202111181127/tools/bin/../lib/gcc/arm-none-eabi/10.3.1/../../../../arm-none-eabi/lib/thumb/v7e-m+fp/hard\libc_nano.a(lib_a-sbrkr.o)
 .ARM.attributes
                0x00000000000006a2       0x34 c:/st/stm32cubeide_1.10.1/stm32cubeide/plugins/com.st.stm32cube.ide.mcu.externaltools.gnu-tools-for-stm32.10.3-2021.10.win32_1.0.0.202111181127/tools/bin/../lib/gcc/arm-none-eabi/10.3.1/../../../../arm-none-eabi/lib/thumb/v7e-m+fp/hard\libc_nano.a(lib_a-mlock.o)
 .ARM.attributes
                0x00000000000006d6       0x34 c:/st/stm32cubeide_1.10.1/stm32cubeide/plugins/com.st.stm32cube.ide.mcu.externaltools.gnu-tools-for-stm32.10.3-2021.10.win32_1.0.0.202111181127/tools/bin/../lib/gcc/arm-none-eabi/10.3.1/../../../../arm-none-eabi/lib/thumb/v7e-m+fp/hard\libc_nano.a(lib_a-nano-freer.o)
 .ARM.attributes
                0x000000000000070a       0x34 c:/st/stm32cubeide_1.10.1/stm32cubeide/plugins/com.st.stm32cube.ide.mcu.externaltools.gnu-tools-for-stm32.10.3-2021.10.win32_1.0.0.202111181127/tools/bin/../lib/gcc/arm-none-eabi/10.3.1/../../../../arm-none-eabi/lib/thumb/v7e-m+fp/hard\libc_nano.a(lib_a-nano-msizer.o)
 .ARM.attributes
                0x000000000000073e       0x34 c:/st/stm32cubeide_1.10.1/stm32cubeide/plugins/com.st.stm32cube.ide.mcu.externaltools.gnu-tools-for-stm32.10.3-2021.10.win32_1.0.0.202111181127/tools/bin/../lib/gcc/arm-none-eabi/10.3.1/../../../../arm-none-eabi/lib/thumb/v7e-m+fp/hard\libc_nano.a(lib_a-lock.o)
 .ARM.attributes
                0x0000000000000772       0x1e c:/st/stm32cubeide_1.10.1/stm32cubeide/plugins/com.st.stm32cube.ide.mcu.externaltools.gnu-tools-for-stm32.10.3-2021.10.win32_1.0.0.202111181127/tools/bin/../lib/gcc/arm-none-eabi/10.3.1/thumb/v7e-m+fp/hard\libgcc.a(_aeabi_uldivmod.o)
 .ARM.attributes
                0x0000000000000790       0x34 c:/st/stm32cubeide_1.10.1/stm32cubeide/plugins/com.st.stm32cube.ide.mcu.externaltools.gnu-tools-for-stm32.10.3-2021.10.win32_1.0.0.202111181127/tools/bin/../lib/gcc/arm-none-eabi/10.3.1/thumb/v7e-m+fp/hard\libgcc.a(_udivmoddi4.o)
 .ARM.attributes
                0x00000000000007c4       0x1e c:/st/stm32cubeide_1.10.1/stm32cubeide/plugins/com.st.stm32cube.ide.mcu.externaltools.gnu-tools-for-stm32.10.3-2021.10.win32_1.0.0.202111181127/tools/bin/../lib/gcc/arm-none-eabi/10.3.1/thumb/v7e-m+fp/hard\libgcc.a(_dvmd_tls.o)
 .ARM.attributes
                0x00000000000007e2       0x1e c:/st/stm32cubeide_1.10.1/stm32cubeide/plugins/com.st.stm32cube.ide.mcu.externaltools.gnu-tools-for-stm32.10.3-2021.10.win32_1.0.0.202111181127/tools/bin/../lib/gcc/arm-none-eabi/10.3.1/thumb/v7e-m+fp/hard/crtn.o
OUTPUT(micro_ROS_UART1.elf elf32-littlearm)
LOAD linker stubs
LOAD c:/st/stm32cubeide_1.10.1/stm32cubeide/plugins/com.st.stm32cube.ide.mcu.externaltools.gnu-tools-for-stm32.10.3-2021.10.win32_1.0.0.202111181127/tools/bin/../lib/gcc/arm-none-eabi/10.3.1/../../../../arm-none-eabi/lib/thumb/v7e-m+fp/hard\libc.a
LOAD c:/st/stm32cubeide_1.10.1/stm32cubeide/plugins/com.st.stm32cube.ide.mcu.externaltools.gnu-tools-for-stm32.10.3-2021.10.win32_1.0.0.202111181127/tools/bin/../lib/gcc/arm-none-eabi/10.3.1/../../../../arm-none-eabi/lib/thumb/v7e-m+fp/hard\libm.a
LOAD c:/st/stm32cubeide_1.10.1/stm32cubeide/plugins/com.st.stm32cube.ide.mcu.externaltools.gnu-tools-for-stm32.10.3-2021.10.win32_1.0.0.202111181127/tools/bin/../lib/gcc/arm-none-eabi/10.3.1/thumb/v7e-m+fp/hard\libgcc.a

.debug_info     0x0000000000000000    0x10f4e
 .debug_info    0x0000000000000000      0xf3d ./Core/Src/main.o
 .debug_info    0x0000000000000f3d     0x600b ./Core/Src/mainpp.o
 .debug_info    0x0000000000006f48      0xc60 ./Core/Src/stm32f4xx_hal_msp.o
 .debug_info    0x0000000000007ba8      0x6b4 ./Core/Src/stm32f4xx_it.o
 .debug_info    0x000000000000825c      0x6e0 ./Core/Src/syscalls.o
 .debug_info    0x000000000000893c      0x171 ./Core/Src/sysmem.o
 .debug_info    0x0000000000008aad      0x523 ./Core/Src/system_stm32f4xx.o
 .debug_info    0x0000000000008fd0     0x1bea ./Core/Src/time.o
 .debug_info    0x000000000000abba       0x22 ./Core/Startup/startup_stm32f407zgtx.o
 .debug_info    0x000000000000abdc      0x97c ./Drivers/STM32F4xx_HAL_Driver/Src/stm32f4xx_hal.o
 .debug_info    0x000000000000b558      0xe1b ./Drivers/STM32F4xx_HAL_Driver/Src/stm32f4xx_hal_cortex.o
 .debug_info    0x000000000000c373      0x94f ./Drivers/STM32F4xx_HAL_Driver/Src/stm32f4xx_hal_dma.o
 .debug_info    0x000000000000ccc2      0x76a ./Drivers/STM32F4xx_HAL_Driver/Src/stm32f4xx_hal_gpio.o
 .debug_info    0x000000000000d42c      0x966 ./Drivers/STM32F4xx_HAL_Driver/Src/stm32f4xx_hal_rcc.o
 .debug_info    0x000000000000dd92     0x31bc ./Drivers/STM32F4xx_HAL_Driver/Src/stm32f4xx_hal_uart.o

.debug_abbrev   0x0000000000000000     0x240a
 .debug_abbrev  0x0000000000000000      0x26c ./Core/Src/main.o
 .debug_abbrev  0x000000000000026c      0x901 ./Core/Src/mainpp.o
 .debug_abbrev  0x0000000000000b6d      0x1f6 ./Core/Src/stm32f4xx_hal_msp.o
 .debug_abbrev  0x0000000000000d63      0x166 ./Core/Src/stm32f4xx_it.o
 .debug_abbrev  0x0000000000000ec9      0x1b3 ./Core/Src/syscalls.o
 .debug_abbrev  0x000000000000107c       0xbb ./Core/Src/sysmem.o
 .debug_abbrev  0x0000000000001137      0x116 ./Core/Src/system_stm32f4xx.o
 .debug_abbrev  0x000000000000124d      0x2cb ./Core/Src/time.o
 .debug_abbrev  0x0000000000001518       0x12 ./Core/Startup/startup_stm32f407zgtx.o
 .debug_abbrev  0x000000000000152a      0x20d ./Drivers/STM32F4xx_HAL_Driver/Src/stm32f4xx_hal.o
 .debug_abbrev  0x0000000000001737      0x316 ./Drivers/STM32F4xx_HAL_Driver/Src/stm32f4xx_hal_cortex.o
 .debug_abbrev  0x0000000000001a4d      0x25b ./Drivers/STM32F4xx_HAL_Driver/Src/stm32f4xx_hal_dma.o
 .debug_abbrev  0x0000000000001ca8      0x1c4 ./Drivers/STM32F4xx_HAL_Driver/Src/stm32f4xx_hal_gpio.o
 .debug_abbrev  0x0000000000001e6c      0x2aa ./Drivers/STM32F4xx_HAL_Driver/Src/stm32f4xx_hal_rcc.o
 .debug_abbrev  0x0000000000002116      0x2f4 ./Drivers/STM32F4xx_HAL_Driver/Src/stm32f4xx_hal_uart.o

.debug_aranges  0x0000000000000000      0xa98
 .debug_aranges
                0x0000000000000000       0x48 ./Core/Src/main.o
 .debug_aranges
                0x0000000000000048      0x2d0 ./Core/Src/mainpp.o
 .debug_aranges
                0x0000000000000318       0x30 ./Core/Src/stm32f4xx_hal_msp.o
 .debug_aranges
                0x0000000000000348       0x78 ./Core/Src/stm32f4xx_it.o
 .debug_aranges
                0x00000000000003c0       0xa8 ./Core/Src/syscalls.o
 .debug_aranges
                0x0000000000000468       0x20 ./Core/Src/sysmem.o
 .debug_aranges
                0x0000000000000488       0x28 ./Core/Src/system_stm32f4xx.o
 .debug_aranges
                0x00000000000004b0       0x48 ./Core/Src/time.o
 .debug_aranges
                0x00000000000004f8       0x28 ./Core/Startup/startup_stm32f407zgtx.o
 .debug_aranges
                0x0000000000000520       0xf0 ./Drivers/STM32F4xx_HAL_Driver/Src/stm32f4xx_hal.o
 .debug_aranges
                0x0000000000000610      0x118 ./Drivers/STM32F4xx_HAL_Driver/Src/stm32f4xx_hal_cortex.o
 .debug_aranges
                0x0000000000000728       0x90 ./Drivers/STM32F4xx_HAL_Driver/Src/stm32f4xx_hal_dma.o
 .debug_aranges
                0x00000000000007b8       0x58 ./Drivers/STM32F4xx_HAL_Driver/Src/stm32f4xx_hal_gpio.o
 .debug_aranges
                0x0000000000000810       0x88 ./Drivers/STM32F4xx_HAL_Driver/Src/stm32f4xx_hal_rcc.o
 .debug_aranges
                0x0000000000000898      0x200 ./Drivers/STM32F4xx_HAL_Driver/Src/stm32f4xx_hal_uart.o

.debug_ranges   0x0000000000000000      0x9f8
 .debug_ranges  0x0000000000000000       0x38 ./Core/Src/main.o
 .debug_ranges  0x0000000000000038      0x2d8 ./Core/Src/mainpp.o
 .debug_ranges  0x0000000000000310       0x20 ./Core/Src/stm32f4xx_hal_msp.o
 .debug_ranges  0x0000000000000330       0x68 ./Core/Src/stm32f4xx_it.o
 .debug_ranges  0x0000000000000398       0x98 ./Core/Src/syscalls.o
 .debug_ranges  0x0000000000000430       0x10 ./Core/Src/sysmem.o
 .debug_ranges  0x0000000000000440       0x18 ./Core/Src/system_stm32f4xx.o
 .debug_ranges  0x0000000000000458       0x38 ./Core/Src/time.o
 .debug_ranges  0x0000000000000490       0x20 ./Core/Startup/startup_stm32f407zgtx.o
 .debug_ranges  0x00000000000004b0       0xe0 ./Drivers/STM32F4xx_HAL_Driver/Src/stm32f4xx_hal.o
 .debug_ranges  0x0000000000000590      0x108 ./Drivers/STM32F4xx_HAL_Driver/Src/stm32f4xx_hal_cortex.o
 .debug_ranges  0x0000000000000698       0x80 ./Drivers/STM32F4xx_HAL_Driver/Src/stm32f4xx_hal_dma.o
 .debug_ranges  0x0000000000000718       0x48 ./Drivers/STM32F4xx_HAL_Driver/Src/stm32f4xx_hal_gpio.o
 .debug_ranges  0x0000000000000760       0x78 ./Drivers/STM32F4xx_HAL_Driver/Src/stm32f4xx_hal_rcc.o
 .debug_ranges  0x00000000000007d8      0x220 ./Drivers/STM32F4xx_HAL_Driver/Src/stm32f4xx_hal_uart.o

.debug_macro    0x0000000000000000    0x22038
 .debug_macro   0x0000000000000000      0x1ce ./Core/Src/main.o
 .debug_macro   0x00000000000001ce      0xa78 ./Core/Src/main.o
 .debug_macro   0x0000000000000c46      0x295 ./Core/Src/main.o
 .debug_macro   0x0000000000000edb       0x2e ./Core/Src/main.o
 .debug_macro   0x0000000000000f09       0x2f ./Core/Src/main.o
 .debug_macro   0x0000000000000f38       0x8e ./Core/Src/main.o
 .debug_macro   0x0000000000000fc6       0x51 ./Core/Src/main.o
 .debug_macro   0x0000000000001017       0x1c ./Core/Src/main.o
 .debug_macro   0x0000000000001033       0x22 ./Core/Src/main.o
 .debug_macro   0x0000000000001055       0xd9 ./Core/Src/main.o
 .debug_macro   0x000000000000112e     0x102d ./Core/Src/main.o
 .debug_macro   0x000000000000215b      0x11f ./Core/Src/main.o
 .debug_macro   0x000000000000227a    0x15e82 ./Core/Src/main.o
 .debug_macro   0x00000000000180fc       0x6d ./Core/Src/main.o
 .debug_macro   0x0000000000018169     0x367e ./Core/Src/main.o
 .debug_macro   0x000000000001b7e7      0x174 ./Core/Src/main.o
 .debug_macro   0x000000000001b95b       0x5c ./Core/Src/main.o
 .debug_macro   0x000000000001b9b7      0x96b ./Core/Src/main.o
 .debug_macro   0x000000000001c322      0x9fe ./Core/Src/main.o
 .debug_macro   0x000000000001cd20      0x115 ./Core/Src/main.o
 .debug_macro   0x000000000001ce35      0x13e ./Core/Src/main.o
 .debug_macro   0x000000000001cf73       0xa5 ./Core/Src/main.o
 .debug_macro   0x000000000001d018      0x174 ./Core/Src/main.o
 .debug_macro   0x000000000001d18c      0x287 ./Core/Src/main.o
 .debug_macro   0x000000000001d413       0x5f ./Core/Src/main.o
 .debug_macro   0x000000000001d472      0x236 ./Core/Src/main.o
 .debug_macro   0x000000000001d6a8      0x12c ./Core/Src/main.o
 .debug_macro   0x000000000001d7d4      0x21e ./Core/Src/main.o
 .debug_macro   0x000000000001d9f2       0x2e ./Core/Src/main.o
 .debug_macro   0x000000000001da20      0x11a ./Core/Src/main.o
 .debug_macro   0x000000000001db3a       0x7e ./Core/Src/main.o
 .debug_macro   0x000000000001dbb8       0x89 ./Core/Src/main.o
 .debug_macro   0x000000000001dc41      0x295 ./Core/Src/main.o
 .debug_macro   0x000000000001ded6      0x12d ./Core/Src/main.o
 .debug_macro   0x000000000001e003      0x41c ./Core/Src/mainpp.o
 .debug_macro   0x000000000001e41f       0x52 ./Core/Src/mainpp.o
 .debug_macro   0x000000000001e471       0x10 ./Core/Src/mainpp.o
 .debug_macro   0x000000000001e481       0x20 ./Core/Src/mainpp.o
 .debug_macro   0x000000000001e4a1       0x10 ./Core/Src/mainpp.o
 .debug_macro   0x000000000001e4b1       0x1c ./Core/Src/mainpp.o
 .debug_macro   0x000000000001e4cd       0xde ./Core/Src/mainpp.o
 .debug_macro   0x000000000001e5ab       0x8e ./Core/Src/mainpp.o
 .debug_macro   0x000000000001e639      0x3cd ./Core/Src/mainpp.o
 .debug_macro   0x000000000001ea06       0x10 ./Core/Src/mainpp.o
 .debug_macro   0x000000000001ea16     0x102d ./Core/Src/mainpp.o
 .debug_macro   0x000000000001fa43       0x56 ./Core/Src/mainpp.o
 .debug_macro   0x000000000001fa99      0x1c4 ./Core/Src/stm32f4xx_hal_msp.o
 .debug_macro   0x000000000001fc5d      0x1ce ./Core/Src/stm32f4xx_it.o
 .debug_macro   0x000000000001fe2b      0x24c ./Core/Src/syscalls.o
 .debug_macro   0x0000000000020077       0x34 ./Core/Src/syscalls.o
 .debug_macro   0x00000000000200ab      0x341 ./Core/Src/syscalls.o
 .debug_macro   0x00000000000203ec       0x43 ./Core/Src/syscalls.o
 .debug_macro   0x000000000002042f       0x1c ./Core/Src/syscalls.o
 .debug_macro   0x000000000002044b       0x10 ./Core/Src/syscalls.o
 .debug_macro   0x000000000002045b       0x35 ./Core/Src/syscalls.o
 .debug_macro   0x0000000000020490       0x10 ./Core/Src/syscalls.o
 .debug_macro   0x00000000000204a0       0x10 ./Core/Src/syscalls.o
 .debug_macro   0x00000000000204b0       0x10 ./Core/Src/syscalls.o
 .debug_macro   0x00000000000204c0       0x1c ./Core/Src/syscalls.o
 .debug_macro   0x00000000000204dc       0x52 ./Core/Src/syscalls.o
 .debug_macro   0x000000000002052e       0x22 ./Core/Src/syscalls.o
 .debug_macro   0x0000000000020550       0x10 ./Core/Src/syscalls.o
 .debug_macro   0x0000000000020560       0x52 ./Core/Src/syscalls.o
 .debug_macro   0x00000000000205b2       0xd5 ./Core/Src/syscalls.o
 .debug_macro   0x0000000000020687       0x1c ./Core/Src/syscalls.o
 .debug_macro   0x00000000000206a3       0x3d ./Core/Src/syscalls.o
 .debug_macro   0x00000000000206e0       0x35 ./Core/Src/syscalls.o
 .debug_macro   0x0000000000020715      0x12c ./Core/Src/syscalls.o
 .debug_macro   0x0000000000020841       0x10 ./Core/Src/syscalls.o
 .debug_macro   0x0000000000020851      0x241 ./Core/Src/syscalls.o
 .debug_macro   0x0000000000020a92       0x1c ./Core/Src/syscalls.o