../Core/Inc/FreeModbus/portserial_m.c:18:6:xMBMasterPortSerialInit	24	static
../Core/Inc/FreeModbus/portserial_m.c:25:6:vMBMasterPortSerialEnable	16	static
../Core/Inc/FreeModbus/portserial_m.c:47:6:vMBMasterPortClose	8	static
../Core/Inc/FreeModbus/portserial_m.c:53:6:xMBMasterPortSerialPutBytes	16	static
../Core/Inc/FreeModbus/portserial_m.c:59:6:xMBMasterPortSerialPutByte	16	static
../Core/Inc/FreeModbus/portserial_m.c:65:6:xMBMasterPortSerialGetByte	16	static
../Core/Inc/FreeModbus/portserial_m.c:71:6:HAL_UART_RxCpltCallback2	16	static
../Core/Inc/FreeModbus/portserial_m.c:82:6:HAL_UART_TxCpltCallback2	16	static
