Archive member included to satisfy reference by file (symbol)

c:/st/stm32cubeide_1.10.0/stm32cubeide/plugins/com.st.stm32cube.ide.mcu.externaltools.gnu-tools-for-stm32.10.3-2021.10.win32_1.0.0.202111181127/tools/bin/../lib/gcc/arm-none-eabi/10.3.1/../../../../arm-none-eabi/lib/thumb/v7e-m+fp/hard\libstdc++_nano.a(pure.o)
                              ./Core/Src/mainpp.o (__cxa_pure_virtual)
c:/st/stm32cubeide_1.10.0/stm32cubeide/plugins/com.st.stm32cube.ide.mcu.externaltools.gnu-tools-for-stm32.10.3-2021.10.win32_1.0.0.202111181127/tools/bin/../lib/gcc/arm-none-eabi/10.3.1/../../../../arm-none-eabi/lib/thumb/v7e-m+fp/hard\libstdc++_nano.a(eh_terminate.o)
                              c:/st/stm32cubeide_1.10.0/stm32cubeide/plugins/com.st.stm32cube.ide.mcu.externaltools.gnu-tools-for-stm32.10.3-2021.10.win32_1.0.0.202111181127/tools/bin/../lib/gcc/arm-none-eabi/10.3.1/../../../../arm-none-eabi/lib/thumb/v7e-m+fp/hard\libstdc++_nano.a(pure.o) (std::terminate())
c:/st/stm32cubeide_1.10.0/stm32cubeide/plugins/com.st.stm32cube.ide.mcu.externaltools.gnu-tools-for-stm32.10.3-2021.10.win32_1.0.0.202111181127/tools/bin/../lib/gcc/arm-none-eabi/10.3.1/../../../../arm-none-eabi/lib/thumb/v7e-m+fp/hard\libstdc++_nano.a(eh_unex_handler.o)
                              c:/st/stm32cubeide_1.10.0/stm32cubeide/plugins/com.st.stm32cube.ide.mcu.externaltools.gnu-tools-for-stm32.10.3-2021.10.win32_1.0.0.202111181127/tools/bin/../lib/gcc/arm-none-eabi/10.3.1/../../../../arm-none-eabi/lib/thumb/v7e-m+fp/hard\libstdc++_nano.a(eh_terminate.o) (__cxxabiv1::__unexpected_handler)
c:/st/stm32cubeide_1.10.0/stm32cubeide/plugins/com.st.stm32cube.ide.mcu.externaltools.gnu-tools-for-stm32.10.3-2021.10.win32_1.0.0.202111181127/tools/bin/../lib/gcc/arm-none-eabi/10.3.1/../../../../arm-none-eabi/lib/thumb/v7e-m+fp/hard\libstdc++_nano.a(eh_term_handler.o)
                              c:/st/stm32cubeide_1.10.0/stm32cubeide/plugins/com.st.stm32cube.ide.mcu.externaltools.gnu-tools-for-stm32.10.3-2021.10.win32_1.0.0.202111181127/tools/bin/../lib/gcc/arm-none-eabi/10.3.1/../../../../arm-none-eabi/lib/thumb/v7e-m+fp/hard\libstdc++_nano.a(eh_terminate.o) (__cxxabiv1::__terminate_handler)
c:/st/stm32cubeide_1.10.0/stm32cubeide/plugins/com.st.stm32cube.ide.mcu.externaltools.gnu-tools-for-stm32.10.3-2021.10.win32_1.0.0.202111181127/tools/bin/../lib/gcc/arm-none-eabi/10.3.1/../../../../arm-none-eabi/lib/thumb/v7e-m+fp/hard\libc_nano.a(lib_a-abort.o)
                              c:/st/stm32cubeide_1.10.0/stm32cubeide/plugins/com.st.stm32cube.ide.mcu.externaltools.gnu-tools-for-stm32.10.3-2021.10.win32_1.0.0.202111181127/tools/bin/../lib/gcc/arm-none-eabi/10.3.1/../../../../arm-none-eabi/lib/thumb/v7e-m+fp/hard\libstdc++_nano.a(eh_terminate.o) (abort)
c:/st/stm32cubeide_1.10.0/stm32cubeide/plugins/com.st.stm32cube.ide.mcu.externaltools.gnu-tools-for-stm32.10.3-2021.10.win32_1.0.0.202111181127/tools/bin/../lib/gcc/arm-none-eabi/10.3.1/../../../../arm-none-eabi/lib/thumb/v7e-m+fp/hard\libc_nano.a(lib_a-errno.o)
                              ./Core/Src/syscalls.o (__errno)
c:/st/stm32cubeide_1.10.0/stm32cubeide/plugins/com.st.stm32cube.ide.mcu.externaltools.gnu-tools-for-stm32.10.3-2021.10.win32_1.0.0.202111181127/tools/bin/../lib/gcc/arm-none-eabi/10.3.1/../../../../arm-none-eabi/lib/thumb/v7e-m+fp/hard\libc_nano.a(lib_a-exit.o)
                              c:/st/stm32cubeide_1.10.0/stm32cubeide/plugins/com.st.stm32cube.ide.mcu.externaltools.gnu-tools-for-stm32.10.3-2021.10.win32_1.0.0.202111181127/tools/bin/../lib/gcc/arm-none-eabi/10.3.1/../../../../arm-none-eabi/lib/thumb/v7e-m+fp/hard/crt0.o (exit)
c:/st/stm32cubeide_1.10.0/stm32cubeide/plugins/com.st.stm32cube.ide.mcu.externaltools.gnu-tools-for-stm32.10.3-2021.10.win32_1.0.0.202111181127/tools/bin/../lib/gcc/arm-none-eabi/10.3.1/../../../../arm-none-eabi/lib/thumb/v7e-m+fp/hard\libc_nano.a(lib_a-impure.o)
                              c:/st/stm32cubeide_1.10.0/stm32cubeide/plugins/com.st.stm32cube.ide.mcu.externaltools.gnu-tools-for-stm32.10.3-2021.10.win32_1.0.0.202111181127/tools/bin/../lib/gcc/arm-none-eabi/10.3.1/../../../../arm-none-eabi/lib/thumb/v7e-m+fp/hard\libc_nano.a(lib_a-exit.o) (_global_impure_ptr)
c:/st/stm32cubeide_1.10.0/stm32cubeide/plugins/com.st.stm32cube.ide.mcu.externaltools.gnu-tools-for-stm32.10.3-2021.10.win32_1.0.0.202111181127/tools/bin/../lib/gcc/arm-none-eabi/10.3.1/../../../../arm-none-eabi/lib/thumb/v7e-m+fp/hard\libc_nano.a(lib_a-init.o)
                              c:/st/stm32cubeide_1.10.0/stm32cubeide/plugins/com.st.stm32cube.ide.mcu.externaltools.gnu-tools-for-stm32.10.3-2021.10.win32_1.0.0.202111181127/tools/bin/../lib/gcc/arm-none-eabi/10.3.1/../../../../arm-none-eabi/lib/thumb/v7e-m+fp/hard/crt0.o (__libc_init_array)
[...]
Memory Configuration

Name             Origin             Length             Attributes
CCMRAM           0x0000000010000000 0x0000000000010000 xrw
RAM              0x0000000020000000 0x0000000000020000 xrw
FLASH            0x0000000008000000 0x0000000000100000 xr
*default*        0x0000000000000000 0xffffffffffffffff

Linker script and memory map

LOAD c:/st/stm32cubeide_1.10.0/stm32cubeide/plugins/com.st.stm32cube.ide.mcu.externaltools.gnu-tools-for-stm32.10.3-2021.10.win32_1.0.0.202111181127/tools/bin/../lib/gcc/arm-none-eabi/10.3.1/thumb/v7e-m+fp/hard/crti.o
LOAD c:/st/stm32cubeide_1.10.0/stm32cubeide/plugins/com.st.stm32cube.ide.mcu.externaltools.gnu-tools-for-stm32.10.3-2021.10.win32_1.0.0.202111181127/tools/bin/../lib/gcc/arm-none-eabi/10.3.1/thumb/v7e-m+fp/hard/crtbegin.o
LOAD c:/st/stm32cubeide_1.10.0/stm32cubeide/plugins/com.st.stm32cube.ide.mcu.externaltools.gnu-tools-for-stm32.10.3-2021.10.win32_1.0.0.202111181127/tools/bin/../lib/gcc/arm-none-eabi/10.3.1/../../../../arm-none-eabi/lib/thumb/v7e-m+fp/hard/crt0.o
LOAD ./Core/Library/FreeModbus/mb.o
LOAD ./Core/Library/FreeModbus/mb_m.o
LOAD ./Core/Library/FreeModbus/mbcrc.o
LOAD ./Core/Library/FreeModbus/mbfunccoils.o
LOAD ./Core/Library/FreeModbus/mbfunccoils_m.o
LOAD ./Core/Library/FreeModbus/mbfuncdiag.o
LOAD ./Core/Library/FreeModbus/mbfuncdisc.o
LOAD ./Core/Library/FreeModbus/mbfuncdisc_m.o
LOAD ./Core/Library/FreeModbus/mbfuncholding.o
LOAD ./Core/Library/FreeModbus/mbfuncholding_m.o
LOAD ./Core/Library/FreeModbus/mbfuncinput.o
LOAD ./Core/Library/FreeModbus/mbfuncinput_m.o
LOAD ./Core/Library/FreeModbus/mbfuncother.o
LOAD ./Core/Library/FreeModbus/mbrtu.o
LOAD ./Core/Library/FreeModbus/mbrtu_m.o
LOAD ./Core/Library/FreeModbus/mbutils.o
LOAD ./Core/Library/FreeModbus/portcritical.o
LOAD ./Core/Library/FreeModbus/portevent.o
LOAD ./Core/Library/FreeModbus/portevent_m.o
LOAD ./Core/Library/FreeModbus/portserial.o
LOAD ./Core/Library/FreeModbus/portserial_m.o
LOAD ./Core/Library/FreeModbus/porttimer.o
LOAD ./Core/Library/FreeModbus/porttimer_m.o
LOAD ./Core/Library/FreeModbus/user_mb_app.o
LOAD ./Core/Library/FreeModbus/user_mb_app_m.o
LOAD ./Core/Src/duration.o
LOAD ./Core/Src/main.o
LOAD ./Core/Src/mainpp.o
LOAD ./Core/Src/stm32f4xx_hal_msp.o
LOAD ./Core/Src/stm32f4xx_it.o
LOAD ./Core/Src/syscalls.o
LOAD ./Core/Src/sysmem.o
LOAD ./Core/Src/system_stm32f4xx.o
LOAD ./Core/Src/time.o
LOAD ./Core/Startup/startup_stm32f407zgtx.o
LOAD ./Drivers/STM32F4xx_HAL_Driver/Src/stm32f4xx_hal.o
LOAD ./Drivers/STM32F4xx_HAL_Driver/Src/stm32f4xx_hal_cortex.o
LOAD ./Drivers/STM32F4xx_HAL_Driver/Src/stm32f4xx_hal_dma.o
LOAD ./Drivers/STM32F4xx_HAL_Driver/Src/stm32f4xx_hal_dma_ex.o
LOAD ./Drivers/STM32F4xx_HAL_Driver/Src/stm32f4xx_hal_exti.o
LOAD ./Drivers/STM32F4xx_HAL_Driver/Src/stm32f4xx_hal_flash.o
LOAD ./Drivers/STM32F4xx_HAL_Driver/Src/stm32f4xx_hal_flash_ex.o
LOAD ./Drivers/STM32F4xx_HAL_Driver/Src/stm32f4xx_hal_flash_ramfunc.o
LOAD ./Drivers/STM32F4xx_HAL_Driver/Src/stm32f4xx_hal_gpio.o
LOAD ./Drivers/STM32F4xx_HAL_Driver/Src/stm32f4xx_hal_pwr.o
LOAD ./Drivers/STM32F4xx_HAL_Driver/Src/stm32f4xx_hal_pwr_ex.o
LOAD ./Drivers/STM32F4xx_HAL_Driver/Src/stm32f4xx_hal_rcc.o
LOAD ./Drivers/STM32F4xx_HAL_Driver/Src/stm32f4xx_hal_rcc_ex.o
LOAD ./Drivers/STM32F4xx_HAL_Driver/Src/stm32f4xx_hal_tim.o
LOAD ./Drivers/STM32F4xx_HAL_Driver/Src/stm32f4xx_hal_tim_ex.o
LOAD ./Drivers/STM32F4xx_HAL_Driver/Src/stm32f4xx_hal_uart.o
START GROUP
LOAD c:/st/stm32cubeide_1.10.0/stm32cubeide/plugins/com.st.stm32cube.ide.mcu.externaltools.gnu-tools-for-stm32.10.3-2021.10.win32_1.0.0.202111181127/tools/bin/../lib/gcc/arm-none-eabi/10.3.1/../../../../arm-none-eabi/lib/thumb/v7e-m+fp/hard\libstdc++_nano.a
LOAD c:/st/stm32cubeide_1.10.0/stm32cubeide/plugins/com.st.stm32cube.ide.mcu.externaltools.gnu-tools-for-stm32.10.3-2021.10.win32_1.0.0.202111181127/tools/bin/../lib/gcc/arm-none-eabi/10.3.1/../../../../arm-none-eabi/lib/thumb/v7e-m+fp/hard\libsupc++_nano.a
END GROUP
LOAD c:/st/stm32cubeide_1.10.0/stm32cubeide/plugins/com.st.stm32cube.ide.mcu.externaltools.gnu-tools-for-stm32.10.3-2021.10.win32_1.0.0.202111181127/tools/bin/../lib/gcc/arm-none-eabi/10.3.1/../../../../arm-none-eabi/lib/thumb/v7e-m+fp/hard\libstdc++_nano.a
LOAD c:/st/stm32cubeide_1.10.0/stm32cubeide/plugins/com.st.stm32cube.ide.mcu.externaltools.gnu-tools-for-stm32.10.3-2021.10.win32_1.0.0.202111181127/tools/bin/../lib/gcc/arm-none-eabi/10.3.1/../../../../arm-none-eabi/lib/thumb/v7e-m+fp/hard\libm.a
LOAD c:/st/stm32cubeide_1.10.0/stm32cubeide/plugins/com.st.stm32cube.ide.mcu.externaltools.gnu-tools-for-stm32.10.3-2021.10.win32_1.0.0.202111181127/tools/bin/../lib/gcc/arm-none-eabi/10.3.1/../../../../arm-none-eabi/lib/thumb/v7e-m+fp/hard\libc_nano.a
START GROUP
LOAD c:/st/stm32cubeide_1.10.0/stm32cubeide/plugins/com.st.stm32cube.ide.mcu.externaltools.gnu-tools-for-stm32.10.3-2021.10.win32_1.0.0.202111181127/tools/bin/../lib/gcc/arm-none-eabi/10.3.1/thumb/v7e-m+fp/hard\libgcc.a
LOAD c:/st/stm32cubeide_1.10.0/stm32cubeide/plugins/com.st.stm32cube.ide.mcu.externaltools.gnu-tools-for-stm32.10.3-2021.10.win32_1.0.0.202111181127/tools/bin/../lib/gcc/arm-none-eabi/10.3.1/../../../../arm-none-eabi/lib/thumb/v7e-m+fp/hard\libc_nano.a
END GROUP
START GROUP
LOAD c:/st/stm32cubeide_1.10.0/stm32cubeide/plugins/com.st.stm32cube.ide.mcu.externaltools.gnu-tools-for-stm32.10.3-2021.10.win32_1.0.0.202111181127/tools/bin/../lib/gcc/arm-none-eabi/10.3.1/thumb/v7e-m+fp/hard\libgcc.a
LOAD c:/st/stm32cubeide_1.10.0/stm32cubeide/plugins/com.st.stm32cube.ide.mcu.externaltools.gnu-tools-for-stm32.10.3-2021.10.win32_1.0.0.202111181127/tools/bin/../lib/gcc/arm-none-eabi/10.3.1/../../../../arm-none-eabi/lib/thumb/v7e-m+fp/hard\libc_nano.a
LOAD c:/st/stm32cubeide_1.10.0/stm32cubeide/plugins/com.st.stm32cube.ide.mcu.externaltools.gnu-tools-for-stm32.10.3-2021.10.win32_1.0.0.202111181127/tools/bin/../lib/gcc/arm-none-eabi/10.3.1/../../../../arm-none-eabi/lib/thumb/v7e-m+fp/hard\libnosys.a
END GROUP
START GROUP
LOAD c:/st/stm32cubeide_1.10.0/stm32cubeide/plugins/com.st.stm32cube.ide.mcu.externaltools.gnu-tools-for-stm32.10.3-2021.10.win32_1.0.0.202111181127/tools/bin/../lib/gcc/arm-none-eabi/10.3.1/thumb/v7e-m+fp/hard\libgcc.a
LOAD c:/st/stm32cubeide_1.10.0/stm32cubeide/plugins/com.st.stm32cube.ide.mcu.externaltools.gnu-tools-for-stm32.10.3-2021.10.win32_1.0.0.202111181127/tools/bin/../lib/gcc/arm-none-eabi/10.3.1/../../../../arm-none-eabi/lib/thumb/v7e-m+fp/hard\libc_nano.a
LOAD c:/st/stm32cubeide_1.10.0/stm32cubeide/plugins/com.st.stm32cube.ide.mcu.externaltools.gnu-tools-for-stm32.10.3-2021.10.win32_1.0.0.202111181127/tools/bin/../lib/gcc/arm-none-eabi/10.3.1/../../../../arm-none-eabi/lib/thumb/v7e-m+fp/hard\libnosys.a
END GROUP
LOAD c:/st/stm32cubeide_1.10.0/stm32cubeide/plugins/com.st.stm32cube.ide.mcu.externaltools.gnu-tools-for-stm32.10.3-2021.10.win32_1.0.0.202111181127/tools/bin/../lib/gcc/arm-none-eabi/10.3.1/thumb/v7e-m+fp/hard/crtend.o
LOAD c:/st/stm32cubeide_1.10.0/stm32cubeide/plugins/com.st.stm32cube.ide.mcu.externaltools.gnu-tools-for-stm32.10.3-2021.10.win32_1.0.0.202111181127/tools/bin/../lib/gcc/arm-none-eabi/10.3.1/thumb/v7e-m+fp/hard/crtn.o
                0x0000000020020000                _estack = (ORIGIN (RAM) + LENGTH (RAM))
                0x0000000000000200                _Min_Heap_Size = 0x200
                0x0000000000000400                _Min_Stack_Size = 0x400

.isr_vector     0x0000000008000000      0x188
                0x0000000008000000                . = ALIGN (0x4)
 *(.isr_vector)
 .isr_vector    0x0000000008000000      0x188 ./Core/Startup/startup_stm32f407zgtx.o
                0x0000000008000000                g_pfnVectors
                0x0000000008000188                . = ALIGN (0x4)

.text           0x0000000008000188     0x6bd4
                0x0000000008000188                . = ALIGN (0x4)
 *(.text)
 .text          0x0000000008000188       0x40 c:/st/stm32cubeide_1.10.0/stm32cubeide/plugins/com.st.stm32cube.ide.mcu.externaltools.gnu-tools-for-stm32.10.3-2021.10.win32_1.0.0.202111181127/tools/bin/../lib/gcc/arm-none-eabi/10.3.1/thumb/v7e-m+fp/hard/crtbegin.o
 .text          0x00000000080001c8       0x10 c:/st/stm32cubeide_1.10.0/stm32cubeide/plugins/com.st.stm32cube.ide.mcu.externaltools.gnu-tools-for-stm32.10.3-2021.10.win32_1.0.0.202111181127/tools/bin/../lib/gcc/arm-none-eabi/10.3.1/../../../../arm-none-eabi/lib/thumb/v7e-m+fp/hard\libc_nano.a(lib_a-strlen.o)
                0x00000000080001c8                strlen
 .text          0x00000000080001d8       0x30 c:/st/stm32cubeide_1.10.0/stm32cubeide/plugins/com.st.stm32cube.ide.mcu.externaltools.gnu-tools-for-stm32.10.3-2021.10.win32_1.0.0.202111181127/tools/bin/../lib/gcc/arm-none-eabi/10.3.1/thumb/v7e-m+fp/hard\libgcc.a(_aeabi_uldivmod.o)
                0x00000000080001d8                __aeabi_uldivmod
 .text          0x0000000008000208      0x2d0 c:/st/stm32cubeide_1.10.0/stm32cubeide/plugins/com.st.stm32cube.ide.mcu.externaltools.gnu-tools-for-stm32.10.3-2021.10.win32_1.0.0.202111181127/tools/bin/../lib/gcc/arm-none-eabi/10.3.1/thumb/v7e-m+fp/hard\libgcc.a(_udivmoddi4.o)
                0x0000000008000208                __udivmoddi4
 .text          0x00000000080004d8        0x4 c:/st/stm32cubeide_1.10.0/stm32cubeide/plugins/com.st.stm32cube.ide.mcu.externaltools.gnu-tools-for-stm32.10.3-2021.10.win32_1.0.0.202111181127/tools/bin/../lib/gcc/arm-none-eabi/10.3.1/thumb/v7e-m+fp/hard\libgcc.a(_dvmd_tls.o)
                0x00000000080004d8                __aeabi_idiv0
                0x00000000080004d8                __aeabi_ldiv0
 *(.text*)
 .text.eMBMasterInit
                0x00000000080004dc       0xcc ./Core/Library/FreeModbus/mb_m.o
                0x00000000080004dc                eMBMasterInit
 .text.eMBMasterEnable
                0x00000000080005a8       0x38 ./Core/Library/FreeModbus/mb_m.o
                0x00000000080005a8                eMBMasterEnable
 .text.vMBMasterSetErrorType
                0x00000000080005e0       0x20 ./Core/Library/FreeModbus/mb_m.o
                0x00000000080005e0                vMBMasterSetErrorType
 .text.usMBCRC16
                0x0000000008000600       0x6c ./Core/Library/FreeModbus/mbcrc.o
                0x0000000008000600                usMBCRC16
 .text.eMBMasterRTUInit
                0x000000000800066c       0x6c ./Core/Library/FreeModbus/mbrtu_m.o
                0x000000000800066c                eMBMasterRTUInit
 .text.eMBMasterRTUStart
                0x00000000080006d8       0x28 ./Core/Library/FreeModbus/mbrtu_m.o
                0x00000000080006d8                eMBMasterRTUStart
 .text.eMBMasterRTUStop
                0x0000000008000700       0x1c ./Core/Library/FreeModbus/mbrtu_m.o
                0x0000000008000700                eMBMasterRTUStop
 .text.eMBMasterRTUReceive
                0x000000000800071c       0x70 ./Core/Library/FreeModbus/mbrtu_m.o
                0x000000000800071c                eMBMasterRTUReceive
 .text.eMBMasterRTUSend
                0x000000000800078c       0xd4 ./Core/Library/FreeModbus/mbrtu_m.o
                0x000000000800078c                eMBMasterRTUSend
 .text.xMBMasterRTUReceiveFSM
                0x0000000008000860       0xbc ./Core/Library/FreeModbus/mbrtu_m.o
                0x0000000008000860                xMBMasterRTUReceiveFSM
 .text.xMBMasterRTUTransmitFSM
                0x000000000800091c       0xa0 ./Core/Library/FreeModbus/mbrtu_m.o
                0x000000000800091c                xMBMasterRTUTransmitFSM
 .text.xMBMasterRTUTimerExpired
                0x00000000080009bc       0xb8 ./Core/Library/FreeModbus/mbrtu_m.o
                0x00000000080009bc                xMBMasterRTUTimerExpired
 .text.vMBMasterSetCurTimerMode
                0x0000000008000a74       0x20 ./Core/Library/FreeModbus/mbrtu_m.o
                0x0000000008000a74                vMBMasterSetCurTimerMode
 .text.__critical_enter
                0x0000000008000a94       0x20 ./Core/Library/FreeModbus/portcritical.o
                0x0000000008000a94                __critical_enter
 .text.__critical_exit
                0x0000000008000ab4       0x28 ./Core/Library/FreeModbus/portcritical.o
                0x0000000008000ab4                __critical_exit
 .text.xMBMasterPortEventInit
                0x0000000008000adc       0x1c ./Core/Library/FreeModbus/portevent_m.o
                0x0000000008000adc                xMBMasterPortEventInit
 .text.xMBMasterPortEventPost
                0x0000000008000af8       0x2c ./Core/Library/FreeModbus/portevent_m.o
                0x0000000008000af8                xMBMasterPortEventPost
 .text.vMBMasterOsResInit
                0x0000000008000b24        0xe ./Core/Library/FreeModbus/portevent_m.o
                0x0000000008000b24                vMBMasterOsResInit
 *fill*         0x0000000008000b32        0x2 
 .text.xMBMasterPortSerialInit
                0x0000000008000b34       0x24 ./Core/Library/FreeModbus/portserial_m.o
                0x0000000008000b34                xMBMasterPortSerialInit
 .text.vMBMasterPortSerialEnable
                0x0000000008000b58       0x5c ./Core/Library/FreeModbus/portserial_m.o
                0x0000000008000b58                vMBMasterPortSerialEnable
 .text.xMBMasterPortSerialPutBytes
                0x0000000008000bb4       0x28 ./Core/Library/FreeModbus/portserial_m.o
                0x0000000008000bb4                xMBMasterPortSerialPutBytes
 .text.xMBMasterPortSerialGetByte
                0x0000000008000bdc       0x24 ./Core/Library/FreeModbus/portserial_m.o
                0x0000000008000bdc                xMBMasterPortSerialGetByte
 .text.xMBMasterPortTimersInit
                0x0000000008000c00       0x30 ./Core/Library/FreeModbus/porttimer_m.o
                0x0000000008000c00                xMBMasterPortTimersInit
 .text.vMBMasterPortTimersT35Enable
                0x0000000008000c30       0x28 ./Core/Library/FreeModbus/porttimer_m.o
                0x0000000008000c30                vMBMasterPortTimersT35Enable
 .text.vMBMasterPortTimersConvertDelayEnable
                0x0000000008000c58        0xe ./Core/Library/FreeModbus/porttimer_m.o
                0x0000000008000c58                vMBMasterPortTimersConvertDelayEnable
 .text.vMBMasterPortTimersRespondTimeoutEnable
                0x0000000008000c66        0xe ./Core/Library/FreeModbus/porttimer_m.o
                0x0000000008000c66                vMBMasterPortTimersRespondTimeoutEnable
 .text.vMBMasterPortTimersDisable
                0x0000000008000c74       0x18 ./Core/Library/FreeModbus/porttimer_m.o
                0x0000000008000c74                vMBMasterPortTimersDisable
 .text.HAL_TIM_PeriodElapsedCallback
                0x0000000008000c8c       0x48 ./Core/Library/FreeModbus/porttimer_m.o
                0x0000000008000c8c                HAL_TIM_PeriodElapsedCallback
 .text.main     0x0000000008000cd4       0x44 ./Core/Src/main.o
                0x0000000008000cd4                main
 .text.SystemClock_Config
                0x0000000008000d18       0xbc ./Core/Src/main.o
                0x0000000008000d18                SystemClock_Config
 .text.MX_TIM2_Init
                0x0000000008000dd4       0x98 ./Core/Src/main.o
 .text.MX_USART1_UART_Init
                0x0000000008000e6c       0x54 ./Core/Src/main.o
 .text.MX_USART3_UART_Init
                0x0000000008000ec0       0x54 ./Core/Src/main.o
 .text.MX_DMA_Init
                0x0000000008000f14       0x50 ./Core/Src/main.o
 .text.MX_GPIO_Init
                0x0000000008000f64       0xa0 ./Core/Src/main.o
 .text.Error_Handler
                0x0000000008001004        0xa ./Core/Src/main.o
                0x0000000008001004                Error_Handler
 .text._ZN3ros4TimeC2Ev
                0x000000000800100e       0x22 ./Core/Src/mainpp.o
                0x000000000800100e                ros::Time::Time()
                0x000000000800100e                ros::Time::Time()
 .text._ZN3ros3MsgC2Ev
                0x0000000008001030       0x20 ./Core/Src/mainpp.o
                0x0000000008001030                ros::Msg::Msg()
                0x0000000008001030                ros::Msg::Msg()
 .text._ZN8std_msgs4TimeC2Ev
                0x0000000008001050       0x30 ./Core/Src/mainpp.o
                0x0000000008001050                std_msgs::Time::Time()
                0x0000000008001050                std_msgs::Time::Time()
 .text._ZNK8std_msgs4Time9serializeEPh
                0x0000000008001080       0xb0 ./Core/Src/mainpp.o
                0x0000000008001080                std_msgs::Time::serialize(unsigned char*) const
 .text._ZN8std_msgs4Time11deserializeEPh
                0x0000000008001130       0xc8 ./Core/Src/mainpp.o
                0x0000000008001130                std_msgs::Time::deserialize(unsigned char*)
 .text._ZN8std_msgs4Time7getTypeEv
                0x00000000080011f8       0x1c ./Core/Src/mainpp.o
                0x00000000080011f8                std_msgs::Time::getType()
 .text._ZN8std_msgs4Time6getMD5Ev
                0x0000000008001214       0x1c ./Core/Src/mainpp.o
                0x0000000008001214                std_msgs::Time::getMD5()
 .text._ZN14rosserial_msgs9TopicInfoC2Ev
                0x0000000008001230       0x48 ./Core/Src/mainpp.o
                0x0000000008001230                rosserial_msgs::TopicInfo::TopicInfo()
                0x0000000008001230                rosserial_msgs::TopicInfo::TopicInfo()
 .text._ZNK14rosserial_msgs9TopicInfo9serializeEPh
                0x0000000008001278      0x136 ./Core/Src/mainpp.o
                0x0000000008001278                rosserial_msgs::TopicInfo::serialize(unsigned char*) const
 .text._ZN14rosserial_msgs9TopicInfo11deserializeEPh
                0x00000000080013ae      0x1d0 ./Core/Src/mainpp.o
                0x00000000080013ae                rosserial_msgs::TopicInfo::deserialize(unsigned char*)
 *fill*         0x000000000800157e        0x2 
 .text._ZN14rosserial_msgs9TopicInfo7getTypeEv
                0x0000000008001580       0x1c ./Core/Src/mainpp.o
                0x0000000008001580                rosserial_msgs::TopicInfo::getType()
 .text._ZN14rosserial_msgs9TopicInfo6getMD5Ev
                0x000000000800159c       0x1c ./Core/Src/mainpp.o
                0x000000000800159c                rosserial_msgs::TopicInfo::getMD5()
 .text._ZN14rosserial_msgs3LogC2Ev
                0x00000000080015b8       0x34 ./Core/Src/mainpp.o
                0x00000000080015b8                rosserial_msgs::Log::Log()
                0x00000000080015b8                rosserial_msgs::Log::Log()
 .text._ZNK14rosserial_msgs3Log9serializeEPh
                0x00000000080015ec       0x64 ./Core/Src/mainpp.o
                0x00000000080015ec                rosserial_msgs::Log::serialize(unsigned char*) const
 .text._ZN14rosserial_msgs3Log11deserializeEPh
                0x0000000008001650       0x90 ./Core/Src/mainpp.o
                0x0000000008001650                rosserial_msgs::Log::deserialize(unsigned char*)
 .text._ZN14rosserial_msgs3Log7getTypeEv
                0x00000000080016e0       0x1c ./Core/Src/mainpp.o
                0x00000000080016e0                rosserial_msgs::Log::getType()
 .text._ZN14rosserial_msgs3Log6getMD5Ev
                0x00000000080016fc       0x1c ./Core/Src/mainpp.o
                0x00000000080016fc                rosserial_msgs::Log::getMD5()
 .text._ZN14rosserial_msgs20RequestParamResponseC2Ev
                0x0000000008001718       0x5c ./Core/Src/mainpp.o
                0x0000000008001718                rosserial_msgs::RequestParamResponse::RequestParamResponse()
                0x0000000008001718                rosserial_msgs::RequestParamResponse::RequestParamResponse()
 .text._ZNK14rosserial_msgs20RequestParamResponse9serializeEPh
                0x0000000008001774      0x222 ./Core/Src/mainpp.o
                0x0000000008001774                rosserial_msgs::RequestParamResponse::serialize(unsigned char*) const
 .text._ZN14rosserial_msgs20RequestParamResponse11deserializeEPh
                0x0000000008001996      0x2e2 ./Core/Src/mainpp.o
                0x0000000008001996                rosserial_msgs::RequestParamResponse::deserialize(unsigned char*)
 .text._ZN14rosserial_msgs20RequestParamResponse7getTypeEv
                0x0000000008001c78       0x1c ./Core/Src/mainpp.o
                0x0000000008001c78                rosserial_msgs::RequestParamResponse::getType()
 .text._ZN14rosserial_msgs20RequestParamResponse6getMD5Ev
                0x0000000008001c94       0x1c ./Core/Src/mainpp.o
                0x0000000008001c94                rosserial_msgs::RequestParamResponse::getMD5()
 .text._ZN3ros9PublisherC2EPKcPNS_3MsgEi
                0x0000000008001cb0       0x2e ./Core/Src/mainpp.o
                0x0000000008001cb0                ros::Publisher::Publisher(char const*, ros::Msg*, int)
                0x0000000008001cb0                ros::Publisher::Publisher(char const*, ros::Msg*, int)
 .text._ZN3ros9Publisher7publishEPKNS_3MsgE
                0x0000000008001cde       0x28 ./Core/Src/mainpp.o
                0x0000000008001cde                ros::Publisher::publish(ros::Msg const*)
 .text._ZN3ros9Publisher15getEndpointTypeEv
                0x0000000008001d06       0x18 ./Core/Src/mainpp.o
                0x0000000008001d06                ros::Publisher::getEndpointType()
 .text._ZN13STM32Hardware10getRdmaIndEv
                0x0000000008001d1e       0x26 ./Core/Src/mainpp.o
                0x0000000008001d1e                STM32Hardware::getRdmaInd()
 .text._ZN13STM32HardwareC2Ev
                0x0000000008001d44       0x38 ./Core/Src/mainpp.o
                0x0000000008001d44                STM32Hardware::STM32Hardware()
                0x0000000008001d44                STM32Hardware::STM32Hardware()
 .text._ZN13STM32Hardware4initEv
                0x0000000008001d7c       0x16 ./Core/Src/mainpp.o
                0x0000000008001d7c                STM32Hardware::init()
 .text._ZN13STM32Hardware10reset_rbufEv
                0x0000000008001d92       0x22 ./Core/Src/mainpp.o
                0x0000000008001d92                STM32Hardware::reset_rbuf()
 .text._ZN13STM32Hardware4readEv
                0x0000000008001db4       0x5a ./Core/Src/mainpp.o
                0x0000000008001db4                STM32Hardware::read()
 *fill*         0x0000000008001e0e        0x2 
 .text._ZN13STM32Hardware5flushEv
                0x0000000008001e10       0xbc ./Core/Src/mainpp.o
                0x0000000008001e10                STM32Hardware::flush()
 .text._ZN13STM32Hardware5writeEPhi
                0x0000000008001ecc       0x8c ./Core/Src/mainpp.o
                0x0000000008001ecc                STM32Hardware::write(unsigned char*, int)
 .text._ZN13STM32Hardware4timeEv
                0x0000000008001f58       0x16 ./Core/Src/mainpp.o
                0x0000000008001f58                STM32Hardware::time()
 *fill*         0x0000000008001f6e        0x2 
 .text._ZN8std_msgs6StringC2Ev
                0x0000000008001f70       0x30 ./Core/Src/mainpp.o
                0x0000000008001f70                std_msgs::String::String()
                0x0000000008001f70                std_msgs::String::String()
 .text._ZNK8std_msgs6String9serializeEPh
                0x0000000008001fa0       0x52 ./Core/Src/mainpp.o
                0x0000000008001fa0                std_msgs::String::serialize(unsigned char*) const
 .text._ZN8std_msgs6String11deserializeEPh
                0x0000000008001ff2       0x7e ./Core/Src/mainpp.o
                0x0000000008001ff2                std_msgs::String::deserialize(unsigned char*)
 .text._ZN8std_msgs6String7getTypeEv
                0x0000000008002070       0x1c ./Core/Src/mainpp.o
                0x0000000008002070                std_msgs::String::getType()
 .text._ZN8std_msgs6String6getMD5Ev
                0x000000000800208c       0x1c ./Core/Src/mainpp.o
                0x000000000800208c                std_msgs::String::getMD5()
 .text._ZN3ros15NodeHandleBase_C2Ev
                0x00000000080020a8       0x20 ./Core/Src/mainpp.o
                0x00000000080020a8                ros::NodeHandleBase_::NodeHandleBase_()
                0x00000000080020a8                ros::NodeHandleBase_::NodeHandleBase_()
 .text._ZN3ros11NodeHandle_I13STM32HardwareLi25ELi25ELi512ELi512EEC2Ev
                0x00000000080020c8       0xf0 ./Core/Src/mainpp.o
                0x00000000080020c8                ros::NodeHandle_<STM32Hardware, 25, 25, 512, 512>::NodeHandle_()
                0x00000000080020c8                ros::NodeHandle_<STM32Hardware, 25, 25, 512, 512>::NodeHandle_()
 .text.setup    0x00000000080021b8       0x20 ./Core/Src/mainpp.o
                0x00000000080021b8                setup
 .text.loop     0x00000000080021d8       0x34 ./Core/Src/mainpp.o
                0x00000000080021d8                loop
 .text._ZN3ros3Msg8varToArrIPhmEEvT_T0_
                0x000000000800220c       0x3c ./Core/Src/mainpp.o
                0x000000000800220c                void ros::Msg::varToArr<unsigned char*, unsigned long>(unsigned char*, unsigned long)
 .text._ZN3ros3Msg8arrToVarImPhEEvRT_T0_
                0x0000000008002248       0x4a ./Core/Src/mainpp.o
                0x0000000008002248                void ros::Msg::arrToVar<unsigned long, unsigned char*>(unsigned long&, unsigned char*)
 .text._ZN3ros11NodeHandle_I13STM32HardwareLi25ELi25ELi512ELi512EE8initNodeEv
                0x0000000008002292       0x3a ./Core/Src/mainpp.o
                0x0000000008002292                ros::NodeHandle_<STM32Hardware, 25, 25, 512, 512>::initNode()
 .text._ZN3ros11NodeHandle_I13STM32HardwareLi25ELi25ELi512ELi512EE9advertiseERNS_9PublisherE
                0x00000000080022cc       0x60 ./Core/Src/mainpp.o
                0x00000000080022cc                ros::NodeHandle_<STM32Hardware, 25, 25, 512, 512>::advertise(ros::Publisher&)
 .text._ZN3ros11NodeHandle_I13STM32HardwareLi25ELi25ELi512ELi512EE8spinOnceEv
                0x000000000800232c      0x3b2 ./Core/Src/mainpp.o
                0x000000000800232c                ros::NodeHandle_<STM32Hardware, 25, 25, 512, 512>::spinOnce()
 .text._ZN3ros11NodeHandle_I13STM32HardwareLi25ELi25ELi512ELi512EE15requestSyncTimeEv
                0x00000000080026de       0x3c ./Core/Src/mainpp.o
                0x00000000080026de                ros::NodeHandle_<STM32Hardware, 25, 25, 512, 512>::requestSyncTime()
 .text._ZN3ros11NodeHandle_I13STM32HardwareLi25ELi25ELi512ELi512EE15negotiateTopicsEv
                0x000000000800271a      0x1be ./Core/Src/mainpp.o
                0x000000000800271a                ros::NodeHandle_<STM32Hardware, 25, 25, 512, 512>::negotiateTopics()
 .text._ZN3ros11NodeHandle_I13STM32HardwareLi25ELi25ELi512ELi512EE8syncTimeEPh
                0x00000000080028d8       0x98 ./Core/Src/mainpp.o
                0x00000000080028d8                ros::NodeHandle_<STM32Hardware, 25, 25, 512, 512>::syncTime(unsigned char*)
 .text._ZN3ros11NodeHandle_I13STM32HardwareLi25ELi25ELi512ELi512EE7publishEiPKNS_3MsgE
                0x0000000008002970      0x128 ./Core/Src/mainpp.o
                0x0000000008002970                ros::NodeHandle_<STM32Hardware, 25, 25, 512, 512>::publish(int, ros::Msg const*)
 .text._ZN3ros11NodeHandle_I13STM32HardwareLi25ELi25ELi512ELi512EE6setNowERKNS_4TimeE
                0x0000000008002a98       0x80 ./Core/Src/mainpp.o
                0x0000000008002a98                ros::NodeHandle_<STM32Hardware, 25, 25, 512, 512>::setNow(ros::Time const&)
 .text._ZN3ros11NodeHandle_I13STM32HardwareLi25ELi25ELi512ELi512EE8logerrorEPKc
                0x0000000008002b18       0x1c ./Core/Src/mainpp.o
                0x0000000008002b18                ros::NodeHandle_<STM32Hardware, 25, 25, 512, 512>::logerror(char const*)
 .text._ZN3ros11NodeHandle_I13STM32HardwareLi25ELi25ELi512ELi512EE3logEcPKc
                0x0000000008002b34       0x38 ./Core/Src/mainpp.o
                0x0000000008002b34                ros::NodeHandle_<STM32Hardware, 25, 25, 512, 512>::log(char, char const*)
 .text._Z41__static_initialization_and_destruction_0ii
                0x0000000008002b6c       0x4c ./Core/Src/mainpp.o
 .text._ZN3ros11NodeHandle_I13STM32HardwareLi25ELi25ELi512ELi512EE9connectedEv
                0x0000000008002bb8       0x1a ./Core/Src/mainpp.o
                0x0000000008002bb8                ros::NodeHandle_<STM32Hardware, 25, 25, 512, 512>::connected()
 .text._GLOBAL__sub_I_nh
                0x0000000008002bd2       0x10 ./Core/Src/mainpp.o
 *fill*         0x0000000008002be2        0x2 
 .text.HAL_MspInit
                0x0000000008002be4       0x50 ./Core/Src/stm32f4xx_hal_msp.o
                0x0000000008002be4                HAL_MspInit
 .text.HAL_TIM_Base_MspInit
                0x0000000008002c34       0x4c ./Core/Src/stm32f4xx_hal_msp.o
                0x0000000008002c34                HAL_TIM_Base_MspInit
 .text.HAL_UART_MspInit
                0x0000000008002c80      0x1ec ./Core/Src/stm32f4xx_hal_msp.o
                0x0000000008002c80                HAL_UART_MspInit
 .text.NMI_Handler
                0x0000000008002e6c        0x6 ./Core/Src/stm32f4xx_it.o
                0x0000000008002e6c                NMI_Handler
 .text.HardFault_Handler
                0x0000000008002e72        0x6 ./Core/Src/stm32f4xx_it.o
                0x0000000008002e72                HardFault_Handler
 .text.MemManage_Handler
                0x0000000008002e78        0x6 ./Core/Src/stm32f4xx_it.o
                0x0000000008002e78                MemManage_Handler
 .text.BusFault_Handler
                0x0000000008002e7e        0x6 ./Core/Src/stm32f4xx_it.o
                0x0000000008002e7e                BusFault_Handler
 .text.UsageFault_Handler
                0x0000000008002e84        0x6 ./Core/Src/stm32f4xx_it.o
                0x0000000008002e84                UsageFault_Handler
 .text.SVC_Handler
                0x0000000008002e8a        0xe ./Core/Src/stm32f4xx_it.o
                0x0000000008002e8a                SVC_Handler
 .text.DebugMon_Handler
                0x0000000008002e98        0xe ./Core/Src/stm32f4xx_it.o
                0x0000000008002e98                DebugMon_Handler
 .text.PendSV_Handler
                0x0000000008002ea6        0xe ./Core/Src/stm32f4xx_it.o
                0x0000000008002ea6                PendSV_Handler
 .text.SysTick_Handler
                0x0000000008002eb4        0xc ./Core/Src/stm32f4xx_it.o
                0x0000000008002eb4                SysTick_Handler
 .text.TIM2_IRQHandler
                0x0000000008002ec0       0x14 ./Core/Src/stm32f4xx_it.o
                0x0000000008002ec0                TIM2_IRQHandler
 .text.USART1_IRQHandler
                0x0000000008002ed4       0x14 ./Core/Src/stm32f4xx_it.o
                0x0000000008002ed4                USART1_IRQHandler
 .text.USART3_IRQHandler
                0x0000000008002ee8       0x14 ./Core/Src/stm32f4xx_it.o
                0x0000000008002ee8                USART3_IRQHandler
 .text.DMA2_Stream2_IRQHandler
                0x0000000008002efc       0x14 ./Core/Src/stm32f4xx_it.o
                0x0000000008002efc                DMA2_Stream2_IRQHandler
 .text.DMA2_Stream7_IRQHandler
                0x0000000008002f10       0x14 ./Core/Src/stm32f4xx_it.o
                0x0000000008002f10                DMA2_Stream7_IRQHandler
 .text._getpid  0x0000000008002f24       0x10 ./Core/Src/syscalls.o
                0x0000000008002f24                _getpid
 .text._kill    0x0000000008002f34       0x20 ./Core/Src/syscalls.o
                0x0000000008002f34                _kill
 .text._exit    0x0000000008002f54       0x14 ./Core/Src/syscalls.o
                0x0000000008002f54                _exit
 .text._sbrk    0x0000000008002f68       0x6c ./Core/Src/sysmem.o
                0x0000000008002f68                _sbrk
 .text.SystemInit
                0x0000000008002fd4       0x24 ./Core/Src/system_stm32f4xx.o
                0x0000000008002fd4                SystemInit
 .text._ZN3ros16normalizeSecNSecERmS0_
                0x0000000008002ff8       0x58 ./Core/Src/time.o
                0x0000000008002ff8                ros::normalizeSecNSec(unsigned long&, unsigned long&)
 .text.Reset_Handler
                0x0000000008003050       0x50 ./Core/Startup/startup_stm32f407zgtx.o
                0x0000000008003050                Reset_Handler
 .text.Default_Handler
                0x00000000080030a0        0x2 ./Core/Startup/startup_stm32f407zgtx.o
                0x00000000080030a0                RTC_Alarm_IRQHandler
                0x00000000080030a0                HASH_RNG_IRQHandler
                0x00000000080030a0                EXTI2_IRQHandler
                0x00000000080030a0                TIM8_CC_IRQHandler
                0x00000000080030a0                TIM1_CC_IRQHandler
                0x00000000080030a0                DMA2_Stream5_IRQHandler
                0x00000000080030a0                DMA1_Stream5_IRQHandler
                0x00000000080030a0                PVD_IRQHandler
                0x00000000080030a0                SDIO_IRQHandler
                0x00000000080030a0                TAMP_STAMP_IRQHandler
                0x00000000080030a0                CAN2_RX1_IRQHandler
                0x00000000080030a0                EXTI3_IRQHandler
                0x00000000080030a0                TIM8_TRG_COM_TIM14_IRQHandler
                0x00000000080030a0                TIM1_UP_TIM10_IRQHandler
                0x00000000080030a0                TIM8_UP_TIM13_IRQHandler
                0x00000000080030a0                I2C3_ER_IRQHandler
                0x00000000080030a0                EXTI0_IRQHandler
                0x00000000080030a0                I2C2_EV_IRQHandler
                0x00000000080030a0                DMA1_Stream2_IRQHandler
                0x00000000080030a0                CAN1_RX0_IRQHandler
                0x00000000080030a0                FPU_IRQHandler
                0x00000000080030a0                OTG_HS_WKUP_IRQHandler
                0x00000000080030a0                CAN2_SCE_IRQHandler
                0x00000000080030a0                SPI1_IRQHandler
                0x00000000080030a0                TIM6_DAC_IRQHandler
                0x00000000080030a0                TIM1_BRK_TIM9_IRQHandler
                0x00000000080030a0                DCMI_IRQHandler
                0x00000000080030a0                CAN2_RX0_IRQHandler
                0x00000000080030a0                DMA2_Stream3_IRQHandler
                0x00000000080030a0                USART6_IRQHandler
                0x00000000080030a0                CAN1_RX1_IRQHandler
                0x00000000080030a0                UART5_IRQHandler
                0x00000000080030a0                DMA2_Stream0_IRQHandler
                0x00000000080030a0                TIM4_IRQHandler
                0x00000000080030a0                I2C1_EV_IRQHandler
                0x00000000080030a0                DMA1_Stream6_IRQHandler
                0x00000000080030a0                DMA1_Stream1_IRQHandler
                0x00000000080030a0                UART4_IRQHandler
                0x00000000080030a0                TIM3_IRQHandler
                0x00000000080030a0                RCC_IRQHandler
                0x00000000080030a0                TIM8_BRK_TIM12_IRQHandler
                0x00000000080030a0                Default_Handler
                0x00000000080030a0                EXTI15_10_IRQHandler
                0x00000000080030a0                ADC_IRQHandler
                0x00000000080030a0                DMA1_Stream7_IRQHandler
                0x00000000080030a0                TIM7_IRQHandler
                0x00000000080030a0                CAN2_TX_IRQHandler
                0x00000000080030a0                TIM5_IRQHandler
                0x00000000080030a0                I2C3_EV_IRQHandler
                0x00000000080030a0                EXTI9_5_IRQHandler
                0x00000000080030a0                RTC_WKUP_IRQHandler
                0x00000000080030a0                ETH_WKUP_IRQHandler
                0x00000000080030a0                SPI2_IRQHandler
                0x00000000080030a0                OTG_HS_EP1_IN_IRQHandler
                0x00000000080030a0                DMA1_Stream0_IRQHandler
                0x00000000080030a0                CAN1_TX_IRQHandler
                0x00000000080030a0                EXTI4_IRQHandler
                0x00000000080030a0                FSMC_IRQHandler
                0x00000000080030a0                ETH_IRQHandler
                0x00000000080030a0                OTG_HS_EP1_OUT_IRQHandler
                0x00000000080030a0                WWDG_IRQHandler
                0x00000000080030a0                OTG_FS_WKUP_IRQHandler
                0x00000000080030a0                TIM1_TRG_COM_TIM11_IRQHandler
                0x00000000080030a0                OTG_HS_IRQHandler
                0x00000000080030a0                EXTI1_IRQHandler
                0x00000000080030a0                USART2_IRQHandler
                0x00000000080030a0                I2C2_ER_IRQHandler
                0x00000000080030a0                DMA2_Stream1_IRQHandler
                0x00000000080030a0                CAN1_SCE_IRQHandler
                0x00000000080030a0                FLASH_IRQHandler
                0x00000000080030a0                DMA2_Stream4_IRQHandler
                0x00000000080030a0                OTG_FS_IRQHandler
                0x00000000080030a0                SPI3_IRQHandler
                0x00000000080030a0                DMA1_Stream4_IRQHandler
                0x00000000080030a0                I2C1_ER_IRQHandler
                0x00000000080030a0                DMA2_Stream6_IRQHandler
                0x00000000080030a0                DMA1_Stream3_IRQHandler
 *fill*         0x00000000080030a2        0x2 
 .text.HAL_Init
                0x00000000080030a4       0x44 ./Drivers/STM32F4xx_HAL_Driver/Src/stm32f4xx_hal.o
                0x00000000080030a4                HAL_Init
 .text.HAL_InitTick
                0x00000000080030e8       0x60 ./Drivers/STM32F4xx_HAL_Driver/Src/stm32f4xx_hal.o
                0x00000000080030e8                HAL_InitTick
 .text.HAL_IncTick
                0x0000000008003148       0x28 ./Drivers/STM32F4xx_HAL_Driver/Src/stm32f4xx_hal.o
                0x0000000008003148                HAL_IncTick
 .text.HAL_GetTick
                0x0000000008003170       0x18 ./Drivers/STM32F4xx_HAL_Driver/Src/stm32f4xx_hal.o
                0x0000000008003170                HAL_GetTick
 .text.HAL_Delay
                0x0000000008003188       0x48 ./Drivers/STM32F4xx_HAL_Driver/Src/stm32f4xx_hal.o
                0x0000000008003188                HAL_Delay
 .text.__NVIC_SetPriorityGrouping
                0x00000000080031d0       0x48 ./Drivers/STM32F4xx_HAL_Driver/Src/stm32f4xx_hal_cortex.o
 .text.__NVIC_GetPriorityGrouping
                0x0000000008003218       0x1c ./Drivers/STM32F4xx_HAL_Driver/Src/stm32f4xx_hal_cortex.o
 .text.__NVIC_EnableIRQ
                0x0000000008003234       0x3c ./Drivers/STM32F4xx_HAL_Driver/Src/stm32f4xx_hal_cortex.o
 .text.__NVIC_SetPriority
                0x0000000008003270       0x54 ./Drivers/STM32F4xx_HAL_Driver/Src/stm32f4xx_hal_cortex.o
 .text.NVIC_EncodePriority
                0x00000000080032c4       0x66 ./Drivers/STM32F4xx_HAL_Driver/Src/stm32f4xx_hal_cortex.o
 *fill*         0x000000000800332a        0x2 
 .text.SysTick_Config
                0x000000000800332c       0x44 ./Drivers/STM32F4xx_HAL_Driver/Src/stm32f4xx_hal_cortex.o
 .text.HAL_NVIC_SetPriorityGrouping
                0x0000000008003370       0x16 ./Drivers/STM32F4xx_HAL_Driver/Src/stm32f4xx_hal_cortex.o
                0x0000000008003370                HAL_NVIC_SetPriorityGrouping
 .text.HAL_NVIC_SetPriority
                0x0000000008003386       0x38 ./Drivers/STM32F4xx_HAL_Driver/Src/stm32f4xx_hal_cortex.o
                0x0000000008003386                HAL_NVIC_SetPriority
 .text.HAL_NVIC_EnableIRQ
                0x00000000080033be       0x1c ./Drivers/STM32F4xx_HAL_Driver/Src/stm32f4xx_hal_cortex.o
                0x00000000080033be                HAL_NVIC_EnableIRQ
 .text.HAL_SYSTICK_Config
                0x00000000080033da       0x18 ./Drivers/STM32F4xx_HAL_Driver/Src/stm32f4xx_hal_cortex.o
                0x00000000080033da                HAL_SYSTICK_Config
 *fill*         0x00000000080033f2        0x2 
 .text.HAL_DMA_Init
                0x00000000080033f4      0x15c ./Drivers/STM32F4xx_HAL_Driver/Src/stm32f4xx_hal_dma.o
                0x00000000080033f4                HAL_DMA_Init
 .text.HAL_DMA_Start_IT
                0x0000000008003550       0xb0 ./Drivers/STM32F4xx_HAL_Driver/Src/stm32f4xx_hal_dma.o
                0x0000000008003550                HAL_DMA_Start_IT
 .text.HAL_DMA_Abort
                0x0000000008003600       0xe0 ./Drivers/STM32F4xx_HAL_Driver/Src/stm32f4xx_hal_dma.o
                0x0000000008003600                HAL_DMA_Abort
 .text.HAL_DMA_Abort_IT
                0x00000000080036e0       0x44 ./Drivers/STM32F4xx_HAL_Driver/Src/stm32f4xx_hal_dma.o
                0x00000000080036e0                HAL_DMA_Abort_IT
 .text.HAL_DMA_IRQHandler
                0x0000000008003724      0x314 ./Drivers/STM32F4xx_HAL_Driver/Src/stm32f4xx_hal_dma.o
                0x0000000008003724                HAL_DMA_IRQHandler
 .text.DMA_SetConfig
                0x0000000008003a38       0x5c ./Drivers/STM32F4xx_HAL_Driver/Src/stm32f4xx_hal_dma.o
 .text.DMA_CalcBaseAndBitshift
                0x0000000008003a94       0x6c ./Drivers/STM32F4xx_HAL_Driver/Src/stm32f4xx_hal_dma.o
 .text.DMA_CheckFifoParam
                0x0000000008003b00       0xf8 ./Drivers/STM32F4xx_HAL_Driver/Src/stm32f4xx_hal_dma.o
 .text.HAL_GPIO_Init
                0x0000000008003bf8      0x338 ./Drivers/STM32F4xx_HAL_Driver/Src/stm32f4xx_hal_gpio.o
                0x0000000008003bf8                HAL_GPIO_Init
 .text.HAL_GPIO_WritePin
                0x0000000008003f30       0x32 ./Drivers/STM32F4xx_HAL_Driver/Src/stm32f4xx_hal_gpio.o
                0x0000000008003f30                HAL_GPIO_WritePin
 *fill*         0x0000000008003f62        0x2 
 .text.HAL_RCC_OscConfig
                0x0000000008003f64      0x4f0 ./Drivers/STM32F4xx_HAL_Driver/Src/stm32f4xx_hal_rcc.o
                0x0000000008003f64                HAL_RCC_OscConfig
 .text.HAL_RCC_ClockConfig
                0x0000000008004454      0x1cc ./Drivers/STM32F4xx_HAL_Driver/Src/stm32f4xx_hal_rcc.o
                0x0000000008004454                HAL_RCC_ClockConfig
 .text.HAL_RCC_GetSysClockFreq
                0x0000000008004620      0x18c ./Drivers/STM32F4xx_HAL_Driver/Src/stm32f4xx_hal_rcc.o
                0x0000000008004620                HAL_RCC_GetSysClockFreq
 .text.HAL_RCC_GetHCLKFreq
                0x00000000080047ac       0x18 ./Drivers/STM32F4xx_HAL_Driver/Src/stm32f4xx_hal_rcc.o
                0x00000000080047ac                HAL_RCC_GetHCLKFreq
 .text.HAL_RCC_GetPCLK1Freq
                0x00000000080047c4       0x28 ./Drivers/STM32F4xx_HAL_Driver/Src/stm32f4xx_hal_rcc.o
                0x00000000080047c4                HAL_RCC_GetPCLK1Freq
 .text.HAL_RCC_GetPCLK2Freq
                0x00000000080047ec       0x28 ./Drivers/STM32F4xx_HAL_Driver/Src/stm32f4xx_hal_rcc.o
                0x00000000080047ec                HAL_RCC_GetPCLK2Freq
 .text.HAL_TIM_Base_Init
                0x0000000008004814       0x9e ./Drivers/STM32F4xx_HAL_Driver/Src/stm32f4xx_hal_tim.o
                0x0000000008004814                HAL_TIM_Base_Init
 *fill*         0x00000000080048b2        0x2 
 .text.HAL_TIM_Base_Start_IT
                0x00000000080048b4       0xe0 ./Drivers/STM32F4xx_HAL_Driver/Src/stm32f4xx_hal_tim.o
                0x00000000080048b4                HAL_TIM_Base_Start_IT
 .text.HAL_TIM_Base_Stop_IT
                0x0000000008004994       0x5e ./Drivers/STM32F4xx_HAL_Driver/Src/stm32f4xx_hal_tim.o
                0x0000000008004994                HAL_TIM_Base_Stop_IT
 .text.HAL_TIM_IRQHandler
                0x00000000080049f2      0x210 ./Drivers/STM32F4xx_HAL_Driver/Src/stm32f4xx_hal_tim.o
                0x00000000080049f2                HAL_TIM_IRQHandler
 .text.HAL_TIM_ConfigClockSource
                0x0000000008004c02      0x18e ./Drivers/STM32F4xx_HAL_Driver/Src/stm32f4xx_hal_tim.o
                0x0000000008004c02                HAL_TIM_ConfigClockSource
 .text.HAL_TIM_OC_DelayElapsedCallback
                0x0000000008004d90       0x14 ./Drivers/STM32F4xx_HAL_Driver/Src/stm32f4xx_hal_tim.o
                0x0000000008004d90                HAL_TIM_OC_DelayElapsedCallback
 .text.HAL_TIM_IC_CaptureCallback
                0x0000000008004da4       0x14 ./Drivers/STM32F4xx_HAL_Driver/Src/stm32f4xx_hal_tim.o
                0x0000000008004da4                HAL_TIM_IC_CaptureCallback
 .text.HAL_TIM_PWM_PulseFinishedCallback
                0x0000000008004db8       0x14 ./Drivers/STM32F4xx_HAL_Driver/Src/stm32f4xx_hal_tim.o
                0x0000000008004db8                HAL_TIM_PWM_PulseFinishedCallback
 .text.HAL_TIM_TriggerCallback
                0x0000000008004dcc       0x14 ./Drivers/STM32F4xx_HAL_Driver/Src/stm32f4xx_hal_tim.o
                0x0000000008004dcc                HAL_TIM_TriggerCallback
 .text.TIM_Base_SetConfig
                0x0000000008004de0      0x140 ./Drivers/STM32F4xx_HAL_Driver/Src/stm32f4xx_hal_tim.o
                0x0000000008004de0                TIM_Base_SetConfig
 .text.TIM_TI1_ConfigInputStage
                0x0000000008004f20       0x5e ./Drivers/STM32F4xx_HAL_Driver/Src/stm32f4xx_hal_tim.o
 .text.TIM_TI2_ConfigInputStage
                0x0000000008004f7e       0x60 ./Drivers/STM32F4xx_HAL_Driver/Src/stm32f4xx_hal_tim.o
 .text.TIM_ITRx_SetConfig
                0x0000000008004fde       0x36 ./Drivers/STM32F4xx_HAL_Driver/Src/stm32f4xx_hal_tim.o
 .text.TIM_ETR_SetConfig
                0x0000000008005014       0x40 ./Drivers/STM32F4xx_HAL_Driver/Src/stm32f4xx_hal_tim.o
                0x0000000008005014                TIM_ETR_SetConfig
 .text.HAL_TIMEx_MasterConfigSynchronization
                0x0000000008005054       0xf8 ./Drivers/STM32F4xx_HAL_Driver/Src/stm32f4xx_hal_tim_ex.o
                0x0000000008005054                HAL_TIMEx_MasterConfigSynchronization
 .text.HAL_TIMEx_CommutCallback
                0x000000000800514c       0x14 ./Drivers/STM32F4xx_HAL_Driver/Src/stm32f4xx_hal_tim_ex.o
                0x000000000800514c                HAL_TIMEx_CommutCallback
 .text.HAL_TIMEx_BreakCallback
                0x0000000008005160       0x14 ./Drivers/STM32F4xx_HAL_Driver/Src/stm32f4xx_hal_tim_ex.o
                0x0000000008005160                HAL_TIMEx_BreakCallback
 .text.HAL_UART_Init
                0x0000000008005174       0x9a ./Drivers/STM32F4xx_HAL_Driver/Src/stm32f4xx_hal_uart.o
                0x0000000008005174                HAL_UART_Init
 .text.HAL_UART_Transmit_IT
                0x000000000800520e       0x8a ./Drivers/STM32F4xx_HAL_Driver/Src/stm32f4xx_hal_uart.o
                0x000000000800520e                HAL_UART_Transmit_IT
 .text.HAL_UART_Receive_IT
                0x0000000008005298       0x60 ./Drivers/STM32F4xx_HAL_Driver/Src/stm32f4xx_hal_uart.o
                0x0000000008005298                HAL_UART_Receive_IT
 .text.HAL_UART_Transmit_DMA
                0x00000000080052f8       0xfc ./Drivers/STM32F4xx_HAL_Driver/Src/stm32f4xx_hal_uart.o
                0x00000000080052f8                HAL_UART_Transmit_DMA
 .text.HAL_UART_Receive_DMA
                0x00000000080053f4       0x60 ./Drivers/STM32F4xx_HAL_Driver/Src/stm32f4xx_hal_uart.o
                0x00000000080053f4                HAL_UART_Receive_DMA
 .text.HAL_UART_AbortTransmit_IT
                0x0000000008005454       0xe8 ./Drivers/STM32F4xx_HAL_Driver/Src/stm32f4xx_hal_uart.o
                0x0000000008005454                HAL_UART_AbortTransmit_IT
 .text.HAL_UART_AbortReceive_IT
                0x000000000800553c      0x164 ./Drivers/STM32F4xx_HAL_Driver/Src/stm32f4xx_hal_uart.o
                0x000000000800553c                HAL_UART_AbortReceive_IT
 .text.HAL_UART_IRQHandler
                0x00000000080056a0      0x51c ./Drivers/STM32F4xx_HAL_Driver/Src/stm32f4xx_hal_uart.o
                0x00000000080056a0                HAL_UART_IRQHandler
 .text.HAL_UART_TxCpltCallback
                0x0000000008005bbc       0x14 ./Drivers/STM32F4xx_HAL_Driver/Src/stm32f4xx_hal_uart.o
                0x0000000008005bbc                HAL_UART_TxCpltCallback
 .text.HAL_UART_TxHalfCpltCallback
                0x0000000008005bd0       0x14 ./Drivers/STM32F4xx_HAL_Driver/Src/stm32f4xx_hal_uart.o
                0x0000000008005bd0                HAL_UART_TxHalfCpltCallback
 .text.HAL_UART_RxCpltCallback
                0x0000000008005be4       0x14 ./Drivers/STM32F4xx_HAL_Driver/Src/stm32f4xx_hal_uart.o
                0x0000000008005be4                HAL_UART_RxCpltCallback
 .text.HAL_UART_RxHalfCpltCallback
                0x0000000008005bf8       0x14 ./Drivers/STM32F4xx_HAL_Driver/Src/stm32f4xx_hal_uart.o
                0x0000000008005bf8                HAL_UART_RxHalfCpltCallback
 .text.HAL_UART_ErrorCallback
                0x0000000008005c0c       0x14 ./Drivers/STM32F4xx_HAL_Driver/Src/stm32f4xx_hal_uart.o
                0x0000000008005c0c                HAL_UART_ErrorCallback
 .text.HAL_UART_AbortTransmitCpltCallback
                0x0000000008005c20       0x14 ./Drivers/STM32F4xx_HAL_Driver/Src/stm32f4xx_hal_uart.o
                0x0000000008005c20                HAL_UART_AbortTransmitCpltCallback
 .text.HAL_UART_AbortReceiveCpltCallback
                0x0000000008005c34       0x14 ./Drivers/STM32F4xx_HAL_Driver/Src/stm32f4xx_hal_uart.o
                0x0000000008005c34                HAL_UART_AbortReceiveCpltCallback
 .text.HAL_UARTEx_RxEventCallback
                0x0000000008005c48       0x18 ./Drivers/STM32F4xx_HAL_Driver/Src/stm32f4xx_hal_uart.o
                0x0000000008005c48                HAL_UARTEx_RxEventCallback
 .text.UART_DMATransmitCplt
                0x0000000008005c60       0x9a ./Drivers/STM32F4xx_HAL_Driver/Src/stm32f4xx_hal_uart.o
 .text.UART_DMATxHalfCplt
                0x0000000008005cfa       0x1c ./Drivers/STM32F4xx_HAL_Driver/Src/stm32f4xx_hal_uart.o
 .text.UART_DMAReceiveCplt
                0x0000000008005d16      0x126 ./Drivers/STM32F4xx_HAL_Driver/Src/stm32f4xx_hal_uart.o
 .text.UART_DMARxHalfCplt
                0x0000000008005e3c       0x36 ./Drivers/STM32F4xx_HAL_Driver/Src/stm32f4xx_hal_uart.o
 .text.UART_DMAError
                0x0000000008005e72       0x94 ./Drivers/STM32F4xx_HAL_Driver/Src/stm32f4xx_hal_uart.o
 .text.UART_Start_Receive_IT
                0x0000000008005f06       0x7c ./Drivers/STM32F4xx_HAL_Driver/Src/stm32f4xx_hal_uart.o
                0x0000000008005f06                UART_Start_Receive_IT
 *fill*         0x0000000008005f82        0x2 
 .text.UART_Start_Receive_DMA
                0x0000000008005f84      0x13c ./Drivers/STM32F4xx_HAL_Driver/Src/stm32f4xx_hal_uart.o
                0x0000000008005f84                UART_Start_Receive_DMA
 .text.UART_EndTxTransfer
                0x00000000080060c0       0x50 ./Drivers/STM32F4xx_HAL_Driver/Src/stm32f4xx_hal_uart.o
 .text.UART_EndRxTransfer
                0x0000000008006110       0xc6 ./Drivers/STM32F4xx_HAL_Driver/Src/stm32f4xx_hal_uart.o
 .text.UART_DMAAbortOnError
                0x00000000080061d6       0x28 ./Drivers/STM32F4xx_HAL_Driver/Src/stm32f4xx_hal_uart.o
 .text.UART_DMATxOnlyAbortCallback
                0x00000000080061fe       0x2a ./Drivers/STM32F4xx_HAL_Driver/Src/stm32f4xx_hal_uart.o
 .text.UART_DMARxOnlyAbortCallback
                0x0000000008006228       0x30 ./Drivers/STM32F4xx_HAL_Driver/Src/stm32f4xx_hal_uart.o
 .text.UART_Transmit_IT
                0x0000000008006258       0xa0 ./Drivers/STM32F4xx_HAL_Driver/Src/stm32f4xx_hal_uart.o
 .text.UART_EndTransmit_IT
                0x00000000080062f8       0x30 ./Drivers/STM32F4xx_HAL_Driver/Src/stm32f4xx_hal_uart.o
 .text.UART_Receive_IT
                0x0000000008006328      0x176 ./Drivers/STM32F4xx_HAL_Driver/Src/stm32f4xx_hal_uart.o
 *fill*         0x000000000800649e        0x2 
 .text.UART_SetConfig
                0x00000000080064a0      0x4e8 ./Drivers/STM32F4xx_HAL_Driver/Src/stm32f4xx_hal_uart.o
 .text.__cxa_pure_virtual
                0x0000000008006988        0x6 c:/st/stm32cubeide_1.10.0/stm32cubeide/plugins/com.st.stm32cube.ide.mcu.externaltools.gnu-tools-for-stm32.10.3-2021.10.win32_1.0.0.202111181127/tools/bin/../lib/gcc/arm-none-eabi/10.3.1/../../../../arm-none-eabi/lib/thumb/v7e-m+fp/hard\libstdc++_nano.a(pure.o)
                0x0000000008006988                __cxa_pure_virtual
 .text._ZN10__cxxabiv111__terminateEPFvvE
                0x000000000800698e        0x8 c:/st/stm32cubeide_1.10.0/stm32cubeide/plugins/com.st.stm32cube.ide.mcu.externaltools.gnu-tools-for-stm32.10.3-2021.10.win32_1.0.0.202111181127/tools/bin/../lib/gcc/arm-none-eabi/10.3.1/../../../../arm-none-eabi/lib/thumb/v7e-m+fp/hard\libstdc++_nano.a(eh_terminate.o)
                0x000000000800698e                __cxxabiv1::__terminate(void (*)())
 *fill*         0x0000000008006996        0x2 
 .text._ZSt13get_terminatev
                0x0000000008006998       0x10 c:/st/stm32cubeide_1.10.0/stm32cubeide/plugins/com.st.stm32cube.ide.mcu.externaltools.gnu-tools-for-stm32.10.3-2021.10.win32_1.0.0.202111181127/tools/bin/../lib/gcc/arm-none-eabi/10.3.1/../../../../arm-none-eabi/lib/thumb/v7e-m+fp/hard\libstdc++_nano.a(eh_terminate.o)
                0x0000000008006998                std::get_terminate()
 .text._ZSt9terminatev
                0x00000000080069a8        0xa c:/st/stm32cubeide_1.10.0/stm32cubeide/plugins/com.st.stm32cube.ide.mcu.externaltools.gnu-tools-for-stm32.10.3-2021.10.win32_1.0.0.202111181127/tools/bin/../lib/gcc/arm-none-eabi/10.3.1/../../../../arm-none-eabi/lib/thumb/v7e-m+fp/hard\libstdc++_nano.a(eh_terminate.o)
                0x00000000080069a8                std::terminate()
 .text.abort    0x00000000080069b2        0xe c:/st/stm32cubeide_1.10.0/stm32cubeide/plugins/com.st.stm32cube.ide.mcu.externaltools.gnu-tools-for-stm32.10.3-2021.10.win32_1.0.0.202111181127/tools/bin/../lib/gcc/arm-none-eabi/10.3.1/../../../../arm-none-eabi/lib/thumb/v7e-m+fp/hard\libc_nano.a(lib_a-abort.o)
                0x00000000080069b2                abort
 .text.__errno  0x00000000080069c0        0xc c:/st/stm32cubeide_1.10.0/stm32cubeide/plugins/com.st.stm32cube.ide.mcu.externaltools.gnu-tools-for-stm32.10.3-2021.10.win32_1.0.0.202111181127/tools/bin/../lib/gcc/arm-none-eabi/10.3.1/../../../../arm-none-eabi/lib/thumb/v7e-m+fp/hard\libc_nano.a(lib_a-errno.o)
                0x00000000080069c0                __errno
 .text.__libc_init_array
                0x00000000080069cc       0x48 c:/st/stm32cubeide_1.10.0/stm32cubeide/plugins/com.st.stm32cube.ide.mcu.externaltools.gnu-tools-for-stm32.10.3-2021.10.win32_1.0.0.202111181127/tools/bin/../lib/gcc/arm-none-eabi/10.3.1/../../../../arm-none-eabi/lib/thumb/v7e-m+fp/hard\libc_nano.a(lib_a-init.o)
                0x00000000080069cc                __libc_init_array
 .text.memcpy   0x0000000008006a14       0x1c c:/st/stm32cubeide_1.10.0/stm32cubeide/plugins/com.st.stm32cube.ide.mcu.externaltools.gnu-tools-for-stm32.10.3-2021.10.win32_1.0.0.202111181127/tools/bin/../lib/gcc/arm-none-eabi/10.3.1/../../../../arm-none-eabi/lib/thumb/v7e-m+fp/hard\libc_nano.a(lib_a-memcpy-stub.o)
                0x0000000008006a14                memcpy
 .text.memset   0x0000000008006a30       0x10 c:/st/stm32cubeide_1.10.0/stm32cubeide/plugins/com.st.stm32cube.ide.mcu.externaltools.gnu-tools-for-stm32.10.3-2021.10.win32_1.0.0.202111181127/tools/bin/../lib/gcc/arm-none-eabi/10.3.1/../../../../arm-none-eabi/lib/thumb/v7e-m+fp/hard\libc_nano.a(lib_a-memset.o)
                0x0000000008006a30                memset
 .text.realloc  0x0000000008006a40       0x10 c:/st/stm32cubeide_1.10.0/stm32cubeide/plugins/com.st.stm32cube.ide.mcu.externaltools.gnu-tools-for-stm32.10.3-2021.10.win32_1.0.0.202111181127/tools/bin/../lib/gcc/arm-none-eabi/10.3.1/../../../../arm-none-eabi/lib/thumb/v7e-m+fp/hard\libc_nano.a(lib_a-realloc.o)
                0x0000000008006a40                realloc
 .text._raise_r
                0x0000000008006a50       0x50 c:/st/stm32cubeide_1.10.0/stm32cubeide/plugins/com.st.stm32cube.ide.mcu.externaltools.gnu-tools-for-stm32.10.3-2021.10.win32_1.0.0.202111181127/tools/bin/../lib/gcc/arm-none-eabi/10.3.1/../../../../arm-none-eabi/lib/thumb/v7e-m+fp/hard\libc_nano.a(lib_a-signal.o)
                0x0000000008006a50                _raise_r
 .text.raise    0x0000000008006aa0       0x10 c:/st/stm32cubeide_1.10.0/stm32cubeide/plugins/com.st.stm32cube.ide.mcu.externaltools.gnu-tools-for-stm32.10.3-2021.10.win32_1.0.0.202111181127/tools/bin/../lib/gcc/arm-none-eabi/10.3.1/../../../../arm-none-eabi/lib/thumb/v7e-m+fp/hard\libc_nano.a(lib_a-signal.o)
                0x0000000008006aa0                raise
 .text._kill_r  0x0000000008006ab0       0x24 c:/st/stm32cubeide_1.10.0/stm32cubeide/plugins/com.st.stm32cube.ide.mcu.externaltools.gnu-tools-for-stm32.10.3-2021.10.win32_1.0.0.202111181127/tools/bin/../lib/gcc/arm-none-eabi/10.3.1/../../../../arm-none-eabi/lib/thumb/v7e-m+fp/hard\libc_nano.a(lib_a-signalr.o)
                0x0000000008006ab0                _kill_r
 .text._getpid_r
                0x0000000008006ad4        0x4 c:/st/stm32cubeide_1.10.0/stm32cubeide/plugins/com.st.stm32cube.ide.mcu.externaltools.gnu-tools-for-stm32.10.3-2021.10.win32_1.0.0.202111181127/tools/bin/../lib/gcc/arm-none-eabi/10.3.1/../../../../arm-none-eabi/lib/thumb/v7e-m+fp/hard\libc_nano.a(lib_a-signalr.o)
                0x0000000008006ad4                _getpid_r
 .text.sbrk_aligned
                0x0000000008006ad8       0x40 c:/st/stm32cubeide_1.10.0/stm32cubeide/plugins/com.st.stm32cube.ide.mcu.externaltools.gnu-tools-for-stm32.10.3-2021.10.win32_1.0.0.202111181127/tools/bin/../lib/gcc/arm-none-eabi/10.3.1/../../../../arm-none-eabi/lib/thumb/v7e-m+fp/hard\libc_nano.a(lib_a-nano-mallocr.o)
 .text._malloc_r
                0x0000000008006b18       0xe8 c:/st/stm32cubeide_1.10.0/stm32cubeide/plugins/com.st.stm32cube.ide.mcu.externaltools.gnu-tools-for-stm32.10.3-2021.10.win32_1.0.0.202111181127/tools/bin/../lib/gcc/arm-none-eabi/10.3.1/../../../../arm-none-eabi/lib/thumb/v7e-m+fp/hard\libc_nano.a(lib_a-nano-mallocr.o)
                0x0000000008006b18                _malloc_r
 .text._realloc_r
                0x0000000008006c00       0x5e c:/st/stm32cubeide_1.10.0/stm32cubeide/plugins/com.st.stm32cube.ide.mcu.externaltools.gnu-tools-for-stm32.10.3-2021.10.win32_1.0.0.202111181127/tools/bin/../lib/gcc/arm-none-eabi/10.3.1/../../../../arm-none-eabi/lib/thumb/v7e-m+fp/hard\libc_nano.a(lib_a-nano-reallocr.o)
                0x0000000008006c00                _realloc_r
 *fill*         0x0000000008006c5e        0x2 
 .text._sbrk_r  0x0000000008006c60       0x20 c:/st/stm32cubeide_1.10.0/stm32cubeide/plugins/com.st.stm32cube.ide.mcu.externaltools.gnu-tools-for-stm32.10.3-2021.10.win32_1.0.0.202111181127/tools/bin/../lib/gcc/arm-none-eabi/10.3.1/../../../../arm-none-eabi/lib/thumb/v7e-m+fp/hard\libc_nano.a(lib_a-sbrkr.o)
                0x0000000008006c60                _sbrk_r
 .text.__malloc_lock
                0x0000000008006c80        0xc c:/st/stm32cubeide_1.10.0/stm32cubeide/plugins/com.st.stm32cube.ide.mcu.externaltools.gnu-tools-for-stm32.10.3-2021.10.win32_1.0.0.202111181127/tools/bin/../lib/gcc/arm-none-eabi/10.3.1/../../../../arm-none-eabi/lib/thumb/v7e-m+fp/hard\libc_nano.a(lib_a-mlock.o)
                0x0000000008006c80                __malloc_lock
 .text.__malloc_unlock
                0x0000000008006c8c        0xc c:/st/stm32cubeide_1.10.0/stm32cubeide/plugins/com.st.stm32cube.ide.mcu.externaltools.gnu-tools-for-stm32.10.3-2021.10.win32_1.0.0.202111181127/tools/bin/../lib/gcc/arm-none-eabi/10.3.1/../../../../arm-none-eabi/lib/thumb/v7e-m+fp/hard\libc_nano.a(lib_a-mlock.o)
                0x0000000008006c8c                __malloc_unlock
 .text._free_r  0x0000000008006c98       0x98 c:/st/stm32cubeide_1.10.0/stm32cubeide/plugins/com.st.stm32cube.ide.mcu.externaltools.gnu-tools-for-stm32.10.3-2021.10.win32_1.0.0.202111181127/tools/bin/../lib/gcc/arm-none-eabi/10.3.1/../../../../arm-none-eabi/lib/thumb/v7e-m+fp/hard\libc_nano.a(lib_a-nano-freer.o)
                0x0000000008006c98                _free_r
 .text._malloc_usable_size_r
                0x0000000008006d30       0x10 c:/st/stm32cubeide_1.10.0/stm32cubeide/plugins/com.st.stm32cube.ide.mcu.externaltools.gnu-tools-for-stm32.10.3-2021.10.win32_1.0.0.202111181127/tools/bin/../lib/gcc/arm-none-eabi/10.3.1/../../../../arm-none-eabi/lib/thumb/v7e-m+fp/hard\libc_nano.a(lib_a-nano-msizer.o)
                0x0000000008006d30                _malloc_usable_size_r
 .text.__retarget_lock_acquire_recursive
                0x0000000008006d40        0x2 c:/st/stm32cubeide_1.10.0/stm32cubeide/plugins/com.st.stm32cube.ide.mcu.externaltools.gnu-tools-for-stm32.10.3-2021.10.win32_1.0.0.202111181127/tools/bin/../lib/gcc/arm-none-eabi/10.3.1/../../../../arm-none-eabi/lib/thumb/v7e-m+fp/hard\libc_nano.a(lib_a-lock.o)
                0x0000000008006d40                __retarget_lock_acquire_recursive
 .text.__retarget_lock_release_recursive
                0x0000000008006d42        0x2 c:/st/stm32cubeide_1.10.0/stm32cubeide/plugins/com.st.stm32cube.ide.mcu.externaltools.gnu-tools-for-stm32.10.3-2021.10.win32_1.0.0.202111181127/tools/bin/../lib/gcc/arm-none-eabi/10.3.1/../../../../arm-none-eabi/lib/thumb/v7e-m+fp/hard\libc_nano.a(lib_a-lock.o)
                0x0000000008006d42                __retarget_lock_release_recursive
 *(.glue_7)
 .glue_7        0x0000000008006d44        0x0 linker stubs
 *(.glue_7t)
 .glue_7t       0x0000000008006d44        0x0 linker stubs
 *(.eh_frame)
 .eh_frame      0x0000000008006d44        0x0 c:/st/stm32cubeide_1.10.0/stm32cubeide/plugins/com.st.stm32cube.ide.mcu.externaltools.gnu-tools-for-stm32.10.3-2021.10.win32_1.0.0.202111181127/tools/bin/../lib/gcc/arm-none-eabi/10.3.1/thumb/v7e-m+fp/hard/crtbegin.o
 *(.init)
 .init          0x0000000008006d44        0x4 c:/st/stm32cubeide_1.10.0/stm32cubeide/plugins/com.st.stm32cube.ide.mcu.externaltools.gnu-tools-for-stm32.10.3-2021.10.win32_1.0.0.202111181127/tools/bin/../lib/gcc/arm-none-eabi/10.3.1/thumb/v7e-m+fp/hard/crti.o
                0x0000000008006d44                _init
 .init          0x0000000008006d48        0x8 c:/st/stm32cubeide_1.10.0/stm32cubeide/plugins/com.st.stm32cube.ide.mcu.externaltools.gnu-tools-for-stm32.10.3-2021.10.win32_1.0.0.202111181127/tools/bin/../lib/gcc/arm-none-eabi/10.3.1/thumb/v7e-m+fp/hard/crtn.o
 *(.fini)
 .fini          0x0000000008006d50        0x4 c:/st/stm32cubeide_1.10.0/stm32cubeide/plugins/com.st.stm32cube.ide.mcu.externaltools.gnu-tools-for-stm32.10.3-2021.10.win32_1.0.0.202111181127/tools/bin/../lib/gcc/arm-none-eabi/10.3.1/thumb/v7e-m+fp/hard/crti.o
                0x0000000008006d50                _fini
 .fini          0x0000000008006d54        0x8 c:/st/stm32cubeide_1.10.0/stm32cubeide/plugins/com.st.stm32cube.ide.mcu.externaltools.gnu-tools-for-stm32.10.3-2021.10.win32_1.0.0.202111181127/tools/bin/../lib/gcc/arm-none-eabi/10.3.1/thumb/v7e-m+fp/hard/crtn.o
                0x0000000008006d5c                . = ALIGN (0x4)
                0x0000000008006d5c                _etext = .

.vfp11_veneer   0x0000000008006d5c        0x0
 .vfp11_veneer  0x0000000008006d5c        0x0 linker stubs

.v4_bx          0x0000000008006d5c        0x0
 .v4_bx         0x0000000008006d5c        0x0 linker stubs

.iplt           0x0000000008006d5c        0x0
 .iplt          0x0000000008006d5c        0x0 c:/st/stm32cubeide_1.10.0/stm32cubeide/plugins/com.st.stm32cube.ide.mcu.externaltools.gnu-tools-for-stm32.10.3-2021.10.win32_1.0.0.202111181127/tools/bin/../lib/gcc/arm-none-eabi/10.3.1/thumb/v7e-m+fp/hard/crtbegin.o

.rodata         0x0000000008006d5c      0x440
                0x0000000008006d5c                . = ALIGN (0x4)
 *(.rodata)
 .rodata        0x0000000008006d5c      0x14c ./Core/Src/mainpp.o
 *(.rodata*)
 .rodata.aucCRCHi
                0x0000000008006ea8      0x100 ./Core/Library/FreeModbus/mbcrc.o
 .rodata.aucCRCLo
                0x0000000008006fa8      0x100 ./Core/Library/FreeModbus/mbcrc.o
 .rodata._ZN14rosserial_msgsL12REQUESTPARAME
                0x00000000080070a8       0x1c ./Core/Src/mainpp.o
 .rodata._ZTVN3ros11NodeHandle_I13STM32HardwareLi25ELi25ELi512ELi512EEE
                0x00000000080070c4       0x14 ./Core/Src/mainpp.o
                0x00000000080070c4                vtable for ros::NodeHandle_<STM32Hardware, 25, 25, 512, 512>
 .rodata._ZTVN8std_msgs6StringE
                0x00000000080070d8       0x18 ./Core/Src/mainpp.o
                0x00000000080070d8                vtable for std_msgs::String
 .rodata._ZTVN3ros15NodeHandleBase_E
                0x00000000080070f0       0x14 ./Core/Src/mainpp.o
                0x00000000080070f0                vtable for ros::NodeHandleBase_
 .rodata._ZTVN14rosserial_msgs20RequestParamResponseE
                0x0000000008007104       0x18 ./Core/Src/mainpp.o
                0x0000000008007104                vtable for rosserial_msgs::RequestParamResponse
 .rodata._ZTVN14rosserial_msgs3LogE
                0x000000000800711c       0x18 ./Core/Src/mainpp.o
                0x000000000800711c                vtable for rosserial_msgs::Log
 .rodata._ZTVN14rosserial_msgs9TopicInfoE
                0x0000000008007134       0x18 ./Core/Src/mainpp.o
                0x0000000008007134                vtable for rosserial_msgs::TopicInfo
 .rodata._ZTVN8std_msgs4TimeE
                0x000000000800714c       0x18 ./Core/Src/mainpp.o
                0x000000000800714c                vtable for std_msgs::Time
 .rodata._ZTVN3ros3MsgE
                0x0000000008007164       0x18 ./Core/Src/mainpp.o
                0x0000000008007164                vtable for ros::Msg
 .rodata.AHBPrescTable
                0x000000000800717c       0x10 ./Core/Src/system_stm32f4xx.o
                0x000000000800717c                AHBPrescTable
 .rodata.APBPrescTable
                0x000000000800718c        0x8 ./Core/Src/system_stm32f4xx.o
                0x000000000800718c                APBPrescTable
 .rodata.flagBitshiftOffset.0
                0x0000000008007194        0x8 ./Drivers/STM32F4xx_HAL_Driver/Src/stm32f4xx_hal_dma.o
                0x000000000800719c                . = ALIGN (0x4)

.ARM.extab      0x000000000800719c        0x0
                0x000000000800719c                . = ALIGN (0x4)
 *(.ARM.extab* .gnu.linkonce.armextab.*)
                0x000000000800719c                . = ALIGN (0x4)

.ARM            0x000000000800719c        0x8
                0x000000000800719c                . = ALIGN (0x4)
                0x000000000800719c                __exidx_start = .
 *(.ARM.exidx*)
 .ARM.exidx     0x000000000800719c        0x8 c:/st/stm32cubeide_1.10.0/stm32cubeide/plugins/com.st.stm32cube.ide.mcu.externaltools.gnu-tools-for-stm32.10.3-2021.10.win32_1.0.0.202111181127/tools/bin/../lib/gcc/arm-none-eabi/10.3.1/thumb/v7e-m+fp/hard\libgcc.a(_udivmoddi4.o)
                0x00000000080071a4                __exidx_end = .
                0x00000000080071a4                . = ALIGN (0x4)

.rel.dyn        0x00000000080071a4        0x0
 .rel.iplt      0x00000000080071a4        0x0 c:/st/stm32cubeide_1.10.0/stm32cubeide/plugins/com.st.stm32cube.ide.mcu.externaltools.gnu-tools-for-stm32.10.3-2021.10.win32_1.0.0.202111181127/tools/bin/../lib/gcc/arm-none-eabi/10.3.1/thumb/v7e-m+fp/hard/crtbegin.o

.preinit_array  0x00000000080071a4        0x0
                0x00000000080071a4                . = ALIGN (0x4)
                0x00000000080071a4                PROVIDE (__preinit_array_start = .)
 *(.preinit_array*)
                0x00000000080071a4                PROVIDE (__preinit_array_end = .)
                0x00000000080071a4                . = ALIGN (0x4)

.init_array     0x00000000080071a4        0x8
                0x00000000080071a4                . = ALIGN (0x4)
                0x00000000080071a4                PROVIDE (__init_array_start = .)
 *(SORT_BY_NAME(.init_array.*))
 *(.init_array*)
 .init_array    0x00000000080071a4        0x4 c:/st/stm32cubeide_1.10.0/stm32cubeide/plugins/com.st.stm32cube.ide.mcu.externaltools.gnu-tools-for-stm32.10.3-2021.10.win32_1.0.0.202111181127/tools/bin/../lib/gcc/arm-none-eabi/10.3.1/thumb/v7e-m+fp/hard/crtbegin.o
 .init_array    0x00000000080071a8        0x4 ./Core/Src/mainpp.o
                0x00000000080071ac                PROVIDE (__init_array_end = .)
                0x00000000080071ac                . = ALIGN (0x4)

.fini_array     0x00000000080071ac        0x4
                0x00000000080071ac                . = ALIGN (0x4)
                [!provide]                        PROVIDE (__fini_array_start = .)
 *(SORT_BY_NAME(.fini_array.*))
 *(.fini_array*)
 .fini_array    0x00000000080071ac        0x4 c:/st/stm32cubeide_1.10.0/stm32cubeide/plugins/com.st.stm32cube.ide.mcu.externaltools.gnu-tools-for-stm32.10.3-2021.10.win32_1.0.0.202111181127/tools/bin/../lib/gcc/arm-none-eabi/10.3.1/thumb/v7e-m+fp/hard/crtbegin.o
                [!provide]                        PROVIDE (__fini_array_end = .)
                0x00000000080071b0                . = ALIGN (0x4)
                0x00000000080071b0                _sidata = LOADADDR (.data)

.data           0x0000000020000000       0x90 load address 0x00000000080071b0
                0x0000000020000000                . = ALIGN (0x4)
                0x0000000020000000                _sdata = .
 *(.data)
 *(.data*)
 .data.eMBState
                0x0000000020000000        0x1 ./Core/Library/FreeModbus/mb_m.o
 *fill*         0x0000000020000001        0x3 
 .data.hello    0x0000000020000004       0x18 ./Core/Src/mainpp.o
                0x0000000020000004                hello
 .data.SystemCoreClock
                0x000000002000001c        0x4 ./Core/Src/system_stm32f4xx.o
                0x000000002000001c                SystemCoreClock
 .data.uwTickPrio
                0x0000000020000020        0x4 ./Drivers/STM32F4xx_HAL_Driver/Src/stm32f4xx_hal.o
                0x0000000020000020                uwTickPrio
 .data.uwTickFreq
                0x0000000020000024        0x1 ./Drivers/STM32F4xx_HAL_Driver/Src/stm32f4xx_hal.o
                0x0000000020000024                uwTickFreq
 *fill*         0x0000000020000025        0x3 
 .data._ZN10__cxxabiv119__terminate_handlerE
                0x0000000020000028        0x4 c:/st/stm32cubeide_1.10.0/stm32cubeide/plugins/com.st.stm32cube.ide.mcu.externaltools.gnu-tools-for-stm32.10.3-2021.10.win32_1.0.0.202111181127/tools/bin/../lib/gcc/arm-none-eabi/10.3.1/../../../../arm-none-eabi/lib/thumb/v7e-m+fp/hard\libstdc++_nano.a(eh_term_handler.o)
                0x0000000020000028                __cxxabiv1::__terminate_handler
 .data._impure_ptr
                0x000000002000002c        0x4 c:/st/stm32cubeide_1.10.0/stm32cubeide/plugins/com.st.stm32cube.ide.mcu.externaltools.gnu-tools-for-stm32.10.3-2021.10.win32_1.0.0.202111181127/tools/bin/../lib/gcc/arm-none-eabi/10.3.1/../../../../arm-none-eabi/lib/thumb/v7e-m+fp/hard\libc_nano.a(lib_a-impure.o)
                0x000000002000002c                _impure_ptr
 .data.impure_data
                0x0000000020000030       0x60 c:/st/stm32cubeide_1.10.0/stm32cubeide/plugins/com.st.stm32cube.ide.mcu.externaltools.gnu-tools-for-stm32.10.3-2021.10.win32_1.0.0.202111181127/tools/bin/../lib/gcc/arm-none-eabi/10.3.1/../../../../arm-none-eabi/lib/thumb/v7e-m+fp/hard\libc_nano.a(lib_a-impure.o)
 *(.RamFunc)
 *(.RamFunc*)
                0x0000000020000090                . = ALIGN (0x4)
                0x0000000020000090                _edata = .
                0x0000000008007240                _siccmram = LOADADDR (.ccmram)

.igot.plt       0x0000000020000090        0x0 load address 0x0000000008007240
 .igot.plt      0x0000000020000090        0x0 c:/st/stm32cubeide_1.10.0/stm32cubeide/plugins/com.st.stm32cube.ide.mcu.externaltools.gnu-tools-for-stm32.10.3-2021.10.win32_1.0.0.202111181127/tools/bin/../lib/gcc/arm-none-eabi/10.3.1/thumb/v7e-m+fp/hard/crtbegin.o

.ccmram         0x0000000010000000        0x0 load address 0x0000000008007240
                0x0000000010000000                . = ALIGN (0x4)
                0x0000000010000000                _sccmram = .
 *(.ccmram)
 *(.ccmram*)
                0x0000000010000000                . = ALIGN (0x4)
                0x0000000010000000                _eccmram = .
                0x0000000010000000                . = ALIGN (0x4)

.bss            0x0000000020000090      0xd6c
                0x0000000020000090                _sbss = .
                0x0000000020000090                __bss_start__ = _sbss
 *(.bss)
 .bss           0x0000000020000090       0x1c c:/st/stm32cubeide_1.10.0/stm32cubeide/plugins/com.st.stm32cube.ide.mcu.externaltools.gnu-tools-for-stm32.10.3-2021.10.win32_1.0.0.202111181127/tools/bin/../lib/gcc/arm-none-eabi/10.3.1/thumb/v7e-m+fp/hard/crtbegin.o
 *(.bss*)
 .bss.eMBMasterCurErrorType
                0x00000000200000ac        0x1 ./Core/Library/FreeModbus/mb_m.o
 *fill*         0x00000000200000ad        0x3 
 .bss.peMBMasterFrameSendCur
                0x00000000200000b0        0x4 ./Core/Library/FreeModbus/mb_m.o
 .bss.pvMBMasterFrameStartCur
                0x00000000200000b4        0x4 ./Core/Library/FreeModbus/mb_m.o
 .bss.pvMBMasterFrameStopCur
                0x00000000200000b8        0x4 ./Core/Library/FreeModbus/mb_m.o
 .bss.peMBMasterFrameReceiveCur
                0x00000000200000bc        0x4 ./Core/Library/FreeModbus/mb_m.o
 .bss.pvMBMasterFrameCloseCur
                0x00000000200000c0        0x4 ./Core/Library/FreeModbus/mb_m.o
 .bss.pxMBMasterFrameCBByteReceived
                0x00000000200000c4        0x4 ./Core/Library/FreeModbus/mb_m.o
                0x00000000200000c4                pxMBMasterFrameCBByteReceived
 .bss.pxMBMasterFrameCBTransmitterEmpty
                0x00000000200000c8        0x4 ./Core/Library/FreeModbus/mb_m.o
                0x00000000200000c8                pxMBMasterFrameCBTransmitterEmpty
 .bss.pxMBMasterPortCBTimerExpired
                0x00000000200000cc        0x4 ./Core/Library/FreeModbus/mb_m.o
                0x00000000200000cc                pxMBMasterPortCBTimerExpired
 .bss.eSndState
                0x00000000200000d0        0x1 ./Core/Library/FreeModbus/mbrtu_m.o
 .bss.eRcvState
                0x00000000200000d1        0x1 ./Core/Library/FreeModbus/mbrtu_m.o
 *fill*         0x00000000200000d2        0x2 
 .bss.ucMasterRTUSndBuf
                0x00000000200000d4       0xfd ./Core/Library/FreeModbus/mbrtu_m.o
 *fill*         0x00000000200001d1        0x3 
 .bss.ucMasterRTURcvBuf
                0x00000000200001d4      0x100 ./Core/Library/FreeModbus/mbrtu_m.o
 .bss.pucMasterSndBufferCur
                0x00000000200002d4        0x4 ./Core/Library/FreeModbus/mbrtu_m.o
 .bss.usMasterSndBufferCount
                0x00000000200002d8        0x2 ./Core/Library/FreeModbus/mbrtu_m.o
 .bss.usMasterRcvBufferPos
                0x00000000200002da        0x2 ./Core/Library/FreeModbus/mbrtu_m.o
 .bss.xFrameIsBroadcast
                0x00000000200002dc        0x1 ./Core/Library/FreeModbus/mbrtu_m.o
 .bss.eMasterCurTimerMode
                0x00000000200002dd        0x1 ./Core/Library/FreeModbus/mbrtu_m.o
 *fill*         0x00000000200002de        0x2 
 .bss.lock_count
                0x00000000200002e0        0x4 ./Core/Library/FreeModbus/portcritical.o
 .bss.eQueuedEvent
                0x00000000200002e4        0x2 ./Core/Library/FreeModbus/portevent_m.o
 .bss.xEventInQueue
                0x00000000200002e6        0x1 ./Core/Library/FreeModbus/portevent_m.o
 *fill*         0x00000000200002e7        0x1 
 .bss.uart      0x00000000200002e8        0x4 ./Core/Library/FreeModbus/portserial_m.o
                0x00000000200002e8                uart
 .bss.singlechar
                0x00000000200002ec        0x1 ./Core/Library/FreeModbus/portserial_m.o
 *fill*         0x00000000200002ed        0x3 
 .bss.tim       0x00000000200002f0        0x4 ./Core/Library/FreeModbus/porttimer_m.o
                0x00000000200002f0                tim
 .bss.timeout   0x00000000200002f4        0x2 ./Core/Library/FreeModbus/porttimer_m.o
 .bss.counter   0x00000000200002f6        0x2 ./Core/Library/FreeModbus/porttimer_m.o
                0x00000000200002f6                counter
 .bss.htim2     0x00000000200002f8       0x48 ./Core/Src/main.o
                0x00000000200002f8                htim2
 .bss.huart1    0x0000000020000340       0x44 ./Core/Src/main.o
                0x0000000020000340                huart1
 .bss.huart3    0x0000000020000384       0x44 ./Core/Src/main.o
                0x0000000020000384                huart3
 .bss.hdma_usart1_rx
                0x00000000200003c8       0x60 ./Core/Src/main.o
                0x00000000200003c8                hdma_usart1_rx
 .bss.hdma_usart1_tx
                0x0000000020000428       0x60 ./Core/Src/main.o
                0x0000000020000428                hdma_usart1_tx
 .bss._ZZN13STM32Hardware5flushEvE5mutex
                0x0000000020000488        0x1 ./Core/Src/mainpp.o
                0x0000000020000488                STM32Hardware::flush()::mutex
 *fill*         0x0000000020000489        0x3 
 .bss.nh        0x000000002000048c      0x93c ./Core/Src/mainpp.o
                0x000000002000048c                nh
 .bss.str_msg   0x0000000020000dc8        0x8 ./Core/Src/mainpp.o
                0x0000000020000dc8                str_msg
 .bss.chatter   0x0000000020000dd0       0x14 ./Core/Src/mainpp.o
                0x0000000020000dd0                chatter
 .bss.__sbrk_heap_end
                0x0000000020000de4        0x4 ./Core/Src/sysmem.o
 .bss.uwTick    0x0000000020000de8        0x4 ./Drivers/STM32F4xx_HAL_Driver/Src/stm32f4xx_hal.o
                0x0000000020000de8                uwTick
 .bss.__malloc_free_list
                0x0000000020000dec        0x4 c:/st/stm32cubeide_1.10.0/stm32cubeide/plugins/com.st.stm32cube.ide.mcu.externaltools.gnu-tools-for-stm32.10.3-2021.10.win32_1.0.0.202111181127/tools/bin/../lib/gcc/arm-none-eabi/10.3.1/../../../../arm-none-eabi/lib/thumb/v7e-m+fp/hard\libc_nano.a(lib_a-nano-mallocr.o)
                0x0000000020000dec                __malloc_free_list
 .bss.__malloc_sbrk_start
                0x0000000020000df0        0x4 c:/st/stm32cubeide_1.10.0/stm32cubeide/plugins/com.st.stm32cube.ide.mcu.externaltools.gnu-tools-for-stm32.10.3-2021.10.win32_1.0.0.202111181127/tools/bin/../lib/gcc/arm-none-eabi/10.3.1/../../../../arm-none-eabi/lib/thumb/v7e-m+fp/hard\libc_nano.a(lib_a-nano-mallocr.o)
                0x0000000020000df0                __malloc_sbrk_start
 .bss.errno     0x0000000020000df4        0x4 c:/st/stm32cubeide_1.10.0/stm32cubeide/plugins/com.st.stm32cube.ide.mcu.externaltools.gnu-tools-for-stm32.10.3-2021.10.win32_1.0.0.202111181127/tools/bin/../lib/gcc/arm-none-eabi/10.3.1/../../../../arm-none-eabi/lib/thumb/v7e-m+fp/hard\libc_nano.a(lib_a-reent.o)
                0x0000000020000df4                errno
 .bss.__lock___malloc_recursive_mutex
                0x0000000020000df8        0x1 c:/st/stm32cubeide_1.10.0/stm32cubeide/plugins/com.st.stm32cube.ide.mcu.externaltools.gnu-tools-for-stm32.10.3-2021.10.win32_1.0.0.202111181127/tools/bin/../lib/gcc/arm-none-eabi/10.3.1/../../../../arm-none-eabi/lib/thumb/v7e-m+fp/hard\libc_nano.a(lib_a-lock.o)
                0x0000000020000df8                __lock___malloc_recursive_mutex
 *(COMMON)
                0x0000000020000dfc                . = ALIGN (0x4)
 *fill*         0x0000000020000df9        0x3 
                0x0000000020000dfc                _ebss = .
                0x0000000020000dfc                __bss_end__ = _ebss

._user_heap_stack
                0x0000000020000dfc      0x604
                0x0000000020000e00                . = ALIGN (0x8)
 *fill*         0x0000000020000dfc        0x4 
                [!provide]                        PROVIDE (end = .)
                0x0000000020000e00                PROVIDE (_end = .)
                0x0000000020001000                . = (. + _Min_Heap_Size)
 *fill*         0x0000000020000e00      0x200 
                0x0000000020001400                . = (. + _Min_Stack_Size)
 *fill*         0x0000000020001000      0x400 
                0x0000000020001400                . = ALIGN (0x8)

/DISCARD/
 libc.a(*)
 libm.a(*)
 libgcc.a(*)

.ARM.attributes
                0x0000000000000000       0x30
 *(.ARM.attributes)
 .ARM.attributes
                0x0000000000000000       0x1e c:/st/stm32cubeide_1.10.0/stm32cubeide/plugins/com.st.stm32cube.ide.mcu.externaltools.gnu-tools-for-stm32.10.3-2021.10.win32_1.0.0.202111181127/tools/bin/../lib/gcc/arm-none-eabi/10.3.1/thumb/v7e-m+fp/hard/crti.o
 .ARM.attributes
                0x000000000000001e       0x34 c:/st/stm32cubeide_1.10.0/stm32cubeide/plugins/com.st.stm32cube.ide.mcu.externaltools.gnu-tools-for-stm32.10.3-2021.10.win32_1.0.0.202111181127/tools/bin/../lib/gcc/arm-none-eabi/10.3.1/thumb/v7e-m+fp/hard/crtbegin.o
 .ARM.attributes
                0x0000000000000052       0x34 ./Core/Library/FreeModbus/mb_m.o
 .ARM.attributes
                0x0000000000000086       0x34 ./Core/Library/FreeModbus/mbcrc.o
 .ARM.attributes
                0x00000000000000ba       0x34 ./Core/Library/FreeModbus/mbrtu_m.o
 .ARM.attributes
                0x00000000000000ee       0x34 ./Core/Library/FreeModbus/portcritical.o
 .ARM.attributes
                0x0000000000000122       0x34 ./Core/Library/FreeModbus/portevent_m.o
 .ARM.attributes
                0x0000000000000156       0x34 ./Core/Library/FreeModbus/portserial_m.o
 .ARM.attributes
                0x000000000000018a       0x34 ./Core/Library/FreeModbus/porttimer_m.o
 .ARM.attributes
                0x00000000000001be       0x34 ./Core/Src/main.o
 .ARM.attributes
                0x00000000000001f2       0x34 ./Core/Src/mainpp.o
 .ARM.attributes
                0x0000000000000226       0x34 ./Core/Src/stm32f4xx_hal_msp.o
 .ARM.attributes
                0x000000000000025a       0x34 ./Core/Src/stm32f4xx_it.o
 .ARM.attributes
                0x000000000000028e       0x34 ./Core/Src/syscalls.o
 .ARM.attributes
                0x00000000000002c2       0x34 ./Core/Src/sysmem.o
 .ARM.attributes
                0x00000000000002f6       0x34 ./Core/Src/system_stm32f4xx.o
 .ARM.attributes
                0x000000000000032a       0x34 ./Core/Src/time.o
 .ARM.attributes
                0x000000000000035e       0x21 ./Core/Startup/startup_stm32f407zgtx.o
 .ARM.attributes
                0x000000000000037f       0x34 ./Drivers/STM32F4xx_HAL_Driver/Src/stm32f4xx_hal.o
 .ARM.attributes
                0x00000000000003b3       0x34 ./Drivers/STM32F4xx_HAL_Driver/Src/stm32f4xx_hal_cortex.o
 .ARM.attributes
                0x00000000000003e7       0x34 ./Drivers/STM32F4xx_HAL_Driver/Src/stm32f4xx_hal_dma.o
 .ARM.attributes
                0x000000000000041b       0x34 ./Drivers/STM32F4xx_HAL_Driver/Src/stm32f4xx_hal_gpio.o
 .ARM.attributes
                0x000000000000044f       0x34 ./Drivers/STM32F4xx_HAL_Driver/Src/stm32f4xx_hal_rcc.o
 .ARM.attributes
                0x0000000000000483       0x34 ./Drivers/STM32F4xx_HAL_Driver/Src/stm32f4xx_hal_tim.o
 .ARM.attributes
                0x00000000000004b7       0x34 ./Drivers/STM32F4xx_HAL_Driver/Src/stm32f4xx_hal_tim_ex.o
 .ARM.attributes
                0x00000000000004eb       0x34 ./Drivers/STM32F4xx_HAL_Driver/Src/stm32f4xx_hal_uart.o
 .ARM.attributes
                0x000000000000051f       0x34 c:/st/stm32cubeide_1.10.0/stm32cubeide/plugins/com.st.stm32cube.ide.mcu.externaltools.gnu-tools-for-stm32.10.3-2021.10.win32_1.0.0.202111181127/tools/bin/../lib/gcc/arm-none-eabi/10.3.1/../../../../arm-none-eabi/lib/thumb/v7e-m+fp/hard\libstdc++_nano.a(pure.o)
 .ARM.attributes
                0x0000000000000553       0x34 c:/st/stm32cubeide_1.10.0/stm32cubeide/plugins/com.st.stm32cube.ide.mcu.externaltools.gnu-tools-for-stm32.10.3-2021.10.win32_1.0.0.202111181127/tools/bin/../lib/gcc/arm-none-eabi/10.3.1/../../../../arm-none-eabi/lib/thumb/v7e-m+fp/hard\libstdc++_nano.a(eh_terminate.o)
 .ARM.attributes
                0x0000000000000587       0x34 c:/st/stm32cubeide_1.10.0/stm32cubeide/plugins/com.st.stm32cube.ide.mcu.externaltools.gnu-tools-for-stm32.10.3-2021.10.win32_1.0.0.202111181127/tools/bin/../lib/gcc/arm-none-eabi/10.3.1/../../../../arm-none-eabi/lib/thumb/v7e-m+fp/hard\libstdc++_nano.a(eh_term_handler.o)
 .ARM.attributes
                0x00000000000005bb       0x34 c:/st/stm32cubeide_1.10.0/stm32cubeide/plugins/com.st.stm32cube.ide.mcu.externaltools.gnu-tools-for-stm32.10.3-2021.10.win32_1.0.0.202111181127/tools/bin/../lib/gcc/arm-none-eabi/10.3.1/../../../../arm-none-eabi/lib/thumb/v7e-m+fp/hard\libc_nano.a(lib_a-abort.o)
 .ARM.attributes
                0x00000000000005ef       0x34 c:/st/stm32cubeide_1.10.0/stm32cubeide/plugins/com.st.stm32cube.ide.mcu.externaltools.gnu-tools-for-stm32.10.3-2021.10.win32_1.0.0.202111181127/tools/bin/../lib/gcc/arm-none-eabi/10.3.1/../../../../arm-none-eabi/lib/thumb/v7e-m+fp/hard\libc_nano.a(lib_a-errno.o)
 .ARM.attributes
                0x0000000000000623       0x34 c:/st/stm32cubeide_1.10.0/stm32cubeide/plugins/com.st.stm32cube.ide.mcu.externaltools.gnu-tools-for-stm32.10.3-2021.10.win32_1.0.0.202111181127/tools/bin/../lib/gcc/arm-none-eabi/10.3.1/../../../../arm-none-eabi/lib/thumb/v7e-m+fp/hard\libc_nano.a(lib_a-impure.o)
 .ARM.attributes
                0x0000000000000657       0x34 c:/st/stm32cubeide_1.10.0/stm32cubeide/plugins/com.st.stm32cube.ide.mcu.externaltools.gnu-tools-for-stm32.10.3-2021.10.win32_1.0.0.202111181127/tools/bin/../lib/gcc/arm-none-eabi/10.3.1/../../../../arm-none-eabi/lib/thumb/v7e-m+fp/hard\libc_nano.a(lib_a-init.o)
 .ARM.attributes
                0x000000000000068b       0x34 c:/st/stm32cubeide_1.10.0/stm32cubeide/plugins/com.st.stm32cube.ide.mcu.externaltools.gnu-tools-for-stm32.10.3-2021.10.win32_1.0.0.202111181127/tools/bin/../lib/gcc/arm-none-eabi/10.3.1/../../../../arm-none-eabi/lib/thumb/v7e-m+fp/hard\libc_nano.a(lib_a-memcpy-stub.o)
 .ARM.attributes
                0x00000000000006bf       0x34 c:/st/stm32cubeide_1.10.0/stm32cubeide/plugins/com.st.stm32cube.ide.mcu.externaltools.gnu-tools-for-stm32.10.3-2021.10.win32_1.0.0.202111181127/tools/bin/../lib/gcc/arm-none-eabi/10.3.1/../../../../arm-none-eabi/lib/thumb/v7e-m+fp/hard\libc_nano.a(lib_a-memset.o)
 .ARM.attributes
                0x00000000000006f3       0x34 c:/st/stm32cubeide_1.10.0/stm32cubeide/plugins/com.st.stm32cube.ide.mcu.externaltools.gnu-tools-for-stm32.10.3-2021.10.win32_1.0.0.202111181127/tools/bin/../lib/gcc/arm-none-eabi/10.3.1/../../../../arm-none-eabi/lib/thumb/v7e-m+fp/hard\libc_nano.a(lib_a-realloc.o)
 .ARM.attributes
                0x0000000000000727       0x34 c:/st/stm32cubeide_1.10.0/stm32cubeide/plugins/com.st.stm32cube.ide.mcu.externaltools.gnu-tools-for-stm32.10.3-2021.10.win32_1.0.0.202111181127/tools/bin/../lib/gcc/arm-none-eabi/10.3.1/../../../../arm-none-eabi/lib/thumb/v7e-m+fp/hard\libc_nano.a(lib_a-signal.o)
 .ARM.attributes
                0x000000000000075b       0x34 c:/st/stm32cubeide_1.10.0/stm32cubeide/plugins/com.st.stm32cube.ide.mcu.externaltools.gnu-tools-for-stm32.10.3-2021.10.win32_1.0.0.202111181127/tools/bin/../lib/gcc/arm-none-eabi/10.3.1/../../../../arm-none-eabi/lib/thumb/v7e-m+fp/hard\libc_nano.a(lib_a-signalr.o)
 .ARM.attributes
                0x000000000000078f       0x17 c:/st/stm32cubeide_1.10.0/stm32cubeide/plugins/com.st.stm32cube.ide.mcu.externaltools.gnu-tools-for-stm32.10.3-2021.10.win32_1.0.0.202111181127/tools/bin/../lib/gcc/arm-none-eabi/10.3.1/../../../../arm-none-eabi/lib/thumb/v7e-m+fp/hard\libc_nano.a(lib_a-strlen.o)
 .ARM.attributes
                0x00000000000007a6       0x34 c:/st/stm32cubeide_1.10.0/stm32cubeide/plugins/com.st.stm32cube.ide.mcu.externaltools.gnu-tools-for-stm32.10.3-2021.10.win32_1.0.0.202111181127/tools/bin/../lib/gcc/arm-none-eabi/10.3.1/../../../../arm-none-eabi/lib/thumb/v7e-m+fp/hard\libc_nano.a(lib_a-nano-mallocr.o)
 .ARM.attributes
                0x00000000000007da       0x34 c:/st/stm32cubeide_1.10.0/stm32cubeide/plugins/com.st.stm32cube.ide.mcu.externaltools.gnu-tools-for-stm32.10.3-2021.10.win32_1.0.0.202111181127/tools/bin/../lib/gcc/arm-none-eabi/10.3.1/../../../../arm-none-eabi/lib/thumb/v7e-m+fp/hard\libc_nano.a(lib_a-nano-reallocr.o)
 .ARM.attributes
                0x000000000000080e       0x34 c:/st/stm32cubeide_1.10.0/stm32cubeide/plugins/com.st.stm32cube.ide.mcu.externaltools.gnu-tools-for-stm32.10.3-2021.10.win32_1.0.0.202111181127/tools/bin/../lib/gcc/arm-none-eabi/10.3.1/../../../../arm-none-eabi/lib/thumb/v7e-m+fp/hard\libc_nano.a(lib_a-reent.o)
 .ARM.attributes
                0x0000000000000842       0x34 c:/st/stm32cubeide_1.10.0/stm32cubeide/plugins/com.st.stm32cube.ide.mcu.externaltools.gnu-tools-for-stm32.10.3-2021.10.win32_1.0.0.202111181127/tools/bin/../lib/gcc/arm-none-eabi/10.3.1/../../../../arm-none-eabi/lib/thumb/v7e-m+fp/hard\libc_nano.a(lib_a-sbrkr.o)
 .ARM.attributes
                0x0000000000000876       0x34 c:/st/stm32cubeide_1.10.0/stm32cubeide/plugins/com.st.stm32cube.ide.mcu.externaltools.gnu-tools-for-stm32.10.3-2021.10.win32_1.0.0.202111181127/tools/bin/../lib/gcc/arm-none-eabi/10.3.1/../../../../arm-none-eabi/lib/thumb/v7e-m+fp/hard\libc_nano.a(lib_a-mlock.o)
 .ARM.attributes
                0x00000000000008aa       0x34 c:/st/stm32cubeide_1.10.0/stm32cubeide/plugins/com.st.stm32cube.ide.mcu.externaltools.gnu-tools-for-stm32.10.3-2021.10.win32_1.0.0.202111181127/tools/bin/../lib/gcc/arm-none-eabi/10.3.1/../../../../arm-none-eabi/lib/thumb/v7e-m+fp/hard\libc_nano.a(lib_a-nano-freer.o)
 .ARM.attributes
                0x00000000000008de       0x34 c:/st/stm32cubeide_1.10.0/stm32cubeide/plugins/com.st.stm32cube.ide.mcu.externaltools.gnu-tools-for-stm32.10.3-2021.10.win32_1.0.0.202111181127/tools/bin/../lib/gcc/arm-none-eabi/10.3.1/../../../../arm-none-eabi/lib/thumb/v7e-m+fp/hard\libc_nano.a(lib_a-nano-msizer.o)
 .ARM.attributes
                0x0000000000000912       0x34 c:/st/stm32cubeide_1.10.0/stm32cubeide/plugins/com.st.stm32cube.ide.mcu.externaltools.gnu-tools-for-stm32.10.3-2021.10.win32_1.0.0.202111181127/tools/bin/../lib/gcc/arm-none-eabi/10.3.1/../../../../arm-none-eabi/lib/thumb/v7e-m+fp/hard\libc_nano.a(lib_a-lock.o)
 .ARM.attributes
                0x0000000000000946       0x1e c:/st/stm32cubeide_1.10.0/stm32cubeide/plugins/com.st.stm32cube.ide.mcu.externaltools.gnu-tools-for-stm32.10.3-2021.10.win32_1.0.0.202111181127/tools/bin/../lib/gcc/arm-none-eabi/10.3.1/thumb/v7e-m+fp/hard\libgcc.a(_aeabi_uldivmod.o)
 .ARM.attributes
                0x0000000000000964       0x34 c:/st/stm32cubeide_1.10.0/stm32cubeide/plugins/com.st.stm32cube.ide.mcu.externaltools.gnu-tools-for-stm32.10.3-2021.10.win32_1.0.0.202111181127/tools/bin/../lib/gcc/arm-none-eabi/10.3.1/thumb/v7e-m+fp/hard\libgcc.a(_udivmoddi4.o)
 .ARM.attributes
                0x0000000000000998       0x1e c:/st/stm32cubeide_1.10.0/stm32cubeide/plugins/com.st.stm32cube.ide.mcu.externaltools.gnu-tools-for-stm32.10.3-2021.10.win32_1.0.0.202111181127/tools/bin/../lib/gcc/arm-none-eabi/10.3.1/thumb/v7e-m+fp/hard\libgcc.a(_dvmd_tls.o)
 .ARM.attributes
                0x00000000000009b6       0x1e c:/st/stm32cubeide_1.10.0/stm32cubeide/plugins/com.st.stm32cube.ide.mcu.externaltools.gnu-tools-for-stm32.10.3-2021.10.win32_1.0.0.202111181127/tools/bin/../lib/gcc/arm-none-eabi/10.3.1/thumb/v7e-m+fp/hard/crtn.o
OUTPUT(0809_RTU_ROS_2.elf elf32-littlearm)
LOAD linker stubs
LOAD c:/st/stm32cubeide_1.10.0/stm32cubeide/plugins/com.st.stm32cube.ide.mcu.externaltools.gnu-tools-for-stm32.10.3-2021.10.win32_1.0.0.202111181127/tools/bin/../lib/gcc/arm-none-eabi/10.3.1/../../../../arm-none-eabi/lib/thumb/v7e-m+fp/hard\libc.a
LOAD c:/st/stm32cubeide_1.10.0/stm32cubeide/plugins/com.st.stm32cube.ide.mcu.externaltools.gnu-tools-for-stm32.10.3-2021.10.win32_1.0.0.202111181127/tools/bin/../lib/gcc/arm-none-eabi/10.3.1/../../../../arm-none-eabi/lib/thumb/v7e-m+fp/hard\libm.a
LOAD c:/st/stm32cubeide_1.10.0/stm32cubeide/plugins/com.st.stm32cube.ide.mcu.externaltools.gnu-tools-for-stm32.10.3-2021.10.win32_1.0.0.202111181127/tools/bin/../lib/gcc/arm-none-eabi/10.3.1/thumb/v7e-m+fp/hard\libgcc.a

.debug_info     0x0000000000000000    0x1773e
 .debug_info    0x0000000000000000      0x99e ./Core/Library/FreeModbus/mb_m.o
 .debug_info    0x000000000000099e      0x158 ./Core/Library/FreeModbus/mbcrc.o
 .debug_info    0x0000000000000af6      0x719 ./Core/Library/FreeModbus/mbrtu_m.o
 .debug_info    0x000000000000120f      0x101 ./Core/Library/FreeModbus/portcritical.o
 .debug_info    0x0000000000001310      0x3a3 ./Core/Library/FreeModbus/portevent_m.o
 .debug_info    0x00000000000016b3      0x82c ./Core/Library/FreeModbus/portserial_m.o
 .debug_info    0x0000000000001edf      0x848 ./Core/Library/FreeModbus/porttimer_m.o
 .debug_info    0x0000000000002727     0x1459 ./Core/Src/main.o
 .debug_info    0x0000000000003b80     0x5297 ./Core/Src/mainpp.o
 .debug_info    0x0000000000008e17     0x1049 ./Core/Src/stm32f4xx_hal_msp.o
 .debug_info    0x0000000000009e60      0xa4e ./Core/Src/stm32f4xx_it.o
 .debug_info    0x000000000000a8ae      0x6e0 ./Core/Src/syscalls.o
 .debug_info    0x000000000000af8e      0x171 ./Core/Src/sysmem.o
 .debug_info    0x000000000000b0ff      0x523 ./Core/Src/system_stm32f4xx.o
 .debug_info    0x000000000000b622     0x1bea ./Core/Src/time.o
 .debug_info    0x000000000000d20c       0x22 ./Core/Startup/startup_stm32f407zgtx.o
 .debug_info    0x000000000000d22e      0x97c ./Drivers/STM32F4xx_HAL_Driver/Src/stm32f4xx_hal.o
 .debug_info    0x000000000000dbaa      0xe1b ./Drivers/STM32F4xx_HAL_Driver/Src/stm32f4xx_hal_cortex.o
 .debug_info    0x000000000000e9c5      0x94f ./Drivers/STM32F4xx_HAL_Driver/Src/stm32f4xx_hal_dma.o
 .debug_info    0x000000000000f314      0x76a ./Drivers/STM32F4xx_HAL_Driver/Src/stm32f4xx_hal_gpio.o
 .debug_info    0x000000000000fa7e      0x966 ./Drivers/STM32F4xx_HAL_Driver/Src/stm32f4xx_hal_rcc.o
 .debug_info    0x00000000000103e4     0x2bbe ./Drivers/STM32F4xx_HAL_Driver/Src/stm32f4xx_hal_tim.o
 .debug_info    0x0000000000012fa2     0x15e0 ./Drivers/STM32F4xx_HAL_Driver/Src/stm32f4xx_hal_tim_ex.o
 .debug_info    0x0000000000014582     0x31bc ./Drivers/STM32F4xx_HAL_Driver/Src/stm32f4xx_hal_uart.o

.debug_abbrev   0x0000000000000000     0x33ae
 .debug_abbrev  0x0000000000000000      0x297 ./Core/Library/FreeModbus/mb_m.o